Archive member included to satisfy reference by file (symbol)

/usr/lib/gcc/arm-none-eabi/14.2.1/thumb/v6-m/nofp/libgcc.a(_dvmd_tls.o)
                              CMakeFiles/lab5_red.dir/home/Tashifeen/pico-sdk/src/rp2_common/pico_divider/divider_hardware.S.o (__aeabi_idiv0)
/usr/lib/gcc/arm-none-eabi/14.2.1/../../../arm-none-eabi/lib/thumb/v6-m/nofp/libg.a(libc_a-strlen-stub.o)
                              CMakeFiles/lab5_red.dir/home/Tashifeen/pico-sdk/src/rp2_common/pico_stdio/stdio.c.o (strlen)
/usr/lib/gcc/arm-none-eabi/14.2.1/../../../arm-none-eabi/lib/thumb/v6-m/nofp/libg.a(libc_a-fini.o)
                              /usr/lib/gcc/arm-none-eabi/14.2.1/../../../arm-none-eabi/lib/thumb/v6-m/nofp/crt0.o (__libc_fini_array)
/usr/lib/gcc/arm-none-eabi/14.2.1/../../../arm-none-eabi/lib/thumb/v6-m/nofp/libg.a(libc_a-strncmp.o)
                              CMakeFiles/lab5_red.dir/home/Tashifeen/pico-sdk/lib/cyw43-driver/src/cyw43_ll.c.o (strncmp)
/usr/lib/gcc/arm-none-eabi/14.2.1/../../../arm-none-eabi/lib/thumb/v6-m/nofp/libg.a(libc_a-memmove.o)
                              CMakeFiles/lab5_red.dir/home/Tashifeen/pico-sdk/lib/cyw43-driver/src/cyw43_ll.c.o (memmove)
/usr/lib/gcc/arm-none-eabi/14.2.1/../../../arm-none-eabi/lib/thumb/v6-m/nofp/libg.a(libc_a-calloc.o)
                              CMakeFiles/lab5_red.dir/home/Tashifeen/pico-sdk/src/rp2_common/pico_malloc/malloc.c.o (calloc)
/usr/lib/gcc/arm-none-eabi/14.2.1/../../../arm-none-eabi/lib/thumb/v6-m/nofp/libg.a(libc_a-callocr.o)
                              /usr/lib/gcc/arm-none-eabi/14.2.1/../../../arm-none-eabi/lib/thumb/v6-m/nofp/libg.a(libc_a-calloc.o) (_calloc_r)
/usr/lib/gcc/arm-none-eabi/14.2.1/../../../arm-none-eabi/lib/thumb/v6-m/nofp/libg.a(libc_a-realloc.o)
                              CMakeFiles/lab5_red.dir/home/Tashifeen/pico-sdk/src/rp2_common/pico_malloc/malloc.c.o (realloc)
/usr/lib/gcc/arm-none-eabi/14.2.1/../../../arm-none-eabi/lib/thumb/v6-m/nofp/libg.a(libc_a-mallocr.o)
                              /usr/lib/gcc/arm-none-eabi/14.2.1/../../../arm-none-eabi/lib/thumb/v6-m/nofp/libg.a(libc_a-callocr.o) (_malloc_r)
/usr/lib/gcc/arm-none-eabi/14.2.1/../../../arm-none-eabi/lib/thumb/v6-m/nofp/libg.a(libc_a-freer.o)
                              /usr/lib/gcc/arm-none-eabi/14.2.1/../../../arm-none-eabi/lib/thumb/v6-m/nofp/libg.a(libc_a-mallocr.o) (_free_r)
/usr/lib/gcc/arm-none-eabi/14.2.1/../../../arm-none-eabi/lib/thumb/v6-m/nofp/libg.a(libc_a-memcmp.o)
                              CMakeFiles/lab5_red.dir/home/Tashifeen/pico-sdk/src/rp2_common/pico_atomic/atomic.c.o (memcmp)
/usr/lib/gcc/arm-none-eabi/14.2.1/../../../arm-none-eabi/lib/thumb/v6-m/nofp/libg.a(libc_a-errno.o)
                              /usr/lib/gcc/arm-none-eabi/14.2.1/../../../arm-none-eabi/lib/thumb/v6-m/nofp/libg.a(libc_a-callocr.o) (__errno)
/usr/lib/gcc/arm-none-eabi/14.2.1/../../../arm-none-eabi/lib/thumb/v6-m/nofp/libg.a(libc_a-malloc.o)
                              CMakeFiles/lab5_red.dir/home/Tashifeen/pico-sdk/src/rp2_common/pico_malloc/malloc.c.o (malloc)
/usr/lib/gcc/arm-none-eabi/14.2.1/../../../arm-none-eabi/lib/thumb/v6-m/nofp/libg.a(libc_a-reallocr.o)
                              /usr/lib/gcc/arm-none-eabi/14.2.1/../../../arm-none-eabi/lib/thumb/v6-m/nofp/libg.a(libc_a-realloc.o) (_realloc_r)
/usr/lib/gcc/arm-none-eabi/14.2.1/../../../arm-none-eabi/lib/thumb/v6-m/nofp/libg.a(libc_a-mktime.o)
                              CMakeFiles/lab5_red.dir/home/Tashifeen/pico-sdk/src/common/pico_util/datetime.c.o (mktime)
/usr/lib/gcc/arm-none-eabi/14.2.1/../../../arm-none-eabi/lib/thumb/v6-m/nofp/libg.a(libc_a-mlock.o)
                              /usr/lib/gcc/arm-none-eabi/14.2.1/../../../arm-none-eabi/lib/thumb/v6-m/nofp/libg.a(libc_a-mallocr.o) (__malloc_lock)
/usr/lib/gcc/arm-none-eabi/14.2.1/../../../arm-none-eabi/lib/thumb/v6-m/nofp/libg.a(libc_a-tzlock.o)
                              /usr/lib/gcc/arm-none-eabi/14.2.1/../../../arm-none-eabi/lib/thumb/v6-m/nofp/libg.a(libc_a-mktime.o) (__tz_lock)
/usr/lib/gcc/arm-none-eabi/14.2.1/../../../arm-none-eabi/lib/thumb/v6-m/nofp/libg.a(libc_a-sbrkr.o)
                              /usr/lib/gcc/arm-none-eabi/14.2.1/../../../arm-none-eabi/lib/thumb/v6-m/nofp/libg.a(libc_a-mallocr.o) (_sbrk_r)
/usr/lib/gcc/arm-none-eabi/14.2.1/../../../arm-none-eabi/lib/thumb/v6-m/nofp/libg.a(libc_a-atexit.o)
                              /usr/lib/gcc/arm-none-eabi/14.2.1/../../../arm-none-eabi/lib/thumb/v6-m/nofp/crt0.o (atexit)
/usr/lib/gcc/arm-none-eabi/14.2.1/../../../arm-none-eabi/lib/thumb/v6-m/nofp/libg.a(libc_a-lcltime_r.o)
                              CMakeFiles/lab5_red.dir/home/Tashifeen/pico-sdk/src/common/pico_util/datetime.c.o (localtime_r)
/usr/lib/gcc/arm-none-eabi/14.2.1/../../../arm-none-eabi/lib/thumb/v6-m/nofp/libg.a(libc_a-init.o)
                              /usr/lib/gcc/arm-none-eabi/14.2.1/../../../arm-none-eabi/lib/thumb/v6-m/nofp/crt0.o (__libc_init_array)
[...]
Memory Configuration

Name             Origin             Length             Attributes
FLASH            0x10000000         0x00200000         xr
RAM              0x20000000         0x00040000         xrw
SCRATCH_X        0x20040000         0x00001000         xrw
SCRATCH_Y        0x20041000         0x00001000         xrw
*default*        0x00000000         0xffffffff

Linker script and memory map

LOAD /usr/lib/gcc/arm-none-eabi/14.2.1/thumb/v6-m/nofp/crti.o
LOAD /usr/lib/gcc/arm-none-eabi/14.2.1/thumb/v6-m/nofp/crtbegin.o
LOAD /usr/lib/gcc/arm-none-eabi/14.2.1/../../../arm-none-eabi/lib/thumb/v6-m/nofp/crt0.o

.flash_begin    0x10000000        0x0
                0x10000000                        __flash_binary_start = .

.boot2          0x10000000      0x100
                0x10000000                        __boot2_start__ = .
 *(.boot2)
 .boot2         0x10000000      0x100 pico-sdk/src/rp2040/boot_stage2/CMakeFiles/bs2_default_library.dir/bs2_default_padded_checksummed.S.o
                0x10000100                        __boot2_end__ = .
                0x00000001                        ASSERT (((__boot2_end__ - __boot2_start__) == 0x100), ERROR: Pico second stage bootloader must be 256 bytes in size)

.text           0x10000100     0xa8b0
                0x10000100                        __logical_binary_start = .
 *(.vectors)
 .vectors       0x10000100       0xd4 CMakeFiles/lab5_red.dir/home/Tashifeen/pico-sdk/src/rp2_common/pico_crt0/crt0.S.o
                0x10000100                __vectors
                0x10000100                __VECTOR_TABLE
                0x100001c0                isr_irq30
                0x100001c0                __unhandled_user_irq
                0x100001c0                isr_irq13
                0x100001c0                isr_irq27
                0x100001c0                isr_irq31
                0x100001c0                isr_irq5
                0x100001c0                isr_irq11
                0x100001c0                isr_irq23
                0x100001c0                isr_irq18
                0x100001c0                isr_irq28
                0x100001c0                isr_irq19
                0x100001c0                isr_irq0
                0x100001c0                isr_irq6
                0x100001c0                isr_irq22
                0x100001c0                isr_irq17
                0x100001c0                isr_irq14
                0x100001c0                __vectors_end
                0x100001c0                __default_isrs_start
                0x100001c0                isr_irq2
                0x100001c0                isr_irq10
                0x100001c0                isr_irq8
                0x100001c0                isr_irq24
                0x100001c0                isr_irq1
                0x100001c0                isr_irq7
                0x100001c0                isr_irq21
                0x100001c0                isr_irq20
                0x100001c0                isr_irq15
                0x100001c0                isr_irq25
                0x100001c0                isr_irq4
                0x100001c0                isr_irq16
                0x100001c0                isr_irq29
                0x100001c0                isr_irq26
                0x100001c0                isr_irq3
                0x100001c0                isr_irq12
                0x100001c0                isr_irq9
                0x100001c6                unhandled_user_irq_num_in_r0
                0x100001c8                isr_invalid
                0x100001ca                isr_nmi
                0x100001cc                isr_hardfault
                0x100001ce                isr_svcall
                0x100001d0                isr_pendsv
                0x100001d2                isr_systick
                0x100001d4                __default_isrs_end
 *(.binary_info_header)
 .binary_info_header
                0x100001d4       0x14 CMakeFiles/lab5_red.dir/home/Tashifeen/pico-sdk/src/rp2_common/pico_crt0/crt0.S.o
                0x100001e8                        __binary_info_header_end = .
 *(.embedded_block)
                0x100001e8                        __embedded_block_end = .
 *(.reset)
 .reset         0x100001e8       0x9c CMakeFiles/lab5_red.dir/home/Tashifeen/pico-sdk/src/rp2_common/pico_crt0/crt0.S.o
                0x100001e8                _entry_point
 *(.init)
 .init          0x10000284        0x4 /usr/lib/gcc/arm-none-eabi/14.2.1/thumb/v6-m/nofp/crti.o
                0x10000284                _init
 *(EXCLUDE_FILE(*libm.a: *libc.a:*lib_a-mem*.o *libgcc.a:) .text*)
 .text          0x10000288       0x98 /usr/lib/gcc/arm-none-eabi/14.2.1/thumb/v6-m/nofp/crtbegin.o
 .text.setup    0x10000320       0x14 CMakeFiles/lab5_red.dir/lab5_red.c.o
                0x10000320                setup
 .text.startup.main
                0x10000334      0x12c CMakeFiles/lab5_red.dir/lab5_red.c.o
                0x10000334                main
 .text.gpio_set_function
                0x10000460       0x34 CMakeFiles/lab5_red.dir/home/Tashifeen/pico-sdk/src/rp2_common/hardware_gpio/gpio.c.o
                0x10000460                gpio_set_function
 .text.gpio_set_pulls
                0x10000494       0x28 CMakeFiles/lab5_red.dir/home/Tashifeen/pico-sdk/src/rp2_common/hardware_gpio/gpio.c.o
                0x10000494                gpio_set_pulls
 .text.gpio_set_input_hysteresis_enabled
                0x100004bc       0x28 CMakeFiles/lab5_red.dir/home/Tashifeen/pico-sdk/src/rp2_common/hardware_gpio/gpio.c.o
                0x100004bc                gpio_set_input_hysteresis_enabled
 .text.gpio_set_irq_enabled
                0x100004e4       0x58 CMakeFiles/lab5_red.dir/home/Tashifeen/pico-sdk/src/rp2_common/hardware_gpio/gpio.c.o
                0x100004e4                gpio_set_irq_enabled
 .text.gpio_add_raw_irq_handler_with_order_priority_masked
                0x1000053c       0x44 CMakeFiles/lab5_red.dir/home/Tashifeen/pico-sdk/src/rp2_common/hardware_gpio/gpio.c.o
                0x1000053c                gpio_add_raw_irq_handler_with_order_priority_masked
 .text.gpio_remove_raw_irq_handler_masked
                0x10000580       0x20 CMakeFiles/lab5_red.dir/home/Tashifeen/pico-sdk/src/rp2_common/hardware_gpio/gpio.c.o
                0x10000580                gpio_remove_raw_irq_handler_masked
 .text.gpio_init
                0x100005a0       0x40 CMakeFiles/lab5_red.dir/home/Tashifeen/pico-sdk/src/rp2_common/hardware_gpio/gpio.c.o
                0x100005a0                gpio_init
 .text.rp2040_chip_version
                0x100005e0        0xc CMakeFiles/lab5_red.dir/home/Tashifeen/pico-sdk/src/rp2040/pico_platform/platform.c.o
                0x100005e0                rp2040_chip_version
 .text.panic    0x100005ec       0x30 CMakeFiles/lab5_red.dir/home/Tashifeen/pico-sdk/src/rp2_common/pico_platform_panic/panic.c.o
                0x100005ec                panic
 .text.hw_claim_lock
                0x1000061c       0x18 CMakeFiles/lab5_red.dir/home/Tashifeen/pico-sdk/src/common/hardware_claim/claim.c.o
                0x1000061c                hw_claim_lock
 .text.hw_claim_unlock
                0x10000634       0x14 CMakeFiles/lab5_red.dir/home/Tashifeen/pico-sdk/src/common/hardware_claim/claim.c.o
                0x10000634                hw_claim_unlock
 .text.hw_claim_or_assert
                0x10000648       0x44 CMakeFiles/lab5_red.dir/home/Tashifeen/pico-sdk/src/common/hardware_claim/claim.c.o
                0x10000648                hw_claim_or_assert
 .text.hw_claim_unused_from_range
                0x1000068c       0x88 CMakeFiles/lab5_red.dir/home/Tashifeen/pico-sdk/src/common/hardware_claim/claim.c.o
                0x1000068c                hw_claim_unused_from_range
 .text.hw_claim_clear
                0x10000714       0x38 CMakeFiles/lab5_red.dir/home/Tashifeen/pico-sdk/src/common/hardware_claim/claim.c.o
                0x10000714                hw_claim_clear
 .text.next_striped_spin_lock_num
                0x1000074c       0x18 CMakeFiles/lab5_red.dir/home/Tashifeen/pico-sdk/src/rp2_common/hardware_sync/sync.c.o
                0x1000074c                next_striped_spin_lock_num
 .text.spin_lock_claim_unused
                0x10000764       0x24 CMakeFiles/lab5_red.dir/home/Tashifeen/pico-sdk/src/rp2_common/hardware_sync/sync.c.o
                0x10000764                spin_lock_claim_unused
 .text.spin_locks_reset
                0x10000788       0x1c CMakeFiles/lab5_red.dir/home/Tashifeen/pico-sdk/src/rp2_common/hardware_sync_spin_lock/sync_spin_lock.c.o
                0x10000788                spin_locks_reset
 .text.runtime_init_per_core_irq_priorities
                0x100007a4       0x24 CMakeFiles/lab5_red.dir/home/Tashifeen/pico-sdk/src/rp2_common/hardware_irq/irq.c.o
                0x100007a4                runtime_init_per_core_irq_priorities
 .text.irq_set_enabled
                0x100007c8       0x24 CMakeFiles/lab5_red.dir/home/Tashifeen/pico-sdk/src/rp2_common/hardware_irq/irq.c.o
                0x100007c8                irq_set_enabled
 .text.irq_is_enabled
                0x100007ec       0x18 CMakeFiles/lab5_red.dir/home/Tashifeen/pico-sdk/src/rp2_common/hardware_irq/irq.c.o
                0x100007ec                irq_is_enabled
 .text.irq_set_pending
                0x10000804       0x10 CMakeFiles/lab5_red.dir/home/Tashifeen/pico-sdk/src/rp2_common/hardware_irq/irq.c.o
                0x10000804                irq_set_pending
 .text.irq_has_shared_handler
                0x10000814       0x24 CMakeFiles/lab5_red.dir/home/Tashifeen/pico-sdk/src/rp2_common/hardware_irq/irq.c.o
                0x10000814                irq_has_shared_handler
 .text.irq_set_exclusive_handler
                0x10000838       0x54 CMakeFiles/lab5_red.dir/home/Tashifeen/pico-sdk/src/rp2_common/hardware_irq/irq.c.o
                0x10000838                irq_set_exclusive_handler
 .text.irq_add_shared_handler
                0x1000088c      0x1f4 CMakeFiles/lab5_red.dir/home/Tashifeen/pico-sdk/src/rp2_common/hardware_irq/irq.c.o
                0x1000088c                irq_add_shared_handler
 .text.irq_remove_handler
                0x10000a80      0x1d4 CMakeFiles/lab5_red.dir/home/Tashifeen/pico-sdk/src/rp2_common/hardware_irq/irq.c.o
                0x10000a80                irq_remove_handler
 .text.irq_set_priority
                0x10000c54       0x28 CMakeFiles/lab5_red.dir/home/Tashifeen/pico-sdk/src/rp2_common/hardware_irq/irq.c.o
                0x10000c54                irq_set_priority
 .text.irq_add_tail_to_free_list
                0x10000c7c       0xb4 CMakeFiles/lab5_red.dir/home/Tashifeen/pico-sdk/src/rp2_common/hardware_irq/irq.c.o
                0x10000c7c                irq_add_tail_to_free_list
 .text.user_irq_unclaim
                0x10000d30       0x14 CMakeFiles/lab5_red.dir/home/Tashifeen/pico-sdk/src/rp2_common/hardware_irq/irq.c.o
                0x10000d30                user_irq_unclaim
 .text.user_irq_claim_unused
                0x10000d44       0x2c CMakeFiles/lab5_red.dir/home/Tashifeen/pico-sdk/src/rp2_common/hardware_irq/irq.c.o
                0x10000d44                user_irq_claim_unused
 .text.sem_init
                0x10000d70       0x20 CMakeFiles/lab5_red.dir/home/Tashifeen/pico-sdk/src/common/pico_sync/sem.c.o
                0x10000d70                sem_init
 .text.lock_init
                0x10000d90       0x10 CMakeFiles/lab5_red.dir/home/Tashifeen/pico-sdk/src/common/pico_sync/lock_core.c.o
                0x10000d90                lock_init
 .text.runtime_init_mutex
                0x10000da0       0x50 CMakeFiles/lab5_red.dir/home/Tashifeen/pico-sdk/src/common/pico_sync/mutex.c.o
                0x10000da0                runtime_init_mutex
 .text.mutex_init
                0x10000df0       0x1c CMakeFiles/lab5_red.dir/home/Tashifeen/pico-sdk/src/common/pico_sync/mutex.c.o
                0x10000df0                mutex_init
 .text.recursive_mutex_init
                0x10000e0c       0x1c CMakeFiles/lab5_red.dir/home/Tashifeen/pico-sdk/src/common/pico_sync/mutex.c.o
                0x10000e0c                recursive_mutex_init
 .text.critical_section_init
                0x10000e28       0x1c CMakeFiles/lab5_red.dir/home/Tashifeen/pico-sdk/src/common/pico_sync/critical_section.c.o
                0x10000e28                critical_section_init
 .text.critical_section_init_with_lock_num
                0x10000e44       0x14 CMakeFiles/lab5_red.dir/home/Tashifeen/pico-sdk/src/common/pico_sync/critical_section.c.o
                0x10000e44                critical_section_init_with_lock_num
 .text.sleep_until_callback
                0x10000e58       0x30 CMakeFiles/lab5_red.dir/home/Tashifeen/pico-sdk/src/common/pico_time/time.c.o
 .text.alarm_pool_irq_handler
                0x10000e88      0x300 CMakeFiles/lab5_red.dir/home/Tashifeen/pico-sdk/src/common/pico_time/time.c.o
 .text.runtime_init_default_alarm_pool
                0x10001188       0xdc CMakeFiles/lab5_red.dir/home/Tashifeen/pico-sdk/src/common/pico_time/time.c.o
                0x10001188                runtime_init_default_alarm_pool
 .text.alarm_pool_get_default
                0x10001264        0x8 CMakeFiles/lab5_red.dir/home/Tashifeen/pico-sdk/src/common/pico_time/time.c.o
                0x10001264                alarm_pool_get_default
 .text.alarm_pool_add_alarm_at
                0x1000126c       0xd0 CMakeFiles/lab5_red.dir/home/Tashifeen/pico-sdk/src/common/pico_time/time.c.o
                0x1000126c                alarm_pool_add_alarm_at
 .text.alarm_pool_add_alarm_at_force_in_context
                0x1000133c       0xb0 CMakeFiles/lab5_red.dir/home/Tashifeen/pico-sdk/src/common/pico_time/time.c.o
                0x1000133c                alarm_pool_add_alarm_at_force_in_context
 .text.alarm_pool_cancel_alarm
                0x100013ec       0x74 CMakeFiles/lab5_red.dir/home/Tashifeen/pico-sdk/src/common/pico_time/time.c.o
                0x100013ec                alarm_pool_cancel_alarm
 .text.alarm_pool_core_num
                0x10001460        0x4 CMakeFiles/lab5_red.dir/home/Tashifeen/pico-sdk/src/common/pico_time/time.c.o
                0x10001460                alarm_pool_core_num
 .text.sleep_until
                0x10001464       0xd0 CMakeFiles/lab5_red.dir/home/Tashifeen/pico-sdk/src/common/pico_time/time.c.o
                0x10001464                sleep_until
 .text.sleep_ms
                0x10001534       0xfc CMakeFiles/lab5_red.dir/home/Tashifeen/pico-sdk/src/common/pico_time/time.c.o
                0x10001534                sleep_ms
 .text.best_effort_wfe_or_timeout
                0x10001630      0x10c CMakeFiles/lab5_red.dir/home/Tashifeen/pico-sdk/src/common/pico_time/time.c.o
                0x10001630                best_effort_wfe_or_timeout
 .text.timer_hardware_alarm_claim
                0x1000173c       0x14 CMakeFiles/lab5_red.dir/home/Tashifeen/pico-sdk/src/rp2_common/hardware_timer/timer.c.o
                0x1000173c                timer_hardware_alarm_claim
 .text.timer_time_us_64
                0x10001750       0x10 CMakeFiles/lab5_red.dir/home/Tashifeen/pico-sdk/src/rp2_common/hardware_timer/timer.c.o
                0x10001750                timer_time_us_64
 .text.time_us_64
                0x10001760       0x14 CMakeFiles/lab5_red.dir/home/Tashifeen/pico-sdk/src/rp2_common/hardware_timer/timer.c.o
                0x10001760                time_us_64
 .text.busy_wait_until
                0x10001774       0x20 CMakeFiles/lab5_red.dir/home/Tashifeen/pico-sdk/src/rp2_common/hardware_timer/timer.c.o
                0x10001774                busy_wait_until
 .text.clock_configure_int_divider
                0x10001794       0xf4 CMakeFiles/lab5_red.dir/home/Tashifeen/pico-sdk/src/rp2_common/hardware_clocks/clocks.c.o
                0x10001794                clock_configure_int_divider
 .text.clock_configure_undivided
                0x10001888       0xe8 CMakeFiles/lab5_red.dir/home/Tashifeen/pico-sdk/src/rp2_common/hardware_clocks/clocks.c.o
                0x10001888                clock_configure_undivided
 .text.clock_get_hz
                0x10001970        0xc CMakeFiles/lab5_red.dir/home/Tashifeen/pico-sdk/src/rp2_common/hardware_clocks/clocks.c.o
                0x10001970                clock_get_hz
 .text.pll_init
                0x1000197c       0xa4 CMakeFiles/lab5_red.dir/home/Tashifeen/pico-sdk/src/rp2_common/hardware_pll/pll.c.o
                0x1000197c                pll_init
 .text.watchdog_reboot
                0x10001a20       0x9c CMakeFiles/lab5_red.dir/home/Tashifeen/pico-sdk/src/rp2_common/hardware_watchdog/watchdog.c.o
                0x10001a20                watchdog_reboot
 .text.tick_start
                0x10001abc       0x10 CMakeFiles/lab5_red.dir/home/Tashifeen/pico-sdk/src/rp2_common/hardware_ticks/ticks.c.o
                0x10001abc                tick_start
 .text.rom_func_lookup
                0x10001acc       0x10 CMakeFiles/lab5_red.dir/home/Tashifeen/pico-sdk/src/rp2_common/pico_bootrom/bootrom.c.o
                0x10001acc                rom_func_lookup
 .text.rom_data_lookup
                0x10001adc       0x10 CMakeFiles/lab5_red.dir/home/Tashifeen/pico-sdk/src/rp2_common/pico_bootrom/bootrom.c.o
                0x10001adc                rom_data_lookup
 .text.rom_funcs_lookup
                0x10001aec       0x44 CMakeFiles/lab5_red.dir/home/Tashifeen/pico-sdk/src/rp2_common/pico_bootrom/bootrom.c.o
                0x10001aec                rom_funcs_lookup
 .text.rom_reset_usb_boot_extra
                0x10001b30       0x24 CMakeFiles/lab5_red.dir/home/Tashifeen/pico-sdk/src/rp2_common/pico_bootrom/bootrom.c.o
                0x10001b30                rom_reset_usb_boot_extra
 .text.xosc_init
                0x10001b54       0x28 CMakeFiles/lab5_red.dir/home/Tashifeen/pico-sdk/src/rp2_common/hardware_xosc/xosc.c.o
                0x10001b54                xosc_init
 .text.first_per_core_initializer
                0x10001b7c        0x4 CMakeFiles/lab5_red.dir/home/Tashifeen/pico-sdk/src/rp2_common/pico_runtime/runtime.c.o
 .text.hard_assertion_failure
                0x10001b80        0xc CMakeFiles/lab5_red.dir/home/Tashifeen/pico-sdk/src/rp2_common/pico_runtime/runtime.c.o
                0x10001b80                hard_assertion_failure
 .text.runtime_run_initializers
                0x10001b8c       0x28 CMakeFiles/lab5_red.dir/home/Tashifeen/pico-sdk/src/rp2_common/pico_runtime/runtime.c.o
                0x10001b8c                runtime_run_initializers
 .text.runtime_init_early_resets
                0x10001bb4       0x2c CMakeFiles/lab5_red.dir/home/Tashifeen/pico-sdk/src/rp2_common/pico_runtime_init/runtime_init.c.o
                0x10001bb4                runtime_init_early_resets
 .text.runtime_init_usb_power_down
                0x10001be0       0x1c CMakeFiles/lab5_red.dir/home/Tashifeen/pico-sdk/src/rp2_common/pico_runtime_init/runtime_init.c.o
                0x10001be0                runtime_init_usb_power_down
 .text.runtime_init_post_clock_resets
                0x10001bfc       0x20 CMakeFiles/lab5_red.dir/home/Tashifeen/pico-sdk/src/rp2_common/pico_runtime_init/runtime_init.c.o
                0x10001bfc                runtime_init_post_clock_resets
 .text.runtime_init_rp2040_gpio_ie_disable
                0x10001c1c       0x14 CMakeFiles/lab5_red.dir/home/Tashifeen/pico-sdk/src/rp2_common/pico_runtime_init/runtime_init.c.o
                0x10001c1c                runtime_init_rp2040_gpio_ie_disable
 .text.runtime_init_spin_locks_reset
                0x10001c30        0x8 CMakeFiles/lab5_red.dir/home/Tashifeen/pico-sdk/src/rp2_common/pico_runtime_init/runtime_init.c.o
                0x10001c30                runtime_init_spin_locks_reset
 .text.runtime_init_install_ram_vector_table
                0x10001c38       0xb4 CMakeFiles/lab5_red.dir/home/Tashifeen/pico-sdk/src/rp2_common/pico_runtime_init/runtime_init.c.o
                0x10001c38                runtime_init_install_ram_vector_table
 .text.runtime_init_clocks
                0x10001cec       0xd8 CMakeFiles/lab5_red.dir/home/Tashifeen/pico-sdk/src/rp2_common/pico_runtime_init/runtime_init_clocks.c.o
                0x10001cec                runtime_init_clocks
 .text          0x10001dc4       0x10 CMakeFiles/lab5_red.dir/home/Tashifeen/pico-sdk/src/rp2_common/pico_bit_ops/bit_ops_aeabi.S.o
 .text.ctzsi    0x10001dd4        0xc CMakeFiles/lab5_red.dir/home/Tashifeen/pico-sdk/src/rp2_common/pico_bit_ops/bit_ops_aeabi.S.o
                0x10001dd4                __wrap___ctzsi2
 .text.__wrap___aeabi_idiv
                0x10001de0       0x50 CMakeFiles/lab5_red.dir/home/Tashifeen/pico-sdk/src/rp2_common/pico_divider/divider_hardware.S.o
                0x10001de0                __wrap___aeabi_idivmod
                0x10001de0                divmod_s32s32
                0x10001de0                div_s32s32
                0x10001de0                __wrap___aeabi_idiv
                0x10001de8                divmod_s32s32_unsafe
                0x10001e14                divmod_s32s32_savestate
 .text.__wrap___aeabi_uidiv
                0x10001e30       0x4c CMakeFiles/lab5_red.dir/home/Tashifeen/pico-sdk/src/rp2_common/pico_divider/divider_hardware.S.o
                0x10001e30                __wrap___aeabi_uidiv
                0x10001e30                __wrap___aeabi_uidivmod
                0x10001e30                div_u32u32
                0x10001e30                divmod_u32u32
                0x10001e38                divmod_u32u32_unsafe
                0x10001e60                divmod_u32u32_savestate
 .text.__wrap___aeabi_ldiv
                0x10001e7c      0x424 CMakeFiles/lab5_red.dir/home/Tashifeen/pico-sdk/src/rp2_common/pico_divider/divider_hardware.S.o
                0x10001e7c                div_s64s64
                0x10001e7c                divmod_s64s64
                0x10001e7c                __wrap___aeabi_ldivmod
                0x10001eac                div_u64u64
                0x10001eac                divmod_u64u64
                0x10001eac                __wrap___aeabi_uldivmod
                0x10001ebc                divmod_u64u64_savestate
                0x10001edc                divmod_s64s64_unsafe
                0x10001f64                divmod_u64u64_unsafe
 .text.__wrap___aeabi_darithmetic
                0x100022a0       0x60 CMakeFiles/lab5_red.dir/home/Tashifeen/pico-sdk/src/rp2_common/pico_double/double_aeabi_rp2040.S.o
                0x100022a0                __wrap___aeabi_drsub
                0x100022a6                __wrap___aeabi_dsub
                0x100022b0                __wrap___aeabi_dadd
                0x100022ba                __wrap___aeabi_ddiv
                0x100022ee                __wrap___aeabi_dmul
 .text.__wrap___aeabi_cdcmple
                0x10002300       0x6c CMakeFiles/lab5_red.dir/home/Tashifeen/pico-sdk/src/rp2_common/pico_double/double_aeabi_rp2040.S.o
                0x10002300                __wrap___aeabi_cdrcmple
                0x10002310                __wrap___aeabi_cdcmple
                0x10002310                __wrap___aeabi_cdcmpeq
 .text.__wrap___aeabi_dcmplt
                0x1000236c        0xc CMakeFiles/lab5_red.dir/home/Tashifeen/pico-sdk/src/rp2_common/pico_double/double_aeabi_rp2040.S.o
                0x1000236c                __wrap___aeabi_dcmplt
 .text.__wrap___aeabi_dcmple
                0x10002378       0x10 CMakeFiles/lab5_red.dir/home/Tashifeen/pico-sdk/src/rp2_common/pico_double/double_aeabi_rp2040.S.o
                0x10002378                __wrap___aeabi_dcmple
 .text.__wrap___aeabi_dcmpge
                0x10002388       0x10 CMakeFiles/lab5_red.dir/home/Tashifeen/pico-sdk/src/rp2_common/pico_double/double_aeabi_rp2040.S.o
                0x10002388                __wrap___aeabi_dcmpge
 .text.__wrap___aeabi_dcmpgt
                0x10002398        0xa CMakeFiles/lab5_red.dir/home/Tashifeen/pico-sdk/src/rp2_common/pico_double/double_aeabi_rp2040.S.o
                0x10002398                __wrap___aeabi_dcmpgt
 .text.__wrap___aeabi_dcmpun
                0x100023a2       0x18 CMakeFiles/lab5_red.dir/home/Tashifeen/pico-sdk/src/rp2_common/pico_double/double_aeabi_rp2040.S.o
                0x100023a2                __wrap___aeabi_dcmpun
 *fill*         0x100023ba        0x2 
 .text.__wrap___aeabi_i2d
                0x100023bc       0x38 CMakeFiles/lab5_red.dir/home/Tashifeen/pico-sdk/src/rp2_common/pico_double/double_aeabi_rp2040.S.o
                0x100023bc                __wrap___aeabi_ui2d
                0x100023bc                uint2double
                0x100023c4                __wrap___aeabi_i2d
                0x100023c4                int2double
 .text.__wrap___aeabi_d2iz
                0x100023f4       0x48 CMakeFiles/lab5_red.dir/home/Tashifeen/pico-sdk/src/rp2_common/pico_double/double_aeabi_rp2040.S.o
                0x100023f4                __wrap___aeabi_d2iz
                0x100023f4                double2int_z
 .text.__wrap___aeabi_d2uiz
                0x1000243c       0x10 CMakeFiles/lab5_red.dir/home/Tashifeen/pico-sdk/src/rp2_common/pico_double/double_aeabi_rp2040.S.o
                0x1000243c                double2uint_z
                0x1000243c                double2uint
                0x1000243c                __wrap___aeabi_d2uiz
 .text.missing_double_func_shim
                0x1000244c        0xc CMakeFiles/lab5_red.dir/home/Tashifeen/pico-sdk/src/rp2_common/pico_double/double_init_rom_rp2040.c.o
 .text.__aeabi_double_init
                0x10002458       0xa0 CMakeFiles/lab5_red.dir/home/Tashifeen/pico-sdk/src/rp2_common/pico_double/double_init_rom_rp2040.c.o
                0x10002458                __aeabi_double_init
 .text.double_table_shim_on_use_helper
                0x100024f8       0x2c CMakeFiles/lab5_red.dir/home/Tashifeen/pico-sdk/src/rp2_common/pico_double/double_v1_rom_shim_rp2040.S.o
                0x100024f8                double_table_shim_on_use_helper
 .text.__aeabi_lmul
                0x10002524       0x32 CMakeFiles/lab5_red.dir/home/Tashifeen/pico-sdk/src/rp2_common/pico_int64_ops/pico_int64_ops_aeabi.S.o
                0x10002524                __wrap___aeabi_lmul
 *fill*         0x10002556        0x2 
 .text.missing_float_func_shim
                0x10002558        0xc CMakeFiles/lab5_red.dir/home/Tashifeen/pico-sdk/src/rp2_common/pico_float/float_init_rom_rp2040.c.o
 .text.__aeabi_float_init
                0x10002564       0x5c CMakeFiles/lab5_red.dir/home/Tashifeen/pico-sdk/src/rp2_common/pico_float/float_init_rom_rp2040.c.o
                0x10002564                __aeabi_float_init
 .text          0x100025c0       0x10 CMakeFiles/lab5_red.dir/home/Tashifeen/pico-sdk/src/rp2_common/pico_mem_ops/mem_ops_aeabi.S.o
                0x100025c0                __aeabi_mem_init
 .text.memset   0x100025d0        0xc CMakeFiles/lab5_red.dir/home/Tashifeen/pico-sdk/src/rp2_common/pico_mem_ops/mem_ops_aeabi.S.o
                0x100025d0                __wrap_memset
 .text.memcpy   0x100025dc        0xc CMakeFiles/lab5_red.dir/home/Tashifeen/pico-sdk/src/rp2_common/pico_mem_ops/mem_ops_aeabi.S.o
                0x100025dc                __wrap___aeabi_memcpy
                0x100025dc                __wrap_memcpy
 .text._out_null
                0x100025e8        0x4 CMakeFiles/lab5_red.dir/home/Tashifeen/pico-sdk/src/rp2_common/pico_printf/printf.c.o
 .text._out_rev
                0x100025ec       0xac CMakeFiles/lab5_red.dir/home/Tashifeen/pico-sdk/src/rp2_common/pico_printf/printf.c.o
 .text._ntoa_format
                0x10002698      0x1cc CMakeFiles/lab5_red.dir/home/Tashifeen/pico-sdk/src/rp2_common/pico_printf/printf.c.o
 .text._out_char
                0x10002864       0x10 CMakeFiles/lab5_red.dir/home/Tashifeen/pico-sdk/src/rp2_common/pico_printf/printf.c.o
 .text._out_fct
                0x10002874       0x10 CMakeFiles/lab5_red.dir/home/Tashifeen/pico-sdk/src/rp2_common/pico_printf/printf.c.o
 .text._ftoa    0x10002884      0x4a8 CMakeFiles/lab5_red.dir/home/Tashifeen/pico-sdk/src/rp2_common/pico_printf/printf.c.o
 .text._etoa    0x10002d2c      0x57c CMakeFiles/lab5_red.dir/home/Tashifeen/pico-sdk/src/rp2_common/pico_printf/printf.c.o
 .text._vsnprintf
                0x100032a8      0xbe0 CMakeFiles/lab5_red.dir/home/Tashifeen/pico-sdk/src/rp2_common/pico_printf/printf.c.o
 .text.vfctprintf
                0x10003e88       0x24 CMakeFiles/lab5_red.dir/home/Tashifeen/pico-sdk/src/rp2_common/pico_printf/printf.c.o
                0x10003e88                vfctprintf
 .text.weak_raw_vprintf
                0x10003eac       0x30 CMakeFiles/lab5_red.dir/home/Tashifeen/pico-sdk/src/rp2_common/pico_printf/printf.c.o
                0x10003eac                weak_raw_vprintf
 .text._exit    0x10003edc        0x4 CMakeFiles/lab5_red.dir/home/Tashifeen/pico-sdk/src/rp2_common/pico_clib_interface/newlib_interface.c.o
                0x10003edc                _exit
 .text.exit     0x10003ee0        0x8 CMakeFiles/lab5_red.dir/home/Tashifeen/pico-sdk/src/rp2_common/pico_clib_interface/newlib_interface.c.o
                0x10003ee0                exit
 .text.runtime_init
                0x10003ee8       0x2c CMakeFiles/lab5_red.dir/home/Tashifeen/pico-sdk/src/rp2_common/pico_clib_interface/newlib_interface.c.o
                0x10003ee8                runtime_init
 .text.stdio_out_chars_no_crlf
                0x10003f14       0x10 CMakeFiles/lab5_red.dir/home/Tashifeen/pico-sdk/src/rp2_common/pico_stdio/stdio.c.o
 .text.stdio_out_chars_crlf
                0x10003f24       0xb0 CMakeFiles/lab5_red.dir/home/Tashifeen/pico-sdk/src/rp2_common/pico_stdio/stdio.c.o
 .text.stdio_buffered_printer
                0x10003fd4       0x64 CMakeFiles/lab5_red.dir/home/Tashifeen/pico-sdk/src/rp2_common/pico_stdio/stdio.c.o
 .text.stdio_put_string
                0x10004038       0xfc CMakeFiles/lab5_red.dir/home/Tashifeen/pico-sdk/src/rp2_common/pico_stdio/stdio.c.o
                0x10004038                stdio_put_string
 .text.stdio_set_driver_enabled
                0x10004134       0x30 CMakeFiles/lab5_red.dir/home/Tashifeen/pico-sdk/src/rp2_common/pico_stdio/stdio.c.o
                0x10004134                stdio_set_driver_enabled
 .text.stdio_init_all
                0x10004164        0x8 CMakeFiles/lab5_red.dir/home/Tashifeen/pico-sdk/src/rp2_common/pico_stdio/stdio.c.o
                0x10004164                stdio_init_all
 .text.__wrap_putchar
                0x1000416c       0x94 CMakeFiles/lab5_red.dir/home/Tashifeen/pico-sdk/src/rp2_common/pico_stdio/stdio.c.o
                0x1000416c                stdio_putchar
                0x1000416c                __wrap_putchar
 .text.__wrap_puts
                0x10004200       0x3c CMakeFiles/lab5_red.dir/home/Tashifeen/pico-sdk/src/rp2_common/pico_stdio/stdio.c.o
                0x10004200                __wrap_puts
                0x10004200                stdio_puts
 .text.__wrap_vprintf
                0x1000423c       0xcc CMakeFiles/lab5_red.dir/home/Tashifeen/pico-sdk/src/rp2_common/pico_stdio/stdio.c.o
                0x1000423c                __wrap_vprintf
                0x1000423c                stdio_vprintf
 .text.__wrap_printf
                0x10004308       0x18 CMakeFiles/lab5_red.dir/home/Tashifeen/pico-sdk/src/rp2_common/pico_stdio/stdio.c.o
                0x10004308                stdio_printf
                0x10004308                __wrap_printf
 .text.resetd_init
                0x10004320        0x4 CMakeFiles/lab5_red.dir/home/Tashifeen/pico-sdk/src/rp2_common/pico_stdio_usb/reset_interface.c.o
 .text.resetd_reset
                0x10004324        0xc CMakeFiles/lab5_red.dir/home/Tashifeen/pico-sdk/src/rp2_common/pico_stdio_usb/reset_interface.c.o
 .text.resetd_open
                0x10004330       0x28 CMakeFiles/lab5_red.dir/home/Tashifeen/pico-sdk/src/rp2_common/pico_stdio_usb/reset_interface.c.o
 .text.resetd_xfer_cb
                0x10004358        0x4 CMakeFiles/lab5_red.dir/home/Tashifeen/pico-sdk/src/rp2_common/pico_stdio_usb/reset_interface.c.o
 .text.resetd_control_xfer_cb
                0x1000435c       0x54 CMakeFiles/lab5_red.dir/home/Tashifeen/pico-sdk/src/rp2_common/pico_stdio_usb/reset_interface.c.o
 .text.tud_descriptor_bos_cb
                0x100043b0        0x8 CMakeFiles/lab5_red.dir/home/Tashifeen/pico-sdk/src/rp2_common/pico_stdio_usb/reset_interface.c.o
                0x100043b0                tud_descriptor_bos_cb
 .text.tud_vendor_control_xfer_cb
                0x100043b8       0x34 CMakeFiles/lab5_red.dir/home/Tashifeen/pico-sdk/src/rp2_common/pico_stdio_usb/reset_interface.c.o
                0x100043b8                tud_vendor_control_xfer_cb
 .text.usbd_app_driver_get_cb
                0x100043ec        0xc CMakeFiles/lab5_red.dir/home/Tashifeen/pico-sdk/src/rp2_common/pico_stdio_usb/reset_interface.c.o
                0x100043ec                usbd_app_driver_get_cb
 .text.tud_cdc_line_coding_cb
                0x100043f8       0x2c CMakeFiles/lab5_red.dir/home/Tashifeen/pico-sdk/src/rp2_common/pico_stdio_usb/reset_interface.c.o
                0x100043f8                tud_cdc_line_coding_cb
 .text.stdio_usb_set_chars_available_callback
                0x10004424       0x14 CMakeFiles/lab5_red.dir/home/Tashifeen/pico-sdk/src/rp2_common/pico_stdio_usb/stdio_usb.c.o
                0x10004424                stdio_usb_set_chars_available_callback
 .text.usb_irq  0x10004438       0x10 CMakeFiles/lab5_red.dir/home/Tashifeen/pico-sdk/src/rp2_common/pico_stdio_usb/stdio_usb.c.o
 .text.timer_task
                0x10004448       0x64 CMakeFiles/lab5_red.dir/home/Tashifeen/pico-sdk/src/rp2_common/pico_stdio_usb/stdio_usb.c.o
 .text.stdio_usb_in_chars
                0x100044ac       0x8c CMakeFiles/lab5_red.dir/home/Tashifeen/pico-sdk/src/rp2_common/pico_stdio_usb/stdio_usb.c.o
                0x100044ac                stdio_usb_in_chars
 .text.stdio_usb_out_flush
                0x10004538       0x4c CMakeFiles/lab5_red.dir/home/Tashifeen/pico-sdk/src/rp2_common/pico_stdio_usb/stdio_usb.c.o
 .text.stdio_usb_out_chars
                0x10004584      0x100 CMakeFiles/lab5_red.dir/home/Tashifeen/pico-sdk/src/rp2_common/pico_stdio_usb/stdio_usb.c.o
 .text.low_priority_worker_irq
                0x10004684       0xc8 CMakeFiles/lab5_red.dir/home/Tashifeen/pico-sdk/src/rp2_common/pico_stdio_usb/stdio_usb.c.o
 .text.stdio_usb_init
                0x1000474c       0xe8 CMakeFiles/lab5_red.dir/home/Tashifeen/pico-sdk/src/rp2_common/pico_stdio_usb/stdio_usb.c.o
                0x1000474c                stdio_usb_init
 .text.tud_descriptor_device_cb
                0x10004834        0x8 CMakeFiles/lab5_red.dir/home/Tashifeen/pico-sdk/src/rp2_common/pico_stdio_usb/stdio_usb_descriptors.c.o
                0x10004834                tud_descriptor_device_cb
 .text.tud_descriptor_configuration_cb
                0x1000483c        0x8 CMakeFiles/lab5_red.dir/home/Tashifeen/pico-sdk/src/rp2_common/pico_stdio_usb/stdio_usb_descriptors.c.o
                0x1000483c                tud_descriptor_configuration_cb
 .text.tud_descriptor_string_cb
                0x10004844       0x78 CMakeFiles/lab5_red.dir/home/Tashifeen/pico-sdk/src/rp2_common/pico_stdio_usb/stdio_usb_descriptors.c.o
                0x10004844                tud_descriptor_string_cb
 .text.startup._retrieve_unique_id_on_boot
                0x100048bc       0x10 CMakeFiles/lab5_red.dir/home/Tashifeen/pico-sdk/src/rp2_common/pico_unique_id/unique_id.c.o
 .text.pico_get_unique_board_id
                0x100048cc       0x10 CMakeFiles/lab5_red.dir/home/Tashifeen/pico-sdk/src/rp2_common/pico_unique_id/unique_id.c.o
                0x100048cc                pico_get_unique_board_id
 .text.pico_get_unique_board_id_string
                0x100048dc      0x1a8 CMakeFiles/lab5_red.dir/home/Tashifeen/pico-sdk/src/rp2_common/pico_unique_id/unique_id.c.o
                0x100048dc                pico_get_unique_board_id_string
 .text.flash_get_unique_id
                0x10004a84       0x3c CMakeFiles/lab5_red.dir/home/Tashifeen/pico-sdk/src/rp2_common/hardware_flash/flash.c.o
                0x10004a84                flash_get_unique_id
 .text.dcd_init
                0x10004ac0       0x90 CMakeFiles/lab5_red.dir/home/Tashifeen/pico-sdk/lib/tinyusb/src/portable/raspberrypi/rp2040/dcd_rp2040.c.o
                0x10004ac0                dcd_init
 .text.dcd_int_enable
                0x10004b50        0xc CMakeFiles/lab5_red.dir/home/Tashifeen/pico-sdk/lib/tinyusb/src/portable/raspberrypi/rp2040/dcd_rp2040.c.o
                0x10004b50                dcd_int_enable
 .text.dcd_set_address
                0x10004b5c       0x14 CMakeFiles/lab5_red.dir/home/Tashifeen/pico-sdk/lib/tinyusb/src/portable/raspberrypi/rp2040/dcd_rp2040.c.o
                0x10004b5c                dcd_set_address
 .text.dcd_sof_enable
                0x10004b70       0x1c CMakeFiles/lab5_red.dir/home/Tashifeen/pico-sdk/lib/tinyusb/src/portable/raspberrypi/rp2040/dcd_rp2040.c.o
                0x10004b70                dcd_sof_enable
 .text.dcd_edpt0_status_complete
                0x10004b8c       0x1c CMakeFiles/lab5_red.dir/home/Tashifeen/pico-sdk/lib/tinyusb/src/portable/raspberrypi/rp2040/dcd_rp2040.c.o
                0x10004b8c                dcd_edpt0_status_complete
 .text.dcd_edpt_open
                0x10004ba8      0x114 CMakeFiles/lab5_red.dir/home/Tashifeen/pico-sdk/lib/tinyusb/src/portable/raspberrypi/rp2040/dcd_rp2040.c.o
                0x10004ba8                dcd_edpt_open
 .text.dcd_edpt_close_all
                0x10004cbc        0x8 CMakeFiles/lab5_red.dir/home/Tashifeen/pico-sdk/lib/tinyusb/src/portable/raspberrypi/rp2040/dcd_rp2040.c.o
                0x10004cbc                dcd_edpt_close_all
 .text.dcd_edpt_xfer
                0x10004cc4       0x24 CMakeFiles/lab5_red.dir/home/Tashifeen/pico-sdk/lib/tinyusb/src/portable/raspberrypi/rp2040/dcd_rp2040.c.o
                0x10004cc4                dcd_edpt_xfer
 .text.dcd_edpt_stall
                0x10004ce8       0x3c CMakeFiles/lab5_red.dir/home/Tashifeen/pico-sdk/lib/tinyusb/src/portable/raspberrypi/rp2040/dcd_rp2040.c.o
                0x10004ce8                dcd_edpt_stall
 .text.dcd_edpt_clear_stall
                0x10004d24       0x30 CMakeFiles/lab5_red.dir/home/Tashifeen/pico-sdk/lib/tinyusb/src/portable/raspberrypi/rp2040/dcd_rp2040.c.o
                0x10004d24                dcd_edpt_clear_stall
 .text.rp2040_usb_init
                0x10004d54       0x40 CMakeFiles/lab5_red.dir/home/Tashifeen/pico-sdk/lib/tinyusb/src/portable/raspberrypi/rp2040/rp2040_usb.c.o
                0x10004d54                rp2040_usb_init
 .text.hw_endpoint_xfer_start
                0x10004d94       0x40 CMakeFiles/lab5_red.dir/home/Tashifeen/pico-sdk/lib/tinyusb/src/portable/raspberrypi/rp2040/rp2040_usb.c.o
                0x10004d94                hw_endpoint_xfer_start
 .text.tud_event_hook_cb
                0x10004dd4        0x4 CMakeFiles/lab5_red.dir/home/Tashifeen/pico-sdk/lib/tinyusb/src/device/usbd.c.o
                0x10004dd4                tud_event_hook_cb
 .text.tud_sof_cb
                0x10004dd8        0x4 CMakeFiles/lab5_red.dir/home/Tashifeen/pico-sdk/lib/tinyusb/src/device/usbd.c.o
                0x10004dd8                tud_sof_cb
 .text.tud_descriptor_device_qualifier_cb
                0x10004ddc        0x4 CMakeFiles/lab5_red.dir/home/Tashifeen/pico-sdk/lib/tinyusb/src/device/usbd.c.o
                0x10004ddc                tud_descriptor_device_qualifier_cb
 .text.tud_descriptor_other_speed_configuration_cb
                0x10004de0        0x4 CMakeFiles/lab5_red.dir/home/Tashifeen/pico-sdk/lib/tinyusb/src/device/usbd.c.o
                0x10004de0                tud_descriptor_other_speed_configuration_cb
 .text.tud_mount_cb
                0x10004de4        0x4 CMakeFiles/lab5_red.dir/home/Tashifeen/pico-sdk/lib/tinyusb/src/device/usbd.c.o
                0x10004de4                tud_mount_cb
 .text.tud_umount_cb
                0x10004de8        0x4 CMakeFiles/lab5_red.dir/home/Tashifeen/pico-sdk/lib/tinyusb/src/device/usbd.c.o
                0x10004de8                tud_umount_cb
 .text.tud_suspend_cb
                0x10004dec        0x4 CMakeFiles/lab5_red.dir/home/Tashifeen/pico-sdk/lib/tinyusb/src/device/usbd.c.o
                0x10004dec                tud_suspend_cb
 .text.tud_resume_cb
                0x10004df0        0x4 CMakeFiles/lab5_red.dir/home/Tashifeen/pico-sdk/lib/tinyusb/src/device/usbd.c.o
                0x10004df0                tud_resume_cb
 .text.tud_mounted
                0x10004df4       0x10 CMakeFiles/lab5_red.dir/home/Tashifeen/pico-sdk/lib/tinyusb/src/device/usbd.c.o
                0x10004df4                tud_mounted
 .text.tud_suspended
                0x10004e04       0x10 CMakeFiles/lab5_red.dir/home/Tashifeen/pico-sdk/lib/tinyusb/src/device/usbd.c.o
                0x10004e04                tud_suspended
 .text.tud_rhport_init
                0x10004e14       0xf4 CMakeFiles/lab5_red.dir/home/Tashifeen/pico-sdk/lib/tinyusb/src/device/usbd.c.o
                0x10004e14                tud_rhport_init
 .text.tud_task_ext
                0x10004f08      0x800 CMakeFiles/lab5_red.dir/home/Tashifeen/pico-sdk/lib/tinyusb/src/device/usbd.c.o
                0x10004f08                tud_task_ext
 .text.usbd_open_edpt_pair
                0x10005708       0x9c CMakeFiles/lab5_red.dir/home/Tashifeen/pico-sdk/lib/tinyusb/src/device/usbd.c.o
                0x10005708                usbd_open_edpt_pair
 .text.usbd_edpt_open
                0x100057a4       0x34 CMakeFiles/lab5_red.dir/home/Tashifeen/pico-sdk/lib/tinyusb/src/device/usbd.c.o
                0x100057a4                usbd_edpt_open
 .text.usbd_edpt_claim
                0x100057d8       0x28 CMakeFiles/lab5_red.dir/home/Tashifeen/pico-sdk/lib/tinyusb/src/device/usbd.c.o
                0x100057d8                usbd_edpt_claim
 .text.usbd_edpt_release
                0x10005800       0x28 CMakeFiles/lab5_red.dir/home/Tashifeen/pico-sdk/lib/tinyusb/src/device/usbd.c.o
                0x10005800                usbd_edpt_release
 .text.usbd_edpt_xfer
                0x10005828       0x4c CMakeFiles/lab5_red.dir/home/Tashifeen/pico-sdk/lib/tinyusb/src/device/usbd.c.o
                0x10005828                usbd_edpt_xfer
 .text.tud_control_status
                0x10005874       0x2c CMakeFiles/lab5_red.dir/home/Tashifeen/pico-sdk/lib/tinyusb/src/device/usbd_control.c.o
                0x10005874                tud_control_status
 .text.tud_control_xfer
                0x100058a0       0xa8 CMakeFiles/lab5_red.dir/home/Tashifeen/pico-sdk/lib/tinyusb/src/device/usbd_control.c.o
                0x100058a0                tud_control_xfer
 .text.usbd_control_reset
                0x10005948       0x14 CMakeFiles/lab5_red.dir/home/Tashifeen/pico-sdk/lib/tinyusb/src/device/usbd_control.c.o
                0x10005948                usbd_control_reset
 .text.usbd_control_set_complete_callback
                0x1000595c        0xc CMakeFiles/lab5_red.dir/home/Tashifeen/pico-sdk/lib/tinyusb/src/device/usbd_control.c.o
                0x1000595c                usbd_control_set_complete_callback
 .text.usbd_control_set_request
                0x10005968       0x1c CMakeFiles/lab5_red.dir/home/Tashifeen/pico-sdk/lib/tinyusb/src/device/usbd_control.c.o
                0x10005968                usbd_control_set_request
 .text.usbd_control_xfer_cb
                0x10005984       0xec CMakeFiles/lab5_red.dir/home/Tashifeen/pico-sdk/lib/tinyusb/src/device/usbd_control.c.o
                0x10005984                usbd_control_xfer_cb
 .text._prep_out_transaction.isra.0
                0x10005a70       0x6c CMakeFiles/lab5_red.dir/home/Tashifeen/pico-sdk/lib/tinyusb/src/class/cdc/cdc_device.c.o
 .text.tud_cdc_n_connected
                0x10005adc       0x2c CMakeFiles/lab5_red.dir/home/Tashifeen/pico-sdk/lib/tinyusb/src/class/cdc/cdc_device.c.o
                0x10005adc                tud_cdc_n_connected
 .text.tud_cdc_n_available
                0x10005b08       0x14 CMakeFiles/lab5_red.dir/home/Tashifeen/pico-sdk/lib/tinyusb/src/class/cdc/cdc_device.c.o
                0x10005b08                tud_cdc_n_available
 .text.tud_cdc_n_read
                0x10005b1c       0x88 CMakeFiles/lab5_red.dir/home/Tashifeen/pico-sdk/lib/tinyusb/src/class/cdc/cdc_device.c.o
                0x10005b1c                tud_cdc_n_read
 .text.tud_cdc_n_write_flush
                0x10005ba4       0x74 CMakeFiles/lab5_red.dir/home/Tashifeen/pico-sdk/lib/tinyusb/src/class/cdc/cdc_device.c.o
                0x10005ba4                tud_cdc_n_write_flush
 .text.tud_cdc_n_write
                0x10005c18       0x40 CMakeFiles/lab5_red.dir/home/Tashifeen/pico-sdk/lib/tinyusb/src/class/cdc/cdc_device.c.o
                0x10005c18                tud_cdc_n_write
 .text.tud_cdc_n_write_available
                0x10005c58       0x14 CMakeFiles/lab5_red.dir/home/Tashifeen/pico-sdk/lib/tinyusb/src/class/cdc/cdc_device.c.o
                0x10005c58                tud_cdc_n_write_available
 .text.cdcd_init
                0x10005c6c       0x70 CMakeFiles/lab5_red.dir/home/Tashifeen/pico-sdk/lib/tinyusb/src/class/cdc/cdc_device.c.o
                0x10005c6c                cdcd_init
 .text.cdcd_deinit
                0x10005cdc       0x30 CMakeFiles/lab5_red.dir/home/Tashifeen/pico-sdk/lib/tinyusb/src/class/cdc/cdc_device.c.o
                0x10005cdc                cdcd_deinit
 .text.cdcd_reset
                0x10005d0c       0x4c CMakeFiles/lab5_red.dir/home/Tashifeen/pico-sdk/lib/tinyusb/src/class/cdc/cdc_device.c.o
                0x10005d0c                cdcd_reset
 .text.cdcd_open
                0x10005d58       0xa4 CMakeFiles/lab5_red.dir/home/Tashifeen/pico-sdk/lib/tinyusb/src/class/cdc/cdc_device.c.o
                0x10005d58                cdcd_open
 .text.cdcd_control_xfer_cb
                0x10005dfc       0xe8 CMakeFiles/lab5_red.dir/home/Tashifeen/pico-sdk/lib/tinyusb/src/class/cdc/cdc_device.c.o
                0x10005dfc                cdcd_control_xfer_cb
 .text.cdcd_xfer_cb
                0x10005ee4      0x100 CMakeFiles/lab5_red.dir/home/Tashifeen/pico-sdk/lib/tinyusb/src/class/cdc/cdc_device.c.o
                0x10005ee4                cdcd_xfer_cb
 .text.vendord_init
                0x10005fe4       0x5c CMakeFiles/lab5_red.dir/home/Tashifeen/pico-sdk/lib/tinyusb/src/class/vendor/vendor_device.c.o
                0x10005fe4                vendord_init
 .text.vendord_deinit
                0x10006040       0x1c CMakeFiles/lab5_red.dir/home/Tashifeen/pico-sdk/lib/tinyusb/src/class/vendor/vendor_device.c.o
                0x10006040                vendord_deinit
 .text.vendord_reset
                0x1000605c       0x28 CMakeFiles/lab5_red.dir/home/Tashifeen/pico-sdk/lib/tinyusb/src/class/vendor/vendor_device.c.o
                0x1000605c                vendord_reset
 .text.vendord_open
                0x10006084      0x120 CMakeFiles/lab5_red.dir/home/Tashifeen/pico-sdk/lib/tinyusb/src/class/vendor/vendor_device.c.o
                0x10006084                vendord_open
 .text.vendord_xfer_cb
                0x100061a4       0x9c CMakeFiles/lab5_red.dir/home/Tashifeen/pico-sdk/lib/tinyusb/src/class/vendor/vendor_device.c.o
                0x100061a4                vendord_xfer_cb
 .text.tusb_rhport_init
                0x10006240       0x4c CMakeFiles/lab5_red.dir/home/Tashifeen/pico-sdk/lib/tinyusb/src/tusb.c.o
                0x10006240                tusb_rhport_init
 .text.tu_edpt_claim
                0x1000628c       0x50 CMakeFiles/lab5_red.dir/home/Tashifeen/pico-sdk/lib/tinyusb/src/tusb.c.o
                0x1000628c                tu_edpt_claim
 .text.tu_edpt_release
                0x100062dc       0x38 CMakeFiles/lab5_red.dir/home/Tashifeen/pico-sdk/lib/tinyusb/src/tusb.c.o
                0x100062dc                tu_edpt_release
 .text.tu_edpt_validate
                0x10006314       0x7c CMakeFiles/lab5_red.dir/home/Tashifeen/pico-sdk/lib/tinyusb/src/tusb.c.o
                0x10006314                tu_edpt_validate
 .text.tu_edpt_bind_driver
                0x10006390       0x34 CMakeFiles/lab5_red.dir/home/Tashifeen/pico-sdk/lib/tinyusb/src/tusb.c.o
                0x10006390                tu_edpt_bind_driver
 .text.tu_edpt_stream_init
                0x100063c4       0x6c CMakeFiles/lab5_red.dir/home/Tashifeen/pico-sdk/lib/tinyusb/src/tusb.c.o
                0x100063c4                tu_edpt_stream_init
 .text.tu_edpt_stream_deinit
                0x10006430        0x4 CMakeFiles/lab5_red.dir/home/Tashifeen/pico-sdk/lib/tinyusb/src/tusb.c.o
                0x10006430                tu_edpt_stream_deinit
 .text.tu_edpt_stream_write_zlp_if_needed
                0x10006434       0x68 CMakeFiles/lab5_red.dir/home/Tashifeen/pico-sdk/lib/tinyusb/src/tusb.c.o
                0x10006434                tu_edpt_stream_write_zlp_if_needed
 .text.tu_edpt_stream_write_xfer
                0x1000649c       0x68 CMakeFiles/lab5_red.dir/home/Tashifeen/pico-sdk/lib/tinyusb/src/tusb.c.o
                0x1000649c                tu_edpt_stream_write_xfer
 .text.tu_edpt_stream_read_xfer
                0x10006504       0xd8 CMakeFiles/lab5_red.dir/home/Tashifeen/pico-sdk/lib/tinyusb/src/tusb.c.o
                0x10006504                tu_edpt_stream_read_xfer
 .text.tu_fifo_config
                0x100065dc       0x6c CMakeFiles/lab5_red.dir/home/Tashifeen/pico-sdk/lib/tinyusb/src/common/tusb_fifo.c.o
                0x100065dc                tu_fifo_config
 .text.tu_fifo_count
                0x10006648       0x2c CMakeFiles/lab5_red.dir/home/Tashifeen/pico-sdk/lib/tinyusb/src/common/tusb_fifo.c.o
                0x10006648                tu_fifo_count
 .text.tu_fifo_empty
                0x10006674       0x10 CMakeFiles/lab5_red.dir/home/Tashifeen/pico-sdk/lib/tinyusb/src/common/tusb_fifo.c.o
                0x10006674                tu_fifo_empty
 .text.tu_fifo_remaining
                0x10006684       0x2c CMakeFiles/lab5_red.dir/home/Tashifeen/pico-sdk/lib/tinyusb/src/common/tusb_fifo.c.o
                0x10006684                tu_fifo_remaining
 .text.tu_fifo_read
                0x100066b0       0x9c CMakeFiles/lab5_red.dir/home/Tashifeen/pico-sdk/lib/tinyusb/src/common/tusb_fifo.c.o
                0x100066b0                tu_fifo_read
 .text.tu_fifo_read_n
                0x1000674c       0xe8 CMakeFiles/lab5_red.dir/home/Tashifeen/pico-sdk/lib/tinyusb/src/common/tusb_fifo.c.o
                0x1000674c                tu_fifo_read_n
 .text.tu_fifo_write
                0x10006834       0xa4 CMakeFiles/lab5_red.dir/home/Tashifeen/pico-sdk/lib/tinyusb/src/common/tusb_fifo.c.o
                0x10006834                tu_fifo_write
 .text.tu_fifo_write_n
                0x100068d8      0x178 CMakeFiles/lab5_red.dir/home/Tashifeen/pico-sdk/lib/tinyusb/src/common/tusb_fifo.c.o
                0x100068d8                tu_fifo_write_n
 .text.tu_fifo_clear
                0x10006a50       0x40 CMakeFiles/lab5_red.dir/home/Tashifeen/pico-sdk/lib/tinyusb/src/common/tusb_fifo.c.o
                0x10006a50                tu_fifo_clear
 .text.tu_fifo_set_overwritable
                0x10006a90       0x48 CMakeFiles/lab5_red.dir/home/Tashifeen/pico-sdk/lib/tinyusb/src/common/tusb_fifo.c.o
                0x10006a90                tu_fifo_set_overwritable
 .text.cyw43_arch_set_async_context
                0x10006ad8        0xc CMakeFiles/lab5_red.dir/home/Tashifeen/pico-sdk/src/rp2_common/pico_cyw43_arch/cyw43_arch.c.o
                0x10006ad8                cyw43_arch_set_async_context
 .text.cyw43_arch_gpio_put
                0x10006ae4       0x14 CMakeFiles/lab5_red.dir/home/Tashifeen/pico-sdk/src/rp2_common/pico_cyw43_arch/cyw43_arch.c.o
                0x10006ae4                cyw43_arch_gpio_put
 .text.cyw43_arch_async_context
                0x10006af8        0xc CMakeFiles/lab5_red.dir/home/Tashifeen/pico-sdk/src/rp2_common/pico_cyw43_arch/cyw43_arch.c.o
                0x10006af8                cyw43_arch_async_context
 .text.cyw43_arch_init
                0x10006b04       0x64 CMakeFiles/lab5_red.dir/home/Tashifeen/pico-sdk/src/rp2_common/pico_cyw43_arch/cyw43_arch_threadsafe_background.c.o
                0x10006b04                cyw43_arch_init
 .text.ns_delay.constprop.0
                0x10006b68       0x20 CMakeFiles/lab5_red.dir/home/Tashifeen/pico-sdk/src/rp2_common/pico_cyw43_driver/cyw43_bus_pio_spi.c.o
 .text.cyw43_spi_deinit
                0x10006b88       0x6c CMakeFiles/lab5_red.dir/home/Tashifeen/pico-sdk/src/rp2_common/pico_cyw43_driver/cyw43_bus_pio_spi.c.o
                0x10006b88                cyw43_spi_deinit
 .text.cyw43_spi_init
                0x10006bf4      0x128 CMakeFiles/lab5_red.dir/home/Tashifeen/pico-sdk/src/rp2_common/pico_cyw43_driver/cyw43_bus_pio_spi.c.o
                0x10006bf4                cyw43_spi_init
 .text.cyw43_spi_transfer
                0x10006d1c      0x448 CMakeFiles/lab5_red.dir/home/Tashifeen/pico-sdk/src/rp2_common/pico_cyw43_driver/cyw43_bus_pio_spi.c.o
                0x10006d1c                cyw43_spi_transfer
 .text.cyw43_spi_gpio_setup
                0x10007164       0x3c CMakeFiles/lab5_red.dir/home/Tashifeen/pico-sdk/src/rp2_common/pico_cyw43_driver/cyw43_bus_pio_spi.c.o
                0x10007164                cyw43_spi_gpio_setup
 .text.cyw43_spi_reset
                0x100071a0       0x28 CMakeFiles/lab5_red.dir/home/Tashifeen/pico-sdk/src/rp2_common/pico_cyw43_driver/cyw43_bus_pio_spi.c.o
                0x100071a0                cyw43_spi_reset
 .text.read_reg_u32_swap
                0x100071c8       0x44 CMakeFiles/lab5_red.dir/home/Tashifeen/pico-sdk/src/rp2_common/pico_cyw43_driver/cyw43_bus_pio_spi.c.o
                0x100071c8                read_reg_u32_swap
 .text.cyw43_read_reg_u32
                0x1000720c       0x58 CMakeFiles/lab5_red.dir/home/Tashifeen/pico-sdk/src/rp2_common/pico_cyw43_driver/cyw43_bus_pio_spi.c.o
                0x1000720c                cyw43_read_reg_u32
 .text.cyw43_read_reg_u16
                0x10007264       0x58 CMakeFiles/lab5_red.dir/home/Tashifeen/pico-sdk/src/rp2_common/pico_cyw43_driver/cyw43_bus_pio_spi.c.o
                0x10007264                cyw43_read_reg_u16
 .text.cyw43_read_reg_u8
                0x100072bc       0x58 CMakeFiles/lab5_red.dir/home/Tashifeen/pico-sdk/src/rp2_common/pico_cyw43_driver/cyw43_bus_pio_spi.c.o
                0x100072bc                cyw43_read_reg_u8
 .text.write_reg_u32_swap
                0x10007314      0x214 CMakeFiles/lab5_red.dir/home/Tashifeen/pico-sdk/src/rp2_common/pico_cyw43_driver/cyw43_bus_pio_spi.c.o
                0x10007314                write_reg_u32_swap
 .text.cyw43_write_reg_u32
                0x10007528      0x214 CMakeFiles/lab5_red.dir/home/Tashifeen/pico-sdk/src/rp2_common/pico_cyw43_driver/cyw43_bus_pio_spi.c.o
                0x10007528                cyw43_write_reg_u32
 .text.cyw43_write_reg_u16
                0x1000773c      0x214 CMakeFiles/lab5_red.dir/home/Tashifeen/pico-sdk/src/rp2_common/pico_cyw43_driver/cyw43_bus_pio_spi.c.o
                0x1000773c                cyw43_write_reg_u16
 .text.cyw43_write_reg_u8
                0x10007950      0x214 CMakeFiles/lab5_red.dir/home/Tashifeen/pico-sdk/src/rp2_common/pico_cyw43_driver/cyw43_bus_pio_spi.c.o
                0x10007950                cyw43_write_reg_u8
 .text.cyw43_read_bytes
                0x10007b64       0x78 CMakeFiles/lab5_red.dir/home/Tashifeen/pico-sdk/src/rp2_common/pico_cyw43_driver/cyw43_bus_pio_spi.c.o
                0x10007b64                cyw43_read_bytes
 .text.cyw43_write_bytes
                0x10007bdc       0xd4 CMakeFiles/lab5_red.dir/home/Tashifeen/pico-sdk/src/rp2_common/pico_cyw43_driver/cyw43_bus_pio_spi.c.o
                0x10007bdc                cyw43_write_bytes
 .text.cyw43_set_backplane_window
                0x10007cb0       0x68 CMakeFiles/lab5_red.dir/home/Tashifeen/pico-sdk/lib/cyw43-driver/src/cyw43_ll.c.o
 .text.cyw43_ll_parse_async_event
                0x10007d18      0x138 CMakeFiles/lab5_red.dir/home/Tashifeen/pico-sdk/lib/cyw43-driver/src/cyw43_ll.c.o
 .text.cyw43_kso_set
                0x10007e50       0x80 CMakeFiles/lab5_red.dir/home/Tashifeen/pico-sdk/lib/cyw43-driver/src/cyw43_ll.c.o
 .text.cyw43_ll_sdpcm_poll_device
                0x10007ed0      0x238 CMakeFiles/lab5_red.dir/home/Tashifeen/pico-sdk/lib/cyw43-driver/src/cyw43_ll.c.o
 .text.cyw43_sdpcm_send_common
                0x10008108       0xfc CMakeFiles/lab5_red.dir/home/Tashifeen/pico-sdk/lib/cyw43-driver/src/cyw43_ll.c.o
 .text.cyw43_do_ioctl.part.0
                0x10008204       0xc4 CMakeFiles/lab5_red.dir/home/Tashifeen/pico-sdk/lib/cyw43-driver/src/cyw43_ll.c.o
 .text.cyw43_write_iovar_u32.constprop.0
                0x100082c8       0x98 CMakeFiles/lab5_red.dir/home/Tashifeen/pico-sdk/lib/cyw43-driver/src/cyw43_ll.c.o
 .text.cyw43_write_iovar_n
                0x10008360       0x8c CMakeFiles/lab5_red.dir/home/Tashifeen/pico-sdk/lib/cyw43-driver/src/cyw43_ll.c.o
 .text.cyw43_read_backplane.constprop.0
                0x100083ec       0xe4 CMakeFiles/lab5_red.dir/home/Tashifeen/pico-sdk/lib/cyw43-driver/src/cyw43_ll.c.o
 .text.cyw43_write_backplane
                0x100084d0      0x10c CMakeFiles/lab5_red.dir/home/Tashifeen/pico-sdk/lib/cyw43-driver/src/cyw43_ll.c.o
 .text.reset_device_core.constprop.0
                0x100085dc      0x410 CMakeFiles/lab5_red.dir/home/Tashifeen/pico-sdk/lib/cyw43-driver/src/cyw43_ll.c.o
 .text.cyw43_ll_init
                0x100089ec       0x1c CMakeFiles/lab5_red.dir/home/Tashifeen/pico-sdk/lib/cyw43-driver/src/cyw43_ll.c.o
                0x100089ec                cyw43_ll_init
 .text.cyw43_ll_deinit
                0x10008a08        0x8 CMakeFiles/lab5_red.dir/home/Tashifeen/pico-sdk/lib/cyw43-driver/src/cyw43_ll.c.o
                0x10008a08                cyw43_ll_deinit
 .text.cyw43_ll_process_packets
                0x10008a10       0x54 CMakeFiles/lab5_red.dir/home/Tashifeen/pico-sdk/lib/cyw43-driver/src/cyw43_ll.c.o
                0x10008a10                cyw43_ll_process_packets
 .text.cyw43_ll_ioctl
                0x10008a64       0x80 CMakeFiles/lab5_red.dir/home/Tashifeen/pico-sdk/lib/cyw43-driver/src/cyw43_ll.c.o
                0x10008a64                cyw43_ll_ioctl
 .text.cyw43_ll_bus_sleep
                0x10008ae4       0x34 CMakeFiles/lab5_red.dir/home/Tashifeen/pico-sdk/lib/cyw43-driver/src/cyw43_ll.c.o
                0x10008ae4                cyw43_ll_bus_sleep
 .text.cyw43_ll_wifi_get_mac
                0x10008b18       0x78 CMakeFiles/lab5_red.dir/home/Tashifeen/pico-sdk/lib/cyw43-driver/src/cyw43_ll.c.o
                0x10008b18                cyw43_ll_wifi_get_mac
 .text.cyw43_ll_bus_init
                0x10008b90      0x8d8 CMakeFiles/lab5_red.dir/home/Tashifeen/pico-sdk/lib/cyw43-driver/src/cyw43_ll.c.o
                0x10008b90                cyw43_ll_bus_init
 .text.cyw43_ll_wifi_set_wpa_auth
                0x10009468       0x4c CMakeFiles/lab5_red.dir/home/Tashifeen/pico-sdk/lib/cyw43-driver/src/cyw43_ll.c.o
                0x10009468                cyw43_ll_wifi_set_wpa_auth
 .text.cyw43_ll_wifi_rejoin
                0x100094b4       0x58 CMakeFiles/lab5_red.dir/home/Tashifeen/pico-sdk/lib/cyw43-driver/src/cyw43_ll.c.o
                0x100094b4                cyw43_ll_wifi_rejoin
 .text.cyw43_ll_gpio_set
                0x1000950c       0x94 CMakeFiles/lab5_red.dir/home/Tashifeen/pico-sdk/lib/cyw43-driver/src/cyw43_ll.c.o
                0x1000950c                cyw43_ll_gpio_set
 .text.cyw43_ll_has_work
                0x100095a0       0x14 CMakeFiles/lab5_red.dir/home/Tashifeen/pico-sdk/lib/cyw43-driver/src/cyw43_ll.c.o
                0x100095a0                cyw43_ll_has_work
 .text.cyw43_poll_func
                0x100095b4       0xc0 CMakeFiles/lab5_red.dir/home/Tashifeen/pico-sdk/lib/cyw43-driver/src/cyw43_ctrl.c.o
 .text.cyw43_init
                0x10009674       0x6c CMakeFiles/lab5_red.dir/home/Tashifeen/pico-sdk/lib/cyw43-driver/src/cyw43_ctrl.c.o
                0x10009674                cyw43_init
 .text.cyw43_deinit
                0x100096e0       0x90 CMakeFiles/lab5_red.dir/home/Tashifeen/pico-sdk/lib/cyw43-driver/src/cyw43_ctrl.c.o
                0x100096e0                cyw43_deinit
 .text.cyw43_cb_read_host_interrupt_pin
                0x10009770        0xc CMakeFiles/lab5_red.dir/home/Tashifeen/pico-sdk/lib/cyw43-driver/src/cyw43_ctrl.c.o
                0x10009770                cyw43_cb_read_host_interrupt_pin
 .text.cyw43_cb_ensure_awake
                0x1000977c        0xc CMakeFiles/lab5_red.dir/home/Tashifeen/pico-sdk/lib/cyw43-driver/src/cyw43_ctrl.c.o
                0x1000977c                cyw43_cb_ensure_awake
 .text.cyw43_cb_process_async_event
                0x10009788      0x210 CMakeFiles/lab5_red.dir/home/Tashifeen/pico-sdk/lib/cyw43-driver/src/cyw43_ctrl.c.o
                0x10009788                cyw43_cb_process_async_event
 .text.cyw43_gpio_set
                0x10009998       0xa4 CMakeFiles/lab5_red.dir/home/Tashifeen/pico-sdk/lib/cyw43-driver/src/cyw43_ctrl.c.o
                0x10009998                cyw43_gpio_set
 .text.pio_sm_set_pindirs_with_mask64
                0x10009a3c       0xac CMakeFiles/lab5_red.dir/home/Tashifeen/pico-sdk/src/rp2_common/hardware_pio/pio.c.o
                0x10009a3c                pio_sm_set_pindirs_with_mask64
 .text.pio_sm_set_consecutive_pindirs
                0x10009ae8       0xb4 CMakeFiles/lab5_red.dir/home/Tashifeen/pico-sdk/src/rp2_common/hardware_pio/pio.c.o
                0x10009ae8                pio_sm_set_consecutive_pindirs
 .text.pio_claim_free_sm_and_add_program_for_gpio_range
                0x10009b9c      0x184 CMakeFiles/lab5_red.dir/home/Tashifeen/pico-sdk/src/rp2_common/hardware_pio/pio.c.o
                0x10009b9c                pio_claim_free_sm_and_add_program_for_gpio_range
 .text.pio_remove_program_and_unclaim_sm
                0x10009d20       0x40 CMakeFiles/lab5_red.dir/home/Tashifeen/pico-sdk/src/rp2_common/hardware_pio/pio.c.o
                0x10009d20                pio_remove_program_and_unclaim_sm
 .text.dma_channel_unclaim
                0x10009d60       0x14 CMakeFiles/lab5_red.dir/home/Tashifeen/pico-sdk/src/rp2_common/hardware_dma/dma.c.o
                0x10009d60                dma_channel_unclaim
 .text.dma_claim_unused_channel
                0x10009d74       0x24 CMakeFiles/lab5_red.dir/home/Tashifeen/pico-sdk/src/rp2_common/hardware_dma/dma.c.o
                0x10009d74                dma_claim_unused_channel
 .text.dma_channel_cleanup
                0x10009d98       0x64 CMakeFiles/lab5_red.dir/home/Tashifeen/pico-sdk/src/rp2_common/hardware_dma/dma.c.o
                0x10009d98                dma_channel_cleanup
 .text.cyw43_sleep_timeout_reached
                0x10009dfc       0x10 CMakeFiles/lab5_red.dir/home/Tashifeen/pico-sdk/src/rp2_common/pico_cyw43_driver/cyw43_driver.c.o
 .text.cyw43_irq_init
                0x10009e0c       0x28 CMakeFiles/lab5_red.dir/home/Tashifeen/pico-sdk/src/rp2_common/pico_cyw43_driver/cyw43_driver.c.o
                0x10009e0c                cyw43_irq_init
 .text.cyw43_irq_deinit
                0x10009e34       0x20 CMakeFiles/lab5_red.dir/home/Tashifeen/pico-sdk/src/rp2_common/pico_cyw43_driver/cyw43_driver.c.o
                0x10009e34                cyw43_irq_deinit
 .text.cyw43_gpio_irq_handler
                0x10009e54       0x44 CMakeFiles/lab5_red.dir/home/Tashifeen/pico-sdk/src/rp2_common/pico_cyw43_driver/cyw43_driver.c.o
 .text.cyw43_do_poll
                0x10009e98       0x6c CMakeFiles/lab5_red.dir/home/Tashifeen/pico-sdk/src/rp2_common/pico_cyw43_driver/cyw43_driver.c.o
 .text.cyw43_post_poll_hook
                0x10009f04       0x10 CMakeFiles/lab5_red.dir/home/Tashifeen/pico-sdk/src/rp2_common/pico_cyw43_driver/cyw43_driver.c.o
                0x10009f04                cyw43_post_poll_hook
 .text.cyw43_schedule_internal_poll_dispatch
                0x10009f14       0x18 CMakeFiles/lab5_red.dir/home/Tashifeen/pico-sdk/src/rp2_common/pico_cyw43_driver/cyw43_driver.c.o
                0x10009f14                cyw43_schedule_internal_poll_dispatch
 .text.cyw43_driver_init
                0x10009f2c       0x38 CMakeFiles/lab5_red.dir/home/Tashifeen/pico-sdk/src/rp2_common/pico_cyw43_driver/cyw43_driver.c.o
                0x10009f2c                cyw43_driver_init
 .text.cyw43_driver_deinit
                0x10009f64       0x4c CMakeFiles/lab5_red.dir/home/Tashifeen/pico-sdk/src/rp2_common/pico_cyw43_driver/cyw43_driver.c.o
                0x10009f64                cyw43_driver_deinit
 .text.cyw43_hal_generate_laa_mac
                0x10009fb0       0x28 CMakeFiles/lab5_red.dir/home/Tashifeen/pico-sdk/src/rp2_common/pico_cyw43_driver/cyw43_driver.c.o
                0x10009fb0                cyw43_hal_generate_laa_mac
 .text.cyw43_thread_enter
                0x10009fd8       0x14 CMakeFiles/lab5_red.dir/home/Tashifeen/pico-sdk/src/rp2_common/pico_cyw43_driver/cyw43_driver.c.o
                0x10009fd8                cyw43_thread_enter
 .text.cyw43_thread_exit
                0x10009fec       0x14 CMakeFiles/lab5_red.dir/home/Tashifeen/pico-sdk/src/rp2_common/pico_cyw43_driver/cyw43_driver.c.o
                0x10009fec                cyw43_thread_exit
 .text.cyw43_await_background_or_timeout_us
                0x1000a000       0x5c CMakeFiles/lab5_red.dir/home/Tashifeen/pico-sdk/src/rp2_common/pico_cyw43_driver/cyw43_driver.c.o
                0x1000a000                cyw43_await_background_or_timeout_us
 .text.cyw43_delay_ms
                0x1000a05c       0x44 CMakeFiles/lab5_red.dir/home/Tashifeen/pico-sdk/src/rp2_common/pico_cyw43_driver/cyw43_driver.c.o
                0x1000a05c                cyw43_delay_ms
 .text.cyw43_cb_tcpip_deinit
                0x1000a0a0        0x4 CMakeFiles/lab5_red.dir/home/Tashifeen/pico-sdk/src/rp2_common/pico_cyw43_driver/cyw43_driver.c.o
                0x1000a0a0                cyw43_cb_tcpip_deinit
 .text.cyw43_cb_tcpip_set_link_up
                0x1000a0a4        0xc CMakeFiles/lab5_red.dir/home/Tashifeen/pico-sdk/src/rp2_common/pico_cyw43_driver/cyw43_driver.c.o
                0x1000a0a4                cyw43_cb_tcpip_set_link_up
 .text.cyw43_cb_tcpip_set_link_down
                0x1000a0b0        0xc CMakeFiles/lab5_red.dir/home/Tashifeen/pico-sdk/src/rp2_common/pico_cyw43_driver/cyw43_driver.c.o
                0x1000a0b0                cyw43_cb_tcpip_set_link_down
 .text.cyw43_cb_process_ethernet
                0x1000a0bc        0xc CMakeFiles/lab5_red.dir/home/Tashifeen/pico-sdk/src/rp2_common/pico_cyw43_driver/cyw43_driver.c.o
                0x1000a0bc                cyw43_cb_process_ethernet
 .text.async_context_threadsafe_background_acquire_lock_blocking
                0x1000a0c8        0xc CMakeFiles/lab5_red.dir/home/Tashifeen/pico-sdk/src/rp2_common/pico_async_context/async_context_threadsafe_background.c.o
 .text.alarm_handler
                0x1000a0d4       0x20 CMakeFiles/lab5_red.dir/home/Tashifeen/pico-sdk/src/rp2_common/pico_async_context/async_context_threadsafe_background.c.o
 .text.async_context_threadsafe_background_set_work_pending
                0x1000a0f4       0x1c CMakeFiles/lab5_red.dir/home/Tashifeen/pico-sdk/src/rp2_common/pico_async_context/async_context_threadsafe_background.c.o
 .text.process_under_lock
                0x1000a110       0xcc CMakeFiles/lab5_red.dir/home/Tashifeen/pico-sdk/src/rp2_common/pico_async_context/async_context_threadsafe_background.c.o
 .text.async_context_threadsafe_background_execute_sync
                0x1000a1dc       0x30 CMakeFiles/lab5_red.dir/home/Tashifeen/pico-sdk/src/rp2_common/pico_async_context/async_context_threadsafe_background.c.o
                0x1000a1dc                async_context_threadsafe_background_execute_sync
 .text.async_context_threadsafe_background_deinit
                0x1000a20c       0x54 CMakeFiles/lab5_red.dir/home/Tashifeen/pico-sdk/src/rp2_common/pico_async_context/async_context_threadsafe_background.c.o
 .text.low_priority_irq_handler
                0x1000a260       0x3c CMakeFiles/lab5_red.dir/home/Tashifeen/pico-sdk/src/rp2_common/pico_async_context/async_context_threadsafe_background.c.o
 .text.async_context_threadsafe_background_wait_for_work_until
                0x1000a29c        0xc CMakeFiles/lab5_red.dir/home/Tashifeen/pico-sdk/src/rp2_common/pico_async_context/async_context_threadsafe_background.c.o
 .text.async_context_threadsafe_background_wait_until
                0x1000a2a8       0x1c CMakeFiles/lab5_red.dir/home/Tashifeen/pico-sdk/src/rp2_common/pico_async_context/async_context_threadsafe_background.c.o
 .text.async_context_threadsafe_background_lock_check
                0x1000a2c4       0x28 CMakeFiles/lab5_red.dir/home/Tashifeen/pico-sdk/src/rp2_common/pico_async_context/async_context_threadsafe_background.c.o
 .text.async_context_threadsafe_background_release_lock
                0x1000a2ec       0x1c CMakeFiles/lab5_red.dir/home/Tashifeen/pico-sdk/src/rp2_common/pico_async_context/async_context_threadsafe_background.c.o
 .text.async_context_threadsafe_background_when_pending_worker
                0x1000a308       0x34 CMakeFiles/lab5_red.dir/home/Tashifeen/pico-sdk/src/rp2_common/pico_async_context/async_context_threadsafe_background.c.o
 .text.async_context_threadsafe_background_add_when_pending_worker
                0x1000a33c       0x34 CMakeFiles/lab5_red.dir/home/Tashifeen/pico-sdk/src/rp2_common/pico_async_context/async_context_threadsafe_background.c.o
 .text.async_context_threadsafe_background_remove_at_time_worker
                0x1000a370       0x34 CMakeFiles/lab5_red.dir/home/Tashifeen/pico-sdk/src/rp2_common/pico_async_context/async_context_threadsafe_background.c.o
 .text.async_context_threadsafe_background_add_at_time_worker
                0x1000a3a4       0x34 CMakeFiles/lab5_red.dir/home/Tashifeen/pico-sdk/src/rp2_common/pico_async_context/async_context_threadsafe_background.c.o
 .text.async_context_threadsafe_background_default_config
                0x1000a3d8        0xc CMakeFiles/lab5_red.dir/home/Tashifeen/pico-sdk/src/rp2_common/pico_async_context/async_context_threadsafe_background.c.o
                0x1000a3d8                async_context_threadsafe_background_default_config
 .text.async_context_threadsafe_background_init
                0x1000a3e4       0x8c CMakeFiles/lab5_red.dir/home/Tashifeen/pico-sdk/src/rp2_common/pico_async_context/async_context_threadsafe_background.c.o
                0x1000a3e4                async_context_threadsafe_background_init
 .text.async_context_base_add_at_time_worker
                0x1000a470       0x28 CMakeFiles/lab5_red.dir/home/Tashifeen/pico-sdk/src/rp2_common/pico_async_context/async_context_base.c.o
                0x1000a470                async_context_base_add_at_time_worker
 .text.async_context_base_remove_at_time_worker
                0x1000a498       0x24 CMakeFiles/lab5_red.dir/home/Tashifeen/pico-sdk/src/rp2_common/pico_async_context/async_context_base.c.o
                0x1000a498                async_context_base_remove_at_time_worker
 .text.async_context_base_add_when_pending_worker
                0x1000a4bc       0x24 CMakeFiles/lab5_red.dir/home/Tashifeen/pico-sdk/src/rp2_common/pico_async_context/async_context_base.c.o
                0x1000a4bc                async_context_base_add_when_pending_worker
 .text.async_context_base_remove_when_pending_worker
                0x1000a4e0       0x24 CMakeFiles/lab5_red.dir/home/Tashifeen/pico-sdk/src/rp2_common/pico_async_context/async_context_base.c.o
                0x1000a4e0                async_context_base_remove_when_pending_worker
 .text.async_context_base_execute_once
                0x1000a504      0x108 CMakeFiles/lab5_red.dir/home/Tashifeen/pico-sdk/src/rp2_common/pico_async_context/async_context_base.c.o
                0x1000a504                async_context_base_execute_once
 .text          0x1000a60c       0x5c /usr/lib/gcc/arm-none-eabi/14.2.1/../../../arm-none-eabi/lib/thumb/v6-m/nofp/libg.a(libc_a-strlen-stub.o)
                0x1000a60c                strlen
 .text          0x1000a668       0x28 /usr/lib/gcc/arm-none-eabi/14.2.1/../../../arm-none-eabi/lib/thumb/v6-m/nofp/libg.a(libc_a-fini.o)
                0x1000a668                __libc_fini_array
 .text          0x1000a690       0x74 /usr/lib/gcc/arm-none-eabi/14.2.1/../../../arm-none-eabi/lib/thumb/v6-m/nofp/libg.a(libc_a-strncmp.o)
                0x1000a690                strncmp
 .text          0x1000a704       0xb0 /usr/lib/gcc/arm-none-eabi/14.2.1/../../../arm-none-eabi/lib/thumb/v6-m/nofp/libg.a(libc_a-memmove.o)
                0x1000a704                memmove
 .text          0x1000a7b4       0x10 /usr/lib/gcc/arm-none-eabi/14.2.1/../../../arm-none-eabi/lib/thumb/v6-m/nofp/libg.a(libc_a-atexit.o)
                0x1000a7b4                atexit
 .text          0x1000a7c4       0x78 /usr/lib/gcc/arm-none-eabi/14.2.1/../../../arm-none-eabi/lib/thumb/v6-m/nofp/libg.a(libc_a-__atexit.o)
                0x1000a7c4                __register_exitproc
 .text.startup  0x1000a83c       0x18 /usr/lib/gcc/arm-none-eabi/14.2.1/../../../arm-none-eabi/lib/thumb/v6-m/nofp/libg.a(libc_a-__call_atexit.o)
 *(.fini)
 .fini          0x1000a854        0x4 /usr/lib/gcc/arm-none-eabi/14.2.1/thumb/v6-m/nofp/crti.o
                0x1000a854                _fini
 .fini.__stub   0x1000a858      0x110 linker stubs
 *crtbegin.o(.ctors)
 *crtbegin?.o(.ctors)
 *(EXCLUDE_FILE(*crtend.o *crtend?.o) .ctors)
 *(SORT_BY_NAME(.ctors.*))
 *(.ctors)
 *crtbegin.o(.dtors)
 *crtbegin?.o(.dtors)
 *(EXCLUDE_FILE(*crtend.o *crtend?.o) .dtors)
 *(SORT_BY_NAME(.dtors.*))
 *(.dtors)
                0x1000a968                        . = ALIGN (0x4)
                0x1000a968                        PROVIDE (__preinit_array_start = .)
 *(SORT_BY_NAME(.preinit_array.*))
 .preinit_array.00100
                0x1000a968        0x4 CMakeFiles/lab5_red.dir/home/Tashifeen/pico-sdk/src/rp2_common/pico_runtime_init/runtime_init.c.o
                0x1000a968                __pre_init_runtime_init_early_resets
 .preinit_array.00101
                0x1000a96c        0x4 CMakeFiles/lab5_red.dir/home/Tashifeen/pico-sdk/src/rp2_common/pico_runtime_init/runtime_init.c.o
                0x1000a96c                __pre_init_runtime_init_usb_power_down
 .preinit_array.00275
                0x1000a970        0x4 CMakeFiles/lab5_red.dir/home/Tashifeen/pico-sdk/src/rp2_common/pico_bit_ops/bit_ops_aeabi.S.o
 .preinit_array.00300
                0x1000a974        0x4 CMakeFiles/lab5_red.dir/home/Tashifeen/pico-sdk/src/rp2_common/pico_mem_ops/mem_ops_aeabi.S.o
 .preinit_array.00350
                0x1000a978        0x4 CMakeFiles/lab5_red.dir/home/Tashifeen/pico-sdk/src/rp2_common/pico_double/double_aeabi_rp2040.S.o
 .preinit_array.00350
                0x1000a97c        0x4 CMakeFiles/lab5_red.dir/home/Tashifeen/pico-sdk/src/rp2_common/pico_float/float_aeabi_rp2040.S.o
 .preinit_array.00500
                0x1000a980        0x4 CMakeFiles/lab5_red.dir/home/Tashifeen/pico-sdk/src/rp2_common/pico_runtime_init/runtime_init.c.o
                0x1000a980                __pre_init_runtime_init_clocks
 .preinit_array.00600
                0x1000a984        0x4 CMakeFiles/lab5_red.dir/home/Tashifeen/pico-sdk/src/rp2_common/pico_runtime_init/runtime_init.c.o
                0x1000a984                __pre_init_runtime_init_post_clock_resets
 .preinit_array.00700
                0x1000a988        0x4 CMakeFiles/lab5_red.dir/home/Tashifeen/pico-sdk/src/rp2_common/pico_runtime_init/runtime_init.c.o
                0x1000a988                __pre_init_runtime_init_rp2040_gpio_ie_disable
 .preinit_array.01000
                0x1000a98c        0x4 CMakeFiles/lab5_red.dir/home/Tashifeen/pico-sdk/src/rp2_common/pico_runtime_init/runtime_init.c.o
                0x1000a98c                __pre_init_runtime_init_spin_locks_reset
 .preinit_array.01100
                0x1000a990        0x4 CMakeFiles/lab5_red.dir/home/Tashifeen/pico-sdk/src/common/pico_sync/mutex.c.o
                0x1000a990                __pre_init_runtime_init_mutex
 .preinit_array.10080
                0x1000a994        0x4 CMakeFiles/lab5_red.dir/home/Tashifeen/pico-sdk/src/rp2_common/pico_runtime_init/runtime_init.c.o
                0x1000a994                __pre_init_runtime_init_install_ram_vector_table
 .preinit_array.11000
                0x1000a998        0x4 CMakeFiles/lab5_red.dir/home/Tashifeen/pico-sdk/src/common/pico_time/time.c.o
                0x1000a998                __pre_init_runtime_init_default_alarm_pool
 .preinit_array.YYYYY
                0x1000a99c        0x4 CMakeFiles/lab5_red.dir/home/Tashifeen/pico-sdk/src/rp2_common/pico_runtime/runtime.c.o
                0x1000a99c                __pre_init_first_per_core_initializer
 .preinit_array.ZZZZZ.01200
                0x1000a9a0        0x4 CMakeFiles/lab5_red.dir/home/Tashifeen/pico-sdk/src/rp2_common/hardware_irq/irq.c.o
                0x1000a9a0                __pre_init_runtime_init_per_core_irq_priorities
 *(.preinit_array)
                0x1000a9a4                        PROVIDE (__preinit_array_end = .)
                0x1000a9a4                        . = ALIGN (0x4)
                0x1000a9a4                        PROVIDE (__init_array_start = .)
 *(SORT_BY_NAME(.init_array.*))
 .init_array.00000
                0x1000a9a4        0x4 /usr/lib/gcc/arm-none-eabi/14.2.1/../../../arm-none-eabi/lib/thumb/v6-m/nofp/libg.a(libc_a-__call_atexit.o)
 .init_array.01000
                0x1000a9a8        0x4 CMakeFiles/lab5_red.dir/home/Tashifeen/pico-sdk/src/rp2_common/pico_unique_id/unique_id.c.o
 *(.init_array)
 .init_array    0x1000a9ac        0x4 /usr/lib/gcc/arm-none-eabi/14.2.1/thumb/v6-m/nofp/crtbegin.o
                0x1000a9b0                        PROVIDE (__init_array_end = .)
                0x1000a9b0                        . = ALIGN (0x4)
                0x1000a9b0                        PROVIDE (__fini_array_start = .)
 *(SORT_BY_NAME(.fini_array.*))
 *(.fini_array)
                0x1000a9b0                        PROVIDE (__fini_array_end = .)
 *(.eh_frame*)
 .eh_frame      0x1000a9b0        0x0 /usr/lib/gcc/arm-none-eabi/14.2.1/thumb/v6-m/nofp/crtbegin.o
                0x1000a9b0                        . = ALIGN (0x4)

.glue_7         0x1000a9b0        0x0
 .glue_7        0x1000a9b0        0x0 linker stubs

.glue_7t        0x1000a9b0        0x0
 .glue_7t       0x1000a9b0        0x0 linker stubs

.vfp11_veneer   0x1000a9b0        0x0
 .vfp11_veneer  0x1000a9b0        0x0 linker stubs

.v4_bx          0x1000a9b0        0x0
 .v4_bx         0x1000a9b0        0x0 linker stubs

.iplt           0x1000a9b0        0x0
 .iplt          0x1000a9b0        0x0 /usr/lib/gcc/arm-none-eabi/14.2.1/thumb/v6-m/nofp/crtbegin.o

.rodata         0x1000a9b0    0x37fa0
 *(EXCLUDE_FILE(*libm.a: *libc.a:*lib_a-mem*.o *libgcc.a:) .rodata*)
 .rodata.panic.str1.4
                0x1000a9b0      0x544 CMakeFiles/lab5_red.dir/home/Tashifeen/pico-sdk/src/rp2_common/pico_platform_panic/panic.c.o
                                 0x12 (size before relaxing)
 .rodata.spin_lock_claim_unused.str1.4
                0x1000aef4       0x1b CMakeFiles/lab5_red.dir/home/Tashifeen/pico-sdk/src/rp2_common/hardware_sync/sync.c.o
 .rodata.user_irq_claim_unused.str1.4
                0x1000aef4       0x1b CMakeFiles/lab5_red.dir/home/Tashifeen/pico-sdk/src/rp2_common/hardware_irq/irq.c.o
 *fill*         0x1000aef4        0x4 
 .rodata.at_the_end_of_time
                0x1000aef8        0x8 CMakeFiles/lab5_red.dir/home/Tashifeen/pico-sdk/src/common/pico_time/time.c.o
                0x1000aef8                at_the_end_of_time
 .rodata.timer_hardware_alarm_claim.str1.4
                0x1000af00       0x22 CMakeFiles/lab5_red.dir/home/Tashifeen/pico-sdk/src/rp2_common/hardware_timer/timer.c.o
 .rodata.hard_assertion_failure.str1.4
                0x1000af00        0xc CMakeFiles/lab5_red.dir/home/Tashifeen/pico-sdk/src/rp2_common/pico_runtime/runtime.c.o
 .rodata.missing_double_func_shim.str1.4
                0x1000af00       0x18 CMakeFiles/lab5_red.dir/home/Tashifeen/pico-sdk/src/rp2_common/pico_double/double_init_rom_rp2040.c.o
 .rodata.missing_float_func_shim.str1.4
                0x1000af00        0x1 CMakeFiles/lab5_red.dir/home/Tashifeen/pico-sdk/src/rp2_common/pico_float/float_init_rom_rp2040.c.o
 .rodata.str1.4
                0x1000af00       0x40 CMakeFiles/lab5_red.dir/home/Tashifeen/pico-sdk/src/rp2_common/pico_standard_binary_info/standard_binary_info.c.o
 .rodata.__bi_84
                0x1000af00        0xc CMakeFiles/lab5_red.dir/home/Tashifeen/pico-sdk/src/rp2_common/pico_standard_binary_info/standard_binary_info.c.o
 .rodata.__bi_78
                0x1000af0c        0xc CMakeFiles/lab5_red.dir/home/Tashifeen/pico-sdk/src/rp2_common/pico_standard_binary_info/standard_binary_info.c.o
 .rodata.__bi_54
                0x1000af18        0xc CMakeFiles/lab5_red.dir/home/Tashifeen/pico-sdk/src/rp2_common/pico_standard_binary_info/standard_binary_info.c.o
 .rodata.__bi_48
                0x1000af24        0xc CMakeFiles/lab5_red.dir/home/Tashifeen/pico-sdk/src/rp2_common/pico_standard_binary_info/standard_binary_info.c.o
 .rodata.__bi_42
                0x1000af30        0xc CMakeFiles/lab5_red.dir/home/Tashifeen/pico-sdk/src/rp2_common/pico_standard_binary_info/standard_binary_info.c.o
 .rodata.__bi_34
                0x1000af3c        0xc CMakeFiles/lab5_red.dir/home/Tashifeen/pico-sdk/src/rp2_common/pico_standard_binary_info/standard_binary_info.c.o
 .rodata.__bi_26
                0x1000af48        0xc CMakeFiles/lab5_red.dir/home/Tashifeen/pico-sdk/src/rp2_common/pico_standard_binary_info/standard_binary_info.c.o
 .rodata._ftoa.str1.4
                0x1000af54       0x15 CMakeFiles/lab5_red.dir/home/Tashifeen/pico-sdk/src/rp2_common/pico_printf/printf.c.o
 .rodata._vsnprintf
                0x1000af54      0x19c CMakeFiles/lab5_red.dir/home/Tashifeen/pico-sdk/src/rp2_common/pico_printf/printf.c.o
 .rodata.pow10.0
                0x1000b0f0       0x50 CMakeFiles/lab5_red.dir/home/Tashifeen/pico-sdk/src/rp2_common/pico_printf/printf.c.o
 .rodata.crlf_str.0
                0x1000b140        0x2 CMakeFiles/lab5_red.dir/home/Tashifeen/pico-sdk/src/rp2_common/pico_stdio/stdio.c.o
 *fill*         0x1000b142        0x2 
 .rodata._resetd_driver
                0x1000b144       0x20 CMakeFiles/lab5_red.dir/home/Tashifeen/pico-sdk/src/rp2_common/pico_stdio_usb/reset_interface.c.o
 .rodata.desc_ms_os_20
                0x1000b164       0xa6 CMakeFiles/lab5_red.dir/home/Tashifeen/pico-sdk/src/rp2_common/pico_stdio_usb/reset_interface.c.o
 *fill*         0x1000b20a        0x2 
 .rodata.desc_bos
                0x1000b20c       0x21 CMakeFiles/lab5_red.dir/home/Tashifeen/pico-sdk/src/rp2_common/pico_stdio_usb/reset_interface.c.o
                0x1000b20c                desc_bos
 .rodata.str1.4
                0x1000b22d       0x13 CMakeFiles/lab5_red.dir/home/Tashifeen/pico-sdk/src/rp2_common/pico_stdio_usb/stdio_usb.c.o
 *fill*         0x1000b22d        0x3 
 .rodata.__bi_202.0
                0x1000b230        0xc CMakeFiles/lab5_red.dir/home/Tashifeen/pico-sdk/src/rp2_common/pico_stdio_usb/stdio_usb.c.o
 .rodata.str1.4
                0x1000b23c       0x2a CMakeFiles/lab5_red.dir/home/Tashifeen/pico-sdk/src/rp2_common/pico_stdio_usb/stdio_usb_descriptors.c.o
 .rodata.usbd_desc_str
                0x1000b23c       0x18 CMakeFiles/lab5_red.dir/home/Tashifeen/pico-sdk/src/rp2_common/pico_stdio_usb/stdio_usb_descriptors.c.o
 .rodata.usbd_desc_cfg
                0x1000b254       0x54 CMakeFiles/lab5_red.dir/home/Tashifeen/pico-sdk/src/rp2_common/pico_stdio_usb/stdio_usb_descriptors.c.o
 .rodata.usbd_desc_device
                0x1000b2a8       0x12 CMakeFiles/lab5_red.dir/home/Tashifeen/pico-sdk/src/rp2_common/pico_stdio_usb/stdio_usb_descriptors.c.o
 .rodata.str1.4
                0x1000b2ba       0x14 CMakeFiles/lab5_red.dir/home/Tashifeen/pico-sdk/lib/tinyusb/src/portable/raspberrypi/rp2040/dcd_rp2040.c.o
 .rodata.str1.4
                0x1000b2ba       0x48 CMakeFiles/lab5_red.dir/home/Tashifeen/pico-sdk/lib/tinyusb/src/portable/raspberrypi/rp2040/rp2040_usb.c.o
 *fill*         0x1000b2ba        0x2 
 .rodata.tud_task_ext
                0x1000b2bc       0x8c CMakeFiles/lab5_red.dir/home/Tashifeen/pico-sdk/lib/tinyusb/src/device/usbd.c.o
 .rodata        0x1000b348       0x1c CMakeFiles/lab5_red.dir/home/Tashifeen/pico-sdk/lib/tinyusb/src/device/usbd.c.o
 .rodata._usbd_driver
                0x1000b364       0x40 CMakeFiles/lab5_red.dir/home/Tashifeen/pico-sdk/lib/tinyusb/src/device/usbd.c.o
 .rodata.cyw43_read_bytes.str1.4
                0x1000b3a4       0x1a CMakeFiles/lab5_red.dir/home/Tashifeen/pico-sdk/src/rp2_common/pico_cyw43_driver/cyw43_bus_pio_spi.c.o
 .rodata.cyw43_write_bytes.str1.4
                0x1000b3a4        0xd CMakeFiles/lab5_red.dir/home/Tashifeen/pico-sdk/src/rp2_common/pico_cyw43_driver/cyw43_bus_pio_spi.c.o
 .rodata.spi_gap01_sample0_program
                0x1000b3a4        0x8 CMakeFiles/lab5_red.dir/home/Tashifeen/pico-sdk/src/rp2_common/pico_cyw43_driver/cyw43_bus_pio_spi.c.o
 .rodata.spi_gap01_sample0_program_instructions
                0x1000b3ac        0xc CMakeFiles/lab5_red.dir/home/Tashifeen/pico-sdk/src/rp2_common/pico_cyw43_driver/cyw43_bus_pio_spi.c.o
 .rodata.cyw43_kso_set.str1.4
                0x1000b3b8       0x23 CMakeFiles/lab5_red.dir/home/Tashifeen/pico-sdk/lib/cyw43-driver/src/cyw43_ll.c.o
 .rodata.cyw43_ll_sdpcm_poll_device.str1.4
                0x1000b3b8       0x55 CMakeFiles/lab5_red.dir/home/Tashifeen/pico-sdk/lib/cyw43-driver/src/cyw43_ll.c.o
 .rodata.cyw43_sdpcm_send_common.str1.4
                0x1000b3b8       0x22 CMakeFiles/lab5_red.dir/home/Tashifeen/pico-sdk/lib/cyw43-driver/src/cyw43_ll.c.o
 .rodata.cyw43_do_ioctl.part.0.str1.4
                0x1000b3b8       0x53 CMakeFiles/lab5_red.dir/home/Tashifeen/pico-sdk/lib/cyw43-driver/src/cyw43_ll.c.o
 .rodata.reset_device_core.constprop.0.str1.4
                0x1000b3b8       0x1a CMakeFiles/lab5_red.dir/home/Tashifeen/pico-sdk/lib/cyw43-driver/src/cyw43_ll.c.o
 .rodata.cyw43_ll_wifi_on.str1.4
                0x1000b3b8       0x52 CMakeFiles/lab5_red.dir/home/Tashifeen/pico-sdk/lib/cyw43-driver/src/cyw43_ll.c.o
 .rodata.cyw43_ll_bus_init.str1.4
                0x1000b3b8       0xea CMakeFiles/lab5_red.dir/home/Tashifeen/pico-sdk/lib/cyw43-driver/src/cyw43_ll.c.o
 .rodata.cyw43_ll_gpio_set.str1.4
                0x1000b3b8        0x8 CMakeFiles/lab5_red.dir/home/Tashifeen/pico-sdk/lib/cyw43-driver/src/cyw43_ll.c.o
 .rodata.w43439A0_7_95_49_00_combined
                0x1000b3b8    0x36fd8 CMakeFiles/lab5_red.dir/home/Tashifeen/pico-sdk/lib/cyw43-driver/src/cyw43_ll.c.o
 .rodata.wifi_nvram_4343
                0x10042390      0x2e7 CMakeFiles/lab5_red.dir/home/Tashifeen/pico-sdk/lib/cyw43-driver/src/cyw43_ll.c.o
 *fill*         0x10042677        0x1 
 .rodata        0x10042678       0x72 CMakeFiles/lab5_red.dir/home/Tashifeen/pico-sdk/lib/cyw43-driver/src/cyw43_ll.c.o
 .rodata.cyw43_cb_process_async_event.str1.4
                0x100426ea       0x28 CMakeFiles/lab5_red.dir/home/Tashifeen/pico-sdk/lib/cyw43-driver/src/cyw43_ctrl.c.o
 *fill*         0x100426ea        0x2 
 .rodata.cyw43_cb_process_async_event
                0x100426ec       0xc8 CMakeFiles/lab5_red.dir/home/Tashifeen/pico-sdk/lib/cyw43-driver/src/cyw43_ctrl.c.o
 .rodata.str1.4
                0x100427b4       0x9e CMakeFiles/lab5_red.dir/home/Tashifeen/pico-sdk/lib/cyw43-driver/src/cyw43_ctrl.c.o
 .rodata.cyw43_async_event_name_table
                0x100427b4      0x164 CMakeFiles/lab5_red.dir/home/Tashifeen/pico-sdk/lib/cyw43-driver/src/cyw43_ctrl.c.o
 .rodata.pio_claim_unused_sm.str1.4
                0x10042918       0x24 CMakeFiles/lab5_red.dir/home/Tashifeen/pico-sdk/src/rp2_common/hardware_pio/pio.c.o
 .rodata.dma_claim_unused_channel.str1.4
                0x10042918       0x1e CMakeFiles/lab5_red.dir/home/Tashifeen/pico-sdk/src/rp2_common/hardware_dma/dma.c.o
 .rodata.cyw43_cb_tcpip_set_link_up.str1.4
                0x10042918       0x20 CMakeFiles/lab5_red.dir/home/Tashifeen/pico-sdk/src/rp2_common/pico_cyw43_driver/cyw43_driver.c.o
 .rodata.async_context_threadsafe_background_lock_check.str1.4
                0x10042918       0x20 CMakeFiles/lab5_red.dir/home/Tashifeen/pico-sdk/src/rp2_common/pico_async_context/async_context_threadsafe_background.c.o
 .rodata.template
                0x10042918       0x38 CMakeFiles/lab5_red.dir/home/Tashifeen/pico-sdk/src/rp2_common/pico_async_context/async_context_threadsafe_background.c.o
                0x10042950                        . = ALIGN (0x4)
 *(SORT_BY_ALIGNMENT(SORT_BY_NAME(.flashdata*)))
                0x10042950                        . = ALIGN (0x4)

.ARM.extab
 *(.ARM.extab* .gnu.linkonce.armextab.*)
                0x10042950                        __exidx_start = .

.ARM.exidx
 *(.ARM.exidx* .gnu.linkonce.armexidx.*)
                0x10042950                        __exidx_end = .
                0x10042950                        . = ALIGN (0x4)
                0x10042950                        __binary_info_start = .

.binary_info    0x10042950       0x20
 *(.binary_info.keep.*)
 .binary_info.keep.__bi_ptr84
                0x10042950        0x4 CMakeFiles/lab5_red.dir/home/Tashifeen/pico-sdk/src/rp2_common/pico_standard_binary_info/standard_binary_info.c.o
 .binary_info.keep.__bi_ptr78
                0x10042954        0x4 CMakeFiles/lab5_red.dir/home/Tashifeen/pico-sdk/src/rp2_common/pico_standard_binary_info/standard_binary_info.c.o
 .binary_info.keep.__bi_ptr54
                0x10042958        0x4 CMakeFiles/lab5_red.dir/home/Tashifeen/pico-sdk/src/rp2_common/pico_standard_binary_info/standard_binary_info.c.o
 .binary_info.keep.__bi_ptr48
                0x1004295c        0x4 CMakeFiles/lab5_red.dir/home/Tashifeen/pico-sdk/src/rp2_common/pico_standard_binary_info/standard_binary_info.c.o
 .binary_info.keep.__bi_ptr42
                0x10042960        0x4 CMakeFiles/lab5_red.dir/home/Tashifeen/pico-sdk/src/rp2_common/pico_standard_binary_info/standard_binary_info.c.o
 .binary_info.keep.__bi_ptr34
                0x10042964        0x4 CMakeFiles/lab5_red.dir/home/Tashifeen/pico-sdk/src/rp2_common/pico_standard_binary_info/standard_binary_info.c.o
 .binary_info.keep.__bi_ptr26
                0x10042968        0x4 CMakeFiles/lab5_red.dir/home/Tashifeen/pico-sdk/src/rp2_common/pico_standard_binary_info/standard_binary_info.c.o
 *(.binary_info.*)
 .binary_info.__bi_ptr202
                0x1004296c        0x4 CMakeFiles/lab5_red.dir/home/Tashifeen/pico-sdk/src/rp2_common/pico_stdio_usb/stdio_usb.c.o
                0x10042970                        __binary_info_end = .
                0x10042970                        . = ALIGN (0x4)

.ram_vector_table
                0x20000000       0xc0
 *(.ram_vector_table)
 .ram_vector_table
                0x20000000       0xc0 CMakeFiles/lab5_red.dir/home/Tashifeen/pico-sdk/src/rp2_common/pico_runtime_init/runtime_init.c.o
                0x20000000                ram_vector_table

.uninitialized_data
                0x200000c0        0x0
                0x200000c0                        . = ALIGN (0x4)
 *(.uninitialized_data*)

.data           0x200000c0     0x11a8 load address 0x10042970
                0x200000c0                        __data_start__ = .
 *(vtable)
 *(.time_critical*)
 .time_critical.sem_acquire_block_until
                0x200000c0       0x68 CMakeFiles/lab5_red.dir/home/Tashifeen/pico-sdk/src/common/pico_sync/sem.c.o
                0x200000c0                sem_acquire_block_until
 .time_critical.sem_release
                0x20000128       0x48 CMakeFiles/lab5_red.dir/home/Tashifeen/pico-sdk/src/common/pico_sync/sem.c.o
                0x20000128                sem_release
 .time_critical.recursive_mutex_enter_blocking
                0x20000170       0x50 CMakeFiles/lab5_red.dir/home/Tashifeen/pico-sdk/src/common/pico_sync/mutex.c.o
                0x20000170                recursive_mutex_enter_blocking
 .time_critical.mutex_try_enter
                0x200001c0       0x40 CMakeFiles/lab5_red.dir/home/Tashifeen/pico-sdk/src/common/pico_sync/mutex.c.o
                0x200001c0                mutex_try_enter
 .time_critical.mutex_try_enter_block_until
                0x20000200       0x98 CMakeFiles/lab5_red.dir/home/Tashifeen/pico-sdk/src/common/pico_sync/mutex.c.o
                0x20000200                mutex_try_enter_block_until
 .time_critical.recursive_mutex_try_enter
                0x20000298       0x50 CMakeFiles/lab5_red.dir/home/Tashifeen/pico-sdk/src/common/pico_sync/mutex.c.o
                0x20000298                recursive_mutex_try_enter
 .time_critical.mutex_enter_timeout_ms
                0x200002e8       0x8c CMakeFiles/lab5_red.dir/home/Tashifeen/pico-sdk/src/common/pico_sync/mutex.c.o
                0x200002e8                mutex_enter_timeout_ms
 .time_critical.mutex_exit
                0x20000374       0x28 CMakeFiles/lab5_red.dir/home/Tashifeen/pico-sdk/src/common/pico_sync/mutex.c.o
                0x20000374                mutex_exit
 .time_critical.recursive_mutex_exit
                0x2000039c       0x44 CMakeFiles/lab5_red.dir/home/Tashifeen/pico-sdk/src/common/pico_sync/mutex.c.o
                0x2000039c                recursive_mutex_exit
 .time_critical.flash_init_boot2_copyout
                0x200003e0       0x30 CMakeFiles/lab5_red.dir/home/Tashifeen/pico-sdk/src/rp2_common/hardware_flash/flash.c.o
 .time_critical.flash_enable_xip_via_boot2
                0x20000410        0xc CMakeFiles/lab5_red.dir/home/Tashifeen/pico-sdk/src/rp2_common/hardware_flash/flash.c.o
 .time_critical.flash_save_hardware_state
                0x2000041c       0x20 CMakeFiles/lab5_red.dir/home/Tashifeen/pico-sdk/src/rp2_common/hardware_flash/flash.c.o
 .time_critical.flash_restore_hardware_state
                0x2000043c       0x20 CMakeFiles/lab5_red.dir/home/Tashifeen/pico-sdk/src/rp2_common/hardware_flash/flash.c.o
 .time_critical.flash_cs_force
                0x2000045c       0x38 CMakeFiles/lab5_red.dir/home/Tashifeen/pico-sdk/src/rp2_common/hardware_flash/flash.c.o
 .time_critical.flash_do_cmd
                0x20000494      0x13c CMakeFiles/lab5_red.dir/home/Tashifeen/pico-sdk/src/rp2_common/hardware_flash/flash.c.o
                0x20000494                flash_do_cmd
 .time_critical.reset_non_control_endpoints