Archive member included to satisfy reference by file (symbol)

/usr/lib/gcc/arm-none-eabi/14.2.1/thumb/v6-m/nofp/libgcc.a(_dvmd_tls.o)
                              CMakeFiles/lab5_amber.dir/home/Tashifeen/pico-sdk/src/rp2_common/pico_divider/divider_hardware.S.o (__aeabi_idiv0)
/usr/lib/gcc/arm-none-eabi/14.2.1/../../../arm-none-eabi/lib/thumb/v6-m/nofp/libg.a(libc_a-strlen-stub.o)
                              CMakeFiles/lab5_amber.dir/home/Tashifeen/pico-sdk/src/rp2_common/pico_stdio/stdio.c.o (strlen)
/usr/lib/gcc/arm-none-eabi/14.2.1/../../../arm-none-eabi/lib/thumb/v6-m/nofp/libg.a(libc_a-fini.o)
                              /usr/lib/gcc/arm-none-eabi/14.2.1/../../../arm-none-eabi/lib/thumb/v6-m/nofp/crt0.o (__libc_fini_array)
/usr/lib/gcc/arm-none-eabi/14.2.1/../../../arm-none-eabi/lib/thumb/v6-m/nofp/libg.a(libc_a-strncmp.o)
                              CMakeFiles/lab5_amber.dir/home/Tashifeen/pico-sdk/lib/cyw43-driver/src/cyw43_ll.c.o (strncmp)
/usr/lib/gcc/arm-none-eabi/14.2.1/../../../arm-none-eabi/lib/thumb/v6-m/nofp/libg.a(libc_a-memmove.o)
                              CMakeFiles/lab5_amber.dir/home/Tashifeen/pico-sdk/lib/cyw43-driver/src/cyw43_ll.c.o (memmove)
/usr/lib/gcc/arm-none-eabi/14.2.1/../../../arm-none-eabi/lib/thumb/v6-m/nofp/libg.a(libc_a-calloc.o)
                              CMakeFiles/lab5_amber.dir/home/Tashifeen/pico-sdk/src/rp2_common/pico_malloc/malloc.c.o (calloc)
/usr/lib/gcc/arm-none-eabi/14.2.1/../../../arm-none-eabi/lib/thumb/v6-m/nofp/libg.a(libc_a-callocr.o)
                              /usr/lib/gcc/arm-none-eabi/14.2.1/../../../arm-none-eabi/lib/thumb/v6-m/nofp/libg.a(libc_a-calloc.o) (_calloc_r)
/usr/lib/gcc/arm-none-eabi/14.2.1/../../../arm-none-eabi/lib/thumb/v6-m/nofp/libg.a(libc_a-realloc.o)
                              CMakeFiles/lab5_amber.dir/home/Tashifeen/pico-sdk/src/rp2_common/pico_malloc/malloc.c.o (realloc)
/usr/lib/gcc/arm-none-eabi/14.2.1/../../../arm-none-eabi/lib/thumb/v6-m/nofp/libg.a(libc_a-mallocr.o)
                              /usr/lib/gcc/arm-none-eabi/14.2.1/../../../arm-none-eabi/lib/thumb/v6-m/nofp/libg.a(libc_a-callocr.o) (_malloc_r)
/usr/lib/gcc/arm-none-eabi/14.2.1/../../../arm-none-eabi/lib/thumb/v6-m/nofp/libg.a(libc_a-freer.o)
                              /usr/lib/gcc/arm-none-eabi/14.2.1/../../../arm-none-eabi/lib/thumb/v6-m/nofp/libg.a(libc_a-mallocr.o) (_free_r)
/usr/lib/gcc/arm-none-eabi/14.2.1/../../../arm-none-eabi/lib/thumb/v6-m/nofp/libg.a(libc_a-memcmp.o)
                              CMakeFiles/lab5_amber.dir/home/Tashifeen/pico-sdk/src/rp2_common/pico_atomic/atomic.c.o (memcmp)
/usr/lib/gcc/arm-none-eabi/14.2.1/../../../arm-none-eabi/lib/thumb/v6-m/nofp/libg.a(libc_a-errno.o)
                              /usr/lib/gcc/arm-none-eabi/14.2.1/../../../arm-none-eabi/lib/thumb/v6-m/nofp/libg.a(libc_a-callocr.o) (__errno)
/usr/lib/gcc/arm-none-eabi/14.2.1/../../../arm-none-eabi/lib/thumb/v6-m/nofp/libg.a(libc_a-malloc.o)
                              CMakeFiles/lab5_amber.dir/home/Tashifeen/pico-sdk/src/rp2_common/pico_malloc/malloc.c.o (malloc)
/usr/lib/gcc/arm-none-eabi/14.2.1/../../../arm-none-eabi/lib/thumb/v6-m/nofp/libg.a(libc_a-reallocr.o)
                              /usr/lib/gcc/arm-none-eabi/14.2.1/../../../arm-none-eabi/lib/thumb/v6-m/nofp/libg.a(libc_a-realloc.o) (_realloc_r)
/usr/lib/gcc/arm-none-eabi/14.2.1/../../../arm-none-eabi/lib/thumb/v6-m/nofp/libg.a(libc_a-mktime.o)
                              CMakeFiles/lab5_amber.dir/home/Tashifeen/pico-sdk/src/common/pico_util/datetime.c.o (mktime)
/usr/lib/gcc/arm-none-eabi/14.2.1/../../../arm-none-eabi/lib/thumb/v6-m/nofp/libg.a(libc_a-mlock.o)
                              /usr/lib/gcc/arm-none-eabi/14.2.1/../../../arm-none-eabi/lib/thumb/v6-m/nofp/libg.a(libc_a-mallocr.o) (__malloc_lock)
/usr/lib/gcc/arm-none-eabi/14.2.1/../../../arm-none-eabi/lib/thumb/v6-m/nofp/libg.a(libc_a-tzlock.o)
                              /usr/lib/gcc/arm-none-eabi/14.2.1/../../../arm-none-eabi/lib/thumb/v6-m/nofp/libg.a(libc_a-mktime.o) (__tz_lock)
/usr/lib/gcc/arm-none-eabi/14.2.1/../../../arm-none-eabi/lib/thumb/v6-m/nofp/libg.a(libc_a-sbrkr.o)
                              /usr/lib/gcc/arm-none-eabi/14.2.1/../../../arm-none-eabi/lib/thumb/v6-m/nofp/libg.a(libc_a-mallocr.o) (_sbrk_r)
/usr/lib/gcc/arm-none-eabi/14.2.1/../../../arm-none-eabi/lib/thumb/v6-m/nofp/libg.a(libc_a-atexit.o)
                              /usr/lib/gcc/arm-none-eabi/14.2.1/../../../arm-none-eabi/lib/thumb/v6-m/nofp/crt0.o (atexit)
/usr/lib/gcc/arm-none-eabi/14.2.1/../../../arm-none-eabi/lib/thumb/v6-m/nofp/libg.a(libc_a-lcltime_r.o)
                              CMakeFiles/lab5_amber.dir/home/Tashifeen/pico-sdk/src/common/pico_util/datetime.c.o (localtime_r)
/usr/lib/gcc/arm-none-eabi/14.2.1/../../../arm-none-eabi/lib/thumb/v6-m/nofp/libg.a(libc_a-init.o)
                              /usr/lib/gcc/arm-none-eabi/14.2.1/../../../arm-none-eabi/lib/thumb/v6-m/nofp/crt0.o (__libc_init_array)
[...]
Memory Configuration

Name             Origin             Length             Attributes
FLASH            0x10000000         0x00200000         xr
RAM              0x20000000         0x00040000         xrw
SCRATCH_X        0x20040000         0x00001000         xrw
SCRATCH_Y        0x20041000         0x00001000         xrw
*default*        0x00000000         0xffffffff

Linker script and memory map

LOAD /usr/lib/gcc/arm-none-eabi/14.2.1/thumb/v6-m/nofp/crti.o
LOAD /usr/lib/gcc/arm-none-eabi/14.2.1/thumb/v6-m/nofp/crtbegin.o
LOAD /usr/lib/gcc/arm-none-eabi/14.2.1/../../../arm-none-eabi/lib/thumb/v6-m/nofp/crt0.o

.flash_begin    0x10000000        0x0
                0x10000000                        __flash_binary_start = .

.boot2          0x10000000      0x100
                0x10000000                        __boot2_start__ = .
 *(.boot2)
 .boot2         0x10000000      0x100 pico-sdk/src/rp2040/boot_stage2/CMakeFiles/bs2_default_library.dir/bs2_default_padded_checksummed.S.o
                0x10000100                        __boot2_end__ = .
                0x00000001                        ASSERT (((__boot2_end__ - __boot2_start__) == 0x100), ERROR: Pico second stage bootloader must be 256 bytes in size)

.text           0x10000100     0xa980
                0x10000100                        __logical_binary_start = .
 *(.vectors)
 .vectors       0x10000100       0xd4 CMakeFiles/lab5_amber.dir/home/Tashifeen/pico-sdk/src/rp2_common/pico_crt0/crt0.S.o
                0x10000100                __vectors
                0x10000100                __VECTOR_TABLE
                0x100001c0                isr_irq30
                0x100001c0                __unhandled_user_irq
                0x100001c0                isr_irq13
                0x100001c0                isr_irq27
                0x100001c0                isr_irq31
                0x100001c0                isr_irq5
                0x100001c0                isr_irq11
                0x100001c0                isr_irq23
                0x100001c0                isr_irq18
                0x100001c0                isr_irq28
                0x100001c0                isr_irq19
                0x100001c0                isr_irq0
                0x100001c0                isr_irq6
                0x100001c0                isr_irq22
                0x100001c0                isr_irq17
                0x100001c0                isr_irq14
                0x100001c0                __vectors_end
                0x100001c0                __default_isrs_start
                0x100001c0                isr_irq2
                0x100001c0                isr_irq10
                0x100001c0                isr_irq8
                0x100001c0                isr_irq24
                0x100001c0                isr_irq1
                0x100001c0                isr_irq7
                0x100001c0                isr_irq21
                0x100001c0                isr_irq20
                0x100001c0                isr_irq15
                0x100001c0                isr_irq25
                0x100001c0                isr_irq4
                0x100001c0                isr_irq16
                0x100001c0                isr_irq29
                0x100001c0                isr_irq26
                0x100001c0                isr_irq3
                0x100001c0                isr_irq12
                0x100001c0                isr_irq9
                0x100001c6                unhandled_user_irq_num_in_r0
                0x100001c8                isr_invalid
                0x100001ca                isr_nmi
                0x100001cc                isr_hardfault
                0x100001ce                isr_svcall
                0x100001d0                isr_pendsv
                0x100001d2                isr_systick
                0x100001d4                __default_isrs_end
 *(.binary_info_header)
 .binary_info_header
                0x100001d4       0x14 CMakeFiles/lab5_amber.dir/home/Tashifeen/pico-sdk/src/rp2_common/pico_crt0/crt0.S.o
                0x100001e8                        __binary_info_header_end = .
 *(.embedded_block)
                0x100001e8                        __embedded_block_end = .
 *(.reset)
 .reset         0x100001e8       0x9c CMakeFiles/lab5_amber.dir/home/Tashifeen/pico-sdk/src/rp2_common/pico_crt0/crt0.S.o
                0x100001e8                _entry_point
 *(.init)
 .init          0x10000284        0x4 /usr/lib/gcc/arm-none-eabi/14.2.1/thumb/v6-m/nofp/crti.o
                0x10000284                _init
 *(EXCLUDE_FILE(*libm.a: *libc.a:*lib_a-mem*.o *libgcc.a:) .text*)
 .text          0x10000288       0x98 /usr/lib/gcc/arm-none-eabi/14.2.1/thumb/v6-m/nofp/crtbegin.o
 .text.setup    0x10000320       0x48 CMakeFiles/lab5_amber.dir/lab5_amber.c.o
                0x10000320                setup
 .text.startup.main
                0x10000368       0x90 CMakeFiles/lab5_amber.dir/lab5_amber.c.o
                0x10000368                main
 .text.gpio_set_function
                0x100003f8       0x34 CMakeFiles/lab5_amber.dir/home/Tashifeen/pico-sdk/src/rp2_common/hardware_gpio/gpio.c.o
                0x100003f8                gpio_set_function
 .text.gpio_set_pulls
                0x1000042c       0x28 CMakeFiles/lab5_amber.dir/home/Tashifeen/pico-sdk/src/rp2_common/hardware_gpio/gpio.c.o
                0x1000042c                gpio_set_pulls
 .text.gpio_set_input_hysteresis_enabled
                0x10000454       0x28 CMakeFiles/lab5_amber.dir/home/Tashifeen/pico-sdk/src/rp2_common/hardware_gpio/gpio.c.o
                0x10000454                gpio_set_input_hysteresis_enabled
 .text.gpio_set_irq_enabled
                0x1000047c       0x58 CMakeFiles/lab5_amber.dir/home/Tashifeen/pico-sdk/src/rp2_common/hardware_gpio/gpio.c.o
                0x1000047c                gpio_set_irq_enabled
 .text.gpio_add_raw_irq_handler_with_order_priority_masked
                0x100004d4       0x44 CMakeFiles/lab5_amber.dir/home/Tashifeen/pico-sdk/src/rp2_common/hardware_gpio/gpio.c.o
                0x100004d4                gpio_add_raw_irq_handler_with_order_priority_masked
 .text.gpio_remove_raw_irq_handler_masked
                0x10000518       0x20 CMakeFiles/lab5_amber.dir/home/Tashifeen/pico-sdk/src/rp2_common/hardware_gpio/gpio.c.o
                0x10000518                gpio_remove_raw_irq_handler_masked
 .text.gpio_init
                0x10000538       0x40 CMakeFiles/lab5_amber.dir/home/Tashifeen/pico-sdk/src/rp2_common/hardware_gpio/gpio.c.o
                0x10000538                gpio_init
 .text.rp2040_chip_version
                0x10000578        0xc CMakeFiles/lab5_amber.dir/home/Tashifeen/pico-sdk/src/rp2040/pico_platform/platform.c.o
                0x10000578                rp2040_chip_version
 .text.panic    0x10000584       0x30 CMakeFiles/lab5_amber.dir/home/Tashifeen/pico-sdk/src/rp2_common/pico_platform_panic/panic.c.o
                0x10000584                panic
 .text.hw_claim_lock
                0x100005b4       0x18 CMakeFiles/lab5_amber.dir/home/Tashifeen/pico-sdk/src/common/hardware_claim/claim.c.o
                0x100005b4                hw_claim_lock
 .text.hw_claim_unlock
                0x100005cc       0x14 CMakeFiles/lab5_amber.dir/home/Tashifeen/pico-sdk/src/common/hardware_claim/claim.c.o
                0x100005cc                hw_claim_unlock
 .text.hw_claim_or_assert
                0x100005e0       0x44 CMakeFiles/lab5_amber.dir/home/Tashifeen/pico-sdk/src/common/hardware_claim/claim.c.o
                0x100005e0                hw_claim_or_assert
 .text.hw_claim_unused_from_range
                0x10000624       0x88 CMakeFiles/lab5_amber.dir/home/Tashifeen/pico-sdk/src/common/hardware_claim/claim.c.o
                0x10000624                hw_claim_unused_from_range
 .text.hw_claim_clear
                0x100006ac       0x38 CMakeFiles/lab5_amber.dir/home/Tashifeen/pico-sdk/src/common/hardware_claim/claim.c.o
                0x100006ac                hw_claim_clear
 .text.next_striped_spin_lock_num
                0x100006e4       0x18 CMakeFiles/lab5_amber.dir/home/Tashifeen/pico-sdk/src/rp2_common/hardware_sync/sync.c.o
                0x100006e4                next_striped_spin_lock_num
 .text.spin_lock_claim_unused
                0x100006fc       0x24 CMakeFiles/lab5_amber.dir/home/Tashifeen/pico-sdk/src/rp2_common/hardware_sync/sync.c.o
                0x100006fc                spin_lock_claim_unused
 .text.spin_locks_reset
                0x10000720       0x1c CMakeFiles/lab5_amber.dir/home/Tashifeen/pico-sdk/src/rp2_common/hardware_sync_spin_lock/sync_spin_lock.c.o
                0x10000720                spin_locks_reset
 .text.runtime_init_per_core_irq_priorities
                0x1000073c       0x24 CMakeFiles/lab5_amber.dir/home/Tashifeen/pico-sdk/src/rp2_common/hardware_irq/irq.c.o
                0x1000073c                runtime_init_per_core_irq_priorities
 .text.irq_set_enabled
                0x10000760       0x24 CMakeFiles/lab5_amber.dir/home/Tashifeen/pico-sdk/src/rp2_common/hardware_irq/irq.c.o
                0x10000760                irq_set_enabled
 .text.irq_is_enabled
                0x10000784       0x18 CMakeFiles/lab5_amber.dir/home/Tashifeen/pico-sdk/src/rp2_common/hardware_irq/irq.c.o
                0x10000784                irq_is_enabled
 .text.irq_set_pending
                0x1000079c       0x10 CMakeFiles/lab5_amber.dir/home/Tashifeen/pico-sdk/src/rp2_common/hardware_irq/irq.c.o
                0x1000079c                irq_set_pending
 .text.irq_has_shared_handler
                0x100007ac       0x24 CMakeFiles/lab5_amber.dir/home/Tashifeen/pico-sdk/src/rp2_common/hardware_irq/irq.c.o
                0x100007ac                irq_has_shared_handler
 .text.irq_set_exclusive_handler
                0x100007d0       0x54 CMakeFiles/lab5_amber.dir/home/Tashifeen/pico-sdk/src/rp2_common/hardware_irq/irq.c.o
                0x100007d0                irq_set_exclusive_handler
 .text.irq_add_shared_handler
                0x10000824      0x1f4 CMakeFiles/lab5_amber.dir/home/Tashifeen/pico-sdk/src/rp2_common/hardware_irq/irq.c.o
                0x10000824                irq_add_shared_handler
 .text.irq_remove_handler
                0x10000a18      0x1d4 CMakeFiles/lab5_amber.dir/home/Tashifeen/pico-sdk/src/rp2_common/hardware_irq/irq.c.o
                0x10000a18                irq_remove_handler
 .text.irq_set_priority
                0x10000bec       0x28 CMakeFiles/lab5_amber.dir/home/Tashifeen/pico-sdk/src/rp2_common/hardware_irq/irq.c.o
                0x10000bec                irq_set_priority
 .text.irq_add_tail_to_free_list
                0x10000c14       0xb4 CMakeFiles/lab5_amber.dir/home/Tashifeen/pico-sdk/src/rp2_common/hardware_irq/irq.c.o
                0x10000c14                irq_add_tail_to_free_list
 .text.user_irq_unclaim
                0x10000cc8       0x14 CMakeFiles/lab5_amber.dir/home/Tashifeen/pico-sdk/src/rp2_common/hardware_irq/irq.c.o
                0x10000cc8                user_irq_unclaim
 .text.user_irq_claim_unused
                0x10000cdc       0x2c CMakeFiles/lab5_amber.dir/home/Tashifeen/pico-sdk/src/rp2_common/hardware_irq/irq.c.o
                0x10000cdc                user_irq_claim_unused
 .text.sem_init
                0x10000d08       0x20 CMakeFiles/lab5_amber.dir/home/Tashifeen/pico-sdk/src/common/pico_sync/sem.c.o
                0x10000d08                sem_init
 .text.lock_init
                0x10000d28       0x10 CMakeFiles/lab5_amber.dir/home/Tashifeen/pico-sdk/src/common/pico_sync/lock_core.c.o
                0x10000d28                lock_init
 .text.runtime_init_mutex
                0x10000d38       0x50 CMakeFiles/lab5_amber.dir/home/Tashifeen/pico-sdk/src/common/pico_sync/mutex.c.o
                0x10000d38                runtime_init_mutex
 .text.mutex_init
                0x10000d88       0x1c CMakeFiles/lab5_amber.dir/home/Tashifeen/pico-sdk/src/common/pico_sync/mutex.c.o
                0x10000d88                mutex_init
 .text.recursive_mutex_init
                0x10000da4       0x1c CMakeFiles/lab5_amber.dir/home/Tashifeen/pico-sdk/src/common/pico_sync/mutex.c.o
                0x10000da4                recursive_mutex_init
 .text.critical_section_init
                0x10000dc0       0x1c CMakeFiles/lab5_amber.dir/home/Tashifeen/pico-sdk/src/common/pico_sync/critical_section.c.o
                0x10000dc0                critical_section_init
 .text.critical_section_init_with_lock_num
                0x10000ddc       0x14 CMakeFiles/lab5_amber.dir/home/Tashifeen/pico-sdk/src/common/pico_sync/critical_section.c.o
                0x10000ddc                critical_section_init_with_lock_num
 .text.sleep_until_callback
                0x10000df0       0x30 CMakeFiles/lab5_amber.dir/home/Tashifeen/pico-sdk/src/common/pico_time/time.c.o
 .text.alarm_pool_irq_handler
                0x10000e20      0x300 CMakeFiles/lab5_amber.dir/home/Tashifeen/pico-sdk/src/common/pico_time/time.c.o
 .text.runtime_init_default_alarm_pool
                0x10001120       0xdc CMakeFiles/lab5_amber.dir/home/Tashifeen/pico-sdk/src/common/pico_time/time.c.o
                0x10001120                runtime_init_default_alarm_pool
 .text.alarm_pool_get_default
                0x100011fc        0x8 CMakeFiles/lab5_amber.dir/home/Tashifeen/pico-sdk/src/common/pico_time/time.c.o
                0x100011fc                alarm_pool_get_default
 .text.alarm_pool_add_alarm_at
                0x10001204       0xd0 CMakeFiles/lab5_amber.dir/home/Tashifeen/pico-sdk/src/common/pico_time/time.c.o
                0x10001204                alarm_pool_add_alarm_at
 .text.alarm_pool_add_alarm_at_force_in_context
                0x100012d4       0xb0 CMakeFiles/lab5_amber.dir/home/Tashifeen/pico-sdk/src/common/pico_time/time.c.o
                0x100012d4                alarm_pool_add_alarm_at_force_in_context
 .text.alarm_pool_cancel_alarm
                0x10001384       0x74 CMakeFiles/lab5_amber.dir/home/Tashifeen/pico-sdk/src/common/pico_time/time.c.o
                0x10001384                alarm_pool_cancel_alarm
 .text.alarm_pool_core_num
                0x100013f8        0x4 CMakeFiles/lab5_amber.dir/home/Tashifeen/pico-sdk/src/common/pico_time/time.c.o
                0x100013f8                alarm_pool_core_num
 .text.sleep_until
                0x100013fc       0xd0 CMakeFiles/lab5_amber.dir/home/Tashifeen/pico-sdk/src/common/pico_time/time.c.o
                0x100013fc                sleep_until
 .text.sleep_ms
                0x100014cc       0xfc CMakeFiles/lab5_amber.dir/home/Tashifeen/pico-sdk/src/common/pico_time/time.c.o
                0x100014cc                sleep_ms
 .text.best_effort_wfe_or_timeout
                0x100015c8      0x10c CMakeFiles/lab5_amber.dir/home/Tashifeen/pico-sdk/src/common/pico_time/time.c.o
                0x100015c8                best_effort_wfe_or_timeout
 .text.timer_hardware_alarm_claim
                0x100016d4       0x14 CMakeFiles/lab5_amber.dir/home/Tashifeen/pico-sdk/src/rp2_common/hardware_timer/timer.c.o
                0x100016d4                timer_hardware_alarm_claim
 .text.timer_time_us_64
                0x100016e8       0x10 CMakeFiles/lab5_amber.dir/home/Tashifeen/pico-sdk/src/rp2_common/hardware_timer/timer.c.o
                0x100016e8                timer_time_us_64
 .text.time_us_64
                0x100016f8       0x14 CMakeFiles/lab5_amber.dir/home/Tashifeen/pico-sdk/src/rp2_common/hardware_timer/timer.c.o
                0x100016f8                time_us_64
 .text.busy_wait_until
                0x1000170c       0x20 CMakeFiles/lab5_amber.dir/home/Tashifeen/pico-sdk/src/rp2_common/hardware_timer/timer.c.o
                0x1000170c                busy_wait_until
 .text.clock_configure_int_divider
                0x1000172c       0xf4 CMakeFiles/lab5_amber.dir/home/Tashifeen/pico-sdk/src/rp2_common/hardware_clocks/clocks.c.o
                0x1000172c                clock_configure_int_divider
 .text.clock_configure_undivided
                0x10001820       0xe8 CMakeFiles/lab5_amber.dir/home/Tashifeen/pico-sdk/src/rp2_common/hardware_clocks/clocks.c.o
                0x10001820                clock_configure_undivided
 .text.clock_get_hz
                0x10001908        0xc CMakeFiles/lab5_amber.dir/home/Tashifeen/pico-sdk/src/rp2_common/hardware_clocks/clocks.c.o
                0x10001908                clock_get_hz
 .text.pll_init
                0x10001914       0xa4 CMakeFiles/lab5_amber.dir/home/Tashifeen/pico-sdk/src/rp2_common/hardware_pll/pll.c.o
                0x10001914                pll_init
 .text.watchdog_reboot
                0x100019b8       0x9c CMakeFiles/lab5_amber.dir/home/Tashifeen/pico-sdk/src/rp2_common/hardware_watchdog/watchdog.c.o
                0x100019b8                watchdog_reboot
 .text.tick_start
                0x10001a54       0x10 CMakeFiles/lab5_amber.dir/home/Tashifeen/pico-sdk/src/rp2_common/hardware_ticks/ticks.c.o
                0x10001a54                tick_start
 .text.rom_func_lookup
                0x10001a64       0x10 CMakeFiles/lab5_amber.dir/home/Tashifeen/pico-sdk/src/rp2_common/pico_bootrom/bootrom.c.o
                0x10001a64                rom_func_lookup
 .text.rom_data_lookup
                0x10001a74       0x10 CMakeFiles/lab5_amber.dir/home/Tashifeen/pico-sdk/src/rp2_common/pico_bootrom/bootrom.c.o
                0x10001a74                rom_data_lookup
 .text.rom_funcs_lookup
                0x10001a84       0x44 CMakeFiles/lab5_amber.dir/home/Tashifeen/pico-sdk/src/rp2_common/pico_bootrom/bootrom.c.o
                0x10001a84                rom_funcs_lookup
 .text.rom_reset_usb_boot_extra
                0x10001ac8       0x24 CMakeFiles/lab5_amber.dir/home/Tashifeen/pico-sdk/src/rp2_common/pico_bootrom/bootrom.c.o
                0x10001ac8                rom_reset_usb_boot_extra
 .text.xosc_init
                0x10001aec       0x28 CMakeFiles/lab5_amber.dir/home/Tashifeen/pico-sdk/src/rp2_common/hardware_xosc/xosc.c.o
                0x10001aec                xosc_init
 .text.first_per_core_initializer
                0x10001b14        0x4 CMakeFiles/lab5_amber.dir/home/Tashifeen/pico-sdk/src/rp2_common/pico_runtime/runtime.c.o
 .text.hard_assertion_failure
                0x10001b18        0xc CMakeFiles/lab5_amber.dir/home/Tashifeen/pico-sdk/src/rp2_common/pico_runtime/runtime.c.o
                0x10001b18                hard_assertion_failure
 .text.runtime_run_initializers
                0x10001b24       0x28 CMakeFiles/lab5_amber.dir/home/Tashifeen/pico-sdk/src/rp2_common/pico_runtime/runtime.c.o
                0x10001b24                runtime_run_initializers
 .text.runtime_init_early_resets
                0x10001b4c       0x2c CMakeFiles/lab5_amber.dir/home/Tashifeen/pico-sdk/src/rp2_common/pico_runtime_init/runtime_init.c.o
                0x10001b4c                runtime_init_early_resets
 .text.runtime_init_usb_power_down
                0x10001b78       0x1c CMakeFiles/lab5_amber.dir/home/Tashifeen/pico-sdk/src/rp2_common/pico_runtime_init/runtime_init.c.o
                0x10001b78                runtime_init_usb_power_down
 .text.runtime_init_post_clock_resets
                0x10001b94       0x20 CMakeFiles/lab5_amber.dir/home/Tashifeen/pico-sdk/src/rp2_common/pico_runtime_init/runtime_init.c.o
                0x10001b94                runtime_init_post_clock_resets
 .text.runtime_init_rp2040_gpio_ie_disable
                0x10001bb4       0x14 CMakeFiles/lab5_amber.dir/home/Tashifeen/pico-sdk/src/rp2_common/pico_runtime_init/runtime_init.c.o
                0x10001bb4                runtime_init_rp2040_gpio_ie_disable
 .text.runtime_init_spin_locks_reset
                0x10001bc8        0x8 CMakeFiles/lab5_amber.dir/home/Tashifeen/pico-sdk/src/rp2_common/pico_runtime_init/runtime_init.c.o
                0x10001bc8                runtime_init_spin_locks_reset
 .text.runtime_init_install_ram_vector_table
                0x10001bd0       0xb4 CMakeFiles/lab5_amber.dir/home/Tashifeen/pico-sdk/src/rp2_common/pico_runtime_init/runtime_init.c.o
                0x10001bd0                runtime_init_install_ram_vector_table
 .text.runtime_init_clocks
                0x10001c84       0xd8 CMakeFiles/lab5_amber.dir/home/Tashifeen/pico-sdk/src/rp2_common/pico_runtime_init/runtime_init_clocks.c.o
                0x10001c84                runtime_init_clocks
 .text          0x10001d5c       0x10 CMakeFiles/lab5_amber.dir/home/Tashifeen/pico-sdk/src/rp2_common/pico_bit_ops/bit_ops_aeabi.S.o
 .text.ctzsi    0x10001d6c        0xc CMakeFiles/lab5_amber.dir/home/Tashifeen/pico-sdk/src/rp2_common/pico_bit_ops/bit_ops_aeabi.S.o
                0x10001d6c                __wrap___ctzsi2
 .text.__wrap___aeabi_idiv
                0x10001d78       0x50 CMakeFiles/lab5_amber.dir/home/Tashifeen/pico-sdk/src/rp2_common/pico_divider/divider_hardware.S.o
                0x10001d78                __wrap___aeabi_idivmod
                0x10001d78                divmod_s32s32
                0x10001d78                div_s32s32
                0x10001d78                __wrap___aeabi_idiv
                0x10001d80                divmod_s32s32_unsafe
                0x10001dac                divmod_s32s32_savestate
 .text.__wrap___aeabi_uidiv
                0x10001dc8       0x4c CMakeFiles/lab5_amber.dir/home/Tashifeen/pico-sdk/src/rp2_common/pico_divider/divider_hardware.S.o
                0x10001dc8                __wrap___aeabi_uidiv
                0x10001dc8                __wrap___aeabi_uidivmod
                0x10001dc8                div_u32u32
                0x10001dc8                divmod_u32u32
                0x10001dd0                divmod_u32u32_unsafe
                0x10001df8                divmod_u32u32_savestate
 .text.__wrap___aeabi_ldiv
                0x10001e14      0x424 CMakeFiles/lab5_amber.dir/home/Tashifeen/pico-sdk/src/rp2_common/pico_divider/divider_hardware.S.o
                0x10001e14                div_s64s64
                0x10001e14                divmod_s64s64
                0x10001e14                __wrap___aeabi_ldivmod
                0x10001e44                div_u64u64
                0x10001e44                divmod_u64u64
                0x10001e44                __wrap___aeabi_uldivmod
                0x10001e54                divmod_u64u64_savestate
                0x10001e74                divmod_s64s64_unsafe
                0x10001efc                divmod_u64u64_unsafe
 .text.__wrap___aeabi_darithmetic
                0x10002238       0x60 CMakeFiles/lab5_amber.dir/home/Tashifeen/pico-sdk/src/rp2_common/pico_double/double_aeabi_rp2040.S.o
                0x10002238                __wrap___aeabi_drsub
                0x1000223e                __wrap___aeabi_dsub
                0x10002248                __wrap___aeabi_dadd
                0x10002252                __wrap___aeabi_ddiv
                0x10002286                __wrap___aeabi_dmul
 .text.__wrap___aeabi_cdcmple
                0x10002298       0x6c CMakeFiles/lab5_amber.dir/home/Tashifeen/pico-sdk/src/rp2_common/pico_double/double_aeabi_rp2040.S.o
                0x10002298                __wrap___aeabi_cdrcmple
                0x100022a8                __wrap___aeabi_cdcmple
                0x100022a8                __wrap___aeabi_cdcmpeq
 .text.__wrap___aeabi_dcmplt
                0x10002304        0xc CMakeFiles/lab5_amber.dir/home/Tashifeen/pico-sdk/src/rp2_common/pico_double/double_aeabi_rp2040.S.o
                0x10002304                __wrap___aeabi_dcmplt
 .text.__wrap___aeabi_dcmple
                0x10002310       0x10 CMakeFiles/lab5_amber.dir/home/Tashifeen/pico-sdk/src/rp2_common/pico_double/double_aeabi_rp2040.S.o
                0x10002310                __wrap___aeabi_dcmple
 .text.__wrap___aeabi_dcmpge
                0x10002320       0x10 CMakeFiles/lab5_amber.dir/home/Tashifeen/pico-sdk/src/rp2_common/pico_double/double_aeabi_rp2040.S.o
                0x10002320                __wrap___aeabi_dcmpge
 .text.__wrap___aeabi_dcmpgt
                0x10002330        0xa CMakeFiles/lab5_amber.dir/home/Tashifeen/pico-sdk/src/rp2_common/pico_double/double_aeabi_rp2040.S.o
                0x10002330                __wrap___aeabi_dcmpgt
 .text.__wrap___aeabi_dcmpun
                0x1000233a       0x18 CMakeFiles/lab5_amber.dir/home/Tashifeen/pico-sdk/src/rp2_common/pico_double/double_aeabi_rp2040.S.o
                0x1000233a                __wrap___aeabi_dcmpun
 *fill*         0x10002352        0x2 
 .text.__wrap___aeabi_i2d
                0x10002354       0x38 CMakeFiles/lab5_amber.dir/home/Tashifeen/pico-sdk/src/rp2_common/pico_double/double_aeabi_rp2040.S.o
                0x10002354                __wrap___aeabi_ui2d
                0x10002354                uint2double
                0x1000235c                __wrap___aeabi_i2d
                0x1000235c                int2double
 .text.__wrap___aeabi_d2iz
                0x1000238c       0x48 CMakeFiles/lab5_amber.dir/home/Tashifeen/pico-sdk/src/rp2_common/pico_double/double_aeabi_rp2040.S.o
                0x1000238c                __wrap___aeabi_d2iz
                0x1000238c                double2int_z
 .text.__wrap___aeabi_d2uiz
                0x100023d4       0x10 CMakeFiles/lab5_amber.dir/home/Tashifeen/pico-sdk/src/rp2_common/pico_double/double_aeabi_rp2040.S.o
                0x100023d4                double2uint_z
                0x100023d4                double2uint
                0x100023d4                __wrap___aeabi_d2uiz
 .text.missing_double_func_shim
                0x100023e4        0xc CMakeFiles/lab5_amber.dir/home/Tashifeen/pico-sdk/src/rp2_common/pico_double/double_init_rom_rp2040.c.o
 .text.__aeabi_double_init
                0x100023f0       0xa0 CMakeFiles/lab5_amber.dir/home/Tashifeen/pico-sdk/src/rp2_common/pico_double/double_init_rom_rp2040.c.o
                0x100023f0                __aeabi_double_init
 .text.double_table_shim_on_use_helper
                0x10002490       0x2c CMakeFiles/lab5_amber.dir/home/Tashifeen/pico-sdk/src/rp2_common/pico_double/double_v1_rom_shim_rp2040.S.o
                0x10002490                double_table_shim_on_use_helper
 .text.__aeabi_lmul
                0x100024bc       0x32 CMakeFiles/lab5_amber.dir/home/Tashifeen/pico-sdk/src/rp2_common/pico_int64_ops/pico_int64_ops_aeabi.S.o
                0x100024bc                __wrap___aeabi_lmul
 *fill*         0x100024ee        0x2 
 .text.__wrap___aeabi_farithmetic
                0x100024f0       0x48 CMakeFiles/lab5_amber.dir/home/Tashifeen/pico-sdk/src/rp2_common/pico_float/float_aeabi_rp2040.S.o
                0x100024f0                __wrap___aeabi_frsub
                0x100024f6                __wrap___aeabi_fsub
                0x100024fc                __wrap___aeabi_fadd
                0x10002502                __wrap___aeabi_fdiv
                0x1000252a                __wrap___aeabi_fmul
 .text.__wrap___aeabi_cfcmple
                0x10002538       0x50 CMakeFiles/lab5_amber.dir/home/Tashifeen/pico-sdk/src/rp2_common/pico_float/float_aeabi_rp2040.S.o
                0x10002538                __wrap___aeabi_cfrcmple
                0x10002544                __wrap___aeabi_cfcmpeq
                0x10002544                __wrap___aeabi_cfcmple
 .text.__wrap___aeabi_fcmpgt
                0x10002588        0xa CMakeFiles/lab5_amber.dir/home/Tashifeen/pico-sdk/src/rp2_common/pico_float/float_aeabi_rp2040.S.o
                0x10002588                __wrap___aeabi_fcmpgt
 .text.__wrap___aeabi_ui2f
                0x10002592        0xa CMakeFiles/lab5_amber.dir/home/Tashifeen/pico-sdk/src/rp2_common/pico_float/float_aeabi_rp2040.S.o
                0x10002592                uint2float
                0x10002592                __wrap___aeabi_ui2f
 .text.__wrap___aeabi_i2f
                0x1000259c       0x44 CMakeFiles/lab5_amber.dir/home/Tashifeen/pico-sdk/src/rp2_common/pico_float/float_aeabi_rp2040.S.o
                0x1000259c                int2float
                0x1000259c                __wrap___aeabi_i2f
 .text.__wrap___aeabi_f2d
                0x100025e0        0xc CMakeFiles/lab5_amber.dir/home/Tashifeen/pico-sdk/src/rp2_common/pico_float/float_aeabi_rp2040.S.o
                0x100025e0                __wrap___aeabi_f2d
 .text.missing_float_func_shim
                0x100025ec        0xc CMakeFiles/lab5_amber.dir/home/Tashifeen/pico-sdk/src/rp2_common/pico_float/float_init_rom_rp2040.c.o
 .text.__aeabi_float_init
                0x100025f8       0x5c CMakeFiles/lab5_amber.dir/home/Tashifeen/pico-sdk/src/rp2_common/pico_float/float_init_rom_rp2040.c.o
                0x100025f8                __aeabi_float_init
 .text          0x10002654       0x10 CMakeFiles/lab5_amber.dir/home/Tashifeen/pico-sdk/src/rp2_common/pico_mem_ops/mem_ops_aeabi.S.o
                0x10002654                __aeabi_mem_init
 .text.memset   0x10002664        0xc CMakeFiles/lab5_amber.dir/home/Tashifeen/pico-sdk/src/rp2_common/pico_mem_ops/mem_ops_aeabi.S.o
                0x10002664                __wrap_memset
 .text.memcpy   0x10002670        0xc CMakeFiles/lab5_amber.dir/home/Tashifeen/pico-sdk/src/rp2_common/pico_mem_ops/mem_ops_aeabi.S.o
                0x10002670                __wrap___aeabi_memcpy
                0x10002670                __wrap_memcpy
 .text._out_null
                0x1000267c        0x4 CMakeFiles/lab5_amber.dir/home/Tashifeen/pico-sdk/src/rp2_common/pico_printf/printf.c.o
 .text._out_rev
                0x10002680       0xac CMakeFiles/lab5_amber.dir/home/Tashifeen/pico-sdk/src/rp2_common/pico_printf/printf.c.o
 .text._ntoa_format
                0x1000272c      0x1cc CMakeFiles/lab5_amber.dir/home/Tashifeen/pico-sdk/src/rp2_common/pico_printf/printf.c.o
 .text._out_char
                0x100028f8       0x10 CMakeFiles/lab5_amber.dir/home/Tashifeen/pico-sdk/src/rp2_common/pico_printf/printf.c.o
 .text._out_fct
                0x10002908       0x10 CMakeFiles/lab5_amber.dir/home/Tashifeen/pico-sdk/src/rp2_common/pico_printf/printf.c.o
 .text._ftoa    0x10002918      0x4a8 CMakeFiles/lab5_amber.dir/home/Tashifeen/pico-sdk/src/rp2_common/pico_printf/printf.c.o
 .text._etoa    0x10002dc0      0x57c CMakeFiles/lab5_amber.dir/home/Tashifeen/pico-sdk/src/rp2_common/pico_printf/printf.c.o
 .text._vsnprintf
                0x1000333c      0xbe0 CMakeFiles/lab5_amber.dir/home/Tashifeen/pico-sdk/src/rp2_common/pico_printf/printf.c.o
 .text.vfctprintf
                0x10003f1c       0x24 CMakeFiles/lab5_amber.dir/home/Tashifeen/pico-sdk/src/rp2_common/pico_printf/printf.c.o
                0x10003f1c                vfctprintf
 .text.weak_raw_vprintf
                0x10003f40       0x30 CMakeFiles/lab5_amber.dir/home/Tashifeen/pico-sdk/src/rp2_common/pico_printf/printf.c.o
                0x10003f40                weak_raw_vprintf
 .text._exit    0x10003f70        0x4 CMakeFiles/lab5_amber.dir/home/Tashifeen/pico-sdk/src/rp2_common/pico_clib_interface/newlib_interface.c.o
                0x10003f70                _exit
 .text.exit     0x10003f74        0x8 CMakeFiles/lab5_amber.dir/home/Tashifeen/pico-sdk/src/rp2_common/pico_clib_interface/newlib_interface.c.o
                0x10003f74                exit
 .text.runtime_init
                0x10003f7c       0x2c CMakeFiles/lab5_amber.dir/home/Tashifeen/pico-sdk/src/rp2_common/pico_clib_interface/newlib_interface.c.o
                0x10003f7c                runtime_init
 .text.stdio_out_chars_no_crlf
                0x10003fa8       0x10 CMakeFiles/lab5_amber.dir/home/Tashifeen/pico-sdk/src/rp2_common/pico_stdio/stdio.c.o
 .text.stdio_out_chars_crlf
                0x10003fb8       0xb0 CMakeFiles/lab5_amber.dir/home/Tashifeen/pico-sdk/src/rp2_common/pico_stdio/stdio.c.o
 .text.stdio_buffered_printer
                0x10004068       0x64 CMakeFiles/lab5_amber.dir/home/Tashifeen/pico-sdk/src/rp2_common/pico_stdio/stdio.c.o
 .text.stdio_put_string
                0x100040cc       0xfc CMakeFiles/lab5_amber.dir/home/Tashifeen/pico-sdk/src/rp2_common/pico_stdio/stdio.c.o
                0x100040cc                stdio_put_string
 .text.stdio_set_driver_enabled
                0x100041c8       0x30 CMakeFiles/lab5_amber.dir/home/Tashifeen/pico-sdk/src/rp2_common/pico_stdio/stdio.c.o
                0x100041c8                stdio_set_driver_enabled
 .text.stdio_init_all
                0x100041f8        0x8 CMakeFiles/lab5_amber.dir/home/Tashifeen/pico-sdk/src/rp2_common/pico_stdio/stdio.c.o
                0x100041f8                stdio_init_all
 .text.__wrap_putchar
                0x10004200       0x94 CMakeFiles/lab5_amber.dir/home/Tashifeen/pico-sdk/src/rp2_common/pico_stdio/stdio.c.o
                0x10004200                stdio_putchar
                0x10004200                __wrap_putchar
 .text.__wrap_puts
                0x10004294       0x3c CMakeFiles/lab5_amber.dir/home/Tashifeen/pico-sdk/src/rp2_common/pico_stdio/stdio.c.o
                0x10004294                __wrap_puts
                0x10004294                stdio_puts
 .text.__wrap_vprintf
                0x100042d0       0xcc CMakeFiles/lab5_amber.dir/home/Tashifeen/pico-sdk/src/rp2_common/pico_stdio/stdio.c.o
                0x100042d0                __wrap_vprintf
                0x100042d0                stdio_vprintf
 .text.__wrap_printf
                0x1000439c       0x18 CMakeFiles/lab5_amber.dir/home/Tashifeen/pico-sdk/src/rp2_common/pico_stdio/stdio.c.o
                0x1000439c                stdio_printf
                0x1000439c                __wrap_printf
 .text.resetd_init
                0x100043b4        0x4 CMakeFiles/lab5_amber.dir/home/Tashifeen/pico-sdk/src/rp2_common/pico_stdio_usb/reset_interface.c.o
 .text.resetd_reset
                0x100043b8        0xc CMakeFiles/lab5_amber.dir/home/Tashifeen/pico-sdk/src/rp2_common/pico_stdio_usb/reset_interface.c.o
 .text.resetd_open
                0x100043c4       0x28 CMakeFiles/lab5_amber.dir/home/Tashifeen/pico-sdk/src/rp2_common/pico_stdio_usb/reset_interface.c.o
 .text.resetd_xfer_cb
                0x100043ec        0x4 CMakeFiles/lab5_amber.dir/home/Tashifeen/pico-sdk/src/rp2_common/pico_stdio_usb/reset_interface.c.o
 .text.resetd_control_xfer_cb
                0x100043f0       0x54 CMakeFiles/lab5_amber.dir/home/Tashifeen/pico-sdk/src/rp2_common/pico_stdio_usb/reset_interface.c.o
 .text.tud_descriptor_bos_cb
                0x10004444        0x8 CMakeFiles/lab5_amber.dir/home/Tashifeen/pico-sdk/src/rp2_common/pico_stdio_usb/reset_interface.c.o
                0x10004444                tud_descriptor_bos_cb
 .text.tud_vendor_control_xfer_cb
                0x1000444c       0x34 CMakeFiles/lab5_amber.dir/home/Tashifeen/pico-sdk/src/rp2_common/pico_stdio_usb/reset_interface.c.o
                0x1000444c                tud_vendor_control_xfer_cb
 .text.usbd_app_driver_get_cb
                0x10004480        0xc CMakeFiles/lab5_amber.dir/home/Tashifeen/pico-sdk/src/rp2_common/pico_stdio_usb/reset_interface.c.o
                0x10004480                usbd_app_driver_get_cb
 .text.tud_cdc_line_coding_cb
                0x1000448c       0x2c CMakeFiles/lab5_amber.dir/home/Tashifeen/pico-sdk/src/rp2_common/pico_stdio_usb/reset_interface.c.o
                0x1000448c                tud_cdc_line_coding_cb
 .text.stdio_usb_set_chars_available_callback
                0x100044b8       0x14 CMakeFiles/lab5_amber.dir/home/Tashifeen/pico-sdk/src/rp2_common/pico_stdio_usb/stdio_usb.c.o
                0x100044b8                stdio_usb_set_chars_available_callback
 .text.usb_irq  0x100044cc       0x10 CMakeFiles/lab5_amber.dir/home/Tashifeen/pico-sdk/src/rp2_common/pico_stdio_usb/stdio_usb.c.o
 .text.timer_task
                0x100044dc       0x64 CMakeFiles/lab5_amber.dir/home/Tashifeen/pico-sdk/src/rp2_common/pico_stdio_usb/stdio_usb.c.o
 .text.stdio_usb_in_chars
                0x10004540       0x8c CMakeFiles/lab5_amber.dir/home/Tashifeen/pico-sdk/src/rp2_common/pico_stdio_usb/stdio_usb.c.o
                0x10004540                stdio_usb_in_chars
 .text.stdio_usb_out_flush
                0x100045cc       0x4c CMakeFiles/lab5_amber.dir/home/Tashifeen/pico-sdk/src/rp2_common/pico_stdio_usb/stdio_usb.c.o
 .text.stdio_usb_out_chars
                0x10004618      0x100 CMakeFiles/lab5_amber.dir/home/Tashifeen/pico-sdk/src/rp2_common/pico_stdio_usb/stdio_usb.c.o
 .text.low_priority_worker_irq
                0x10004718       0xc8 CMakeFiles/lab5_amber.dir/home/Tashifeen/pico-sdk/src/rp2_common/pico_stdio_usb/stdio_usb.c.o
 .text.stdio_usb_init
                0x100047e0       0xe8 CMakeFiles/lab5_amber.dir/home/Tashifeen/pico-sdk/src/rp2_common/pico_stdio_usb/stdio_usb.c.o
                0x100047e0                stdio_usb_init
 .text.tud_descriptor_device_cb
                0x100048c8        0x8 CMakeFiles/lab5_amber.dir/home/Tashifeen/pico-sdk/src/rp2_common/pico_stdio_usb/stdio_usb_descriptors.c.o
                0x100048c8                tud_descriptor_device_cb
 .text.tud_descriptor_configuration_cb
                0x100048d0        0x8 CMakeFiles/lab5_amber.dir/home/Tashifeen/pico-sdk/src/rp2_common/pico_stdio_usb/stdio_usb_descriptors.c.o
                0x100048d0                tud_descriptor_configuration_cb
 .text.tud_descriptor_string_cb
                0x100048d8       0x78 CMakeFiles/lab5_amber.dir/home/Tashifeen/pico-sdk/src/rp2_common/pico_stdio_usb/stdio_usb_descriptors.c.o
                0x100048d8                tud_descriptor_string_cb
 .text.startup._retrieve_unique_id_on_boot
                0x10004950       0x10 CMakeFiles/lab5_amber.dir/home/Tashifeen/pico-sdk/src/rp2_common/pico_unique_id/unique_id.c.o
 .text.pico_get_unique_board_id
                0x10004960       0x10 CMakeFiles/lab5_amber.dir/home/Tashifeen/pico-sdk/src/rp2_common/pico_unique_id/unique_id.c.o
                0x10004960                pico_get_unique_board_id
 .text.pico_get_unique_board_id_string
                0x10004970      0x1a8 CMakeFiles/lab5_amber.dir/home/Tashifeen/pico-sdk/src/rp2_common/pico_unique_id/unique_id.c.o
                0x10004970                pico_get_unique_board_id_string
 .text.flash_get_unique_id
                0x10004b18       0x3c CMakeFiles/lab5_amber.dir/home/Tashifeen/pico-sdk/src/rp2_common/hardware_flash/flash.c.o
                0x10004b18                flash_get_unique_id
 .text.dcd_init
                0x10004b54       0x90 CMakeFiles/lab5_amber.dir/home/Tashifeen/pico-sdk/lib/tinyusb/src/portable/raspberrypi/rp2040/dcd_rp2040.c.o
                0x10004b54                dcd_init
 .text.dcd_int_enable
                0x10004be4        0xc CMakeFiles/lab5_amber.dir/home/Tashifeen/pico-sdk/lib/tinyusb/src/portable/raspberrypi/rp2040/dcd_rp2040.c.o
                0x10004be4                dcd_int_enable
 .text.dcd_set_address
                0x10004bf0       0x14 CMakeFiles/lab5_amber.dir/home/Tashifeen/pico-sdk/lib/tinyusb/src/portable/raspberrypi/rp2040/dcd_rp2040.c.o
                0x10004bf0                dcd_set_address
 .text.dcd_sof_enable
                0x10004c04       0x1c CMakeFiles/lab5_amber.dir/home/Tashifeen/pico-sdk/lib/tinyusb/src/portable/raspberrypi/rp2040/dcd_rp2040.c.o
                0x10004c04                dcd_sof_enable
 .text.dcd_edpt0_status_complete
                0x10004c20       0x1c CMakeFiles/lab5_amber.dir/home/Tashifeen/pico-sdk/lib/tinyusb/src/portable/raspberrypi/rp2040/dcd_rp2040.c.o
                0x10004c20                dcd_edpt0_status_complete
 .text.dcd_edpt_open
                0x10004c3c      0x114 CMakeFiles/lab5_amber.dir/home/Tashifeen/pico-sdk/lib/tinyusb/src/portable/raspberrypi/rp2040/dcd_rp2040.c.o
                0x10004c3c                dcd_edpt_open
 .text.dcd_edpt_close_all
                0x10004d50        0x8 CMakeFiles/lab5_amber.dir/home/Tashifeen/pico-sdk/lib/tinyusb/src/portable/raspberrypi/rp2040/dcd_rp2040.c.o
                0x10004d50                dcd_edpt_close_all
 .text.dcd_edpt_xfer
                0x10004d58       0x24 CMakeFiles/lab5_amber.dir/home/Tashifeen/pico-sdk/lib/tinyusb/src/portable/raspberrypi/rp2040/dcd_rp2040.c.o
                0x10004d58                dcd_edpt_xfer
 .text.dcd_edpt_stall
                0x10004d7c       0x3c CMakeFiles/lab5_amber.dir/home/Tashifeen/pico-sdk/lib/tinyusb/src/portable/raspberrypi/rp2040/dcd_rp2040.c.o
                0x10004d7c                dcd_edpt_stall
 .text.dcd_edpt_clear_stall
                0x10004db8       0x30 CMakeFiles/lab5_amber.dir/home/Tashifeen/pico-sdk/lib/tinyusb/src/portable/raspberrypi/rp2040/dcd_rp2040.c.o
                0x10004db8                dcd_edpt_clear_stall
 .text.rp2040_usb_init
                0x10004de8       0x40 CMakeFiles/lab5_amber.dir/home/Tashifeen/pico-sdk/lib/tinyusb/src/portable/raspberrypi/rp2040/rp2040_usb.c.o
                0x10004de8                rp2040_usb_init
 .text.hw_endpoint_xfer_start
                0x10004e28       0x40 CMakeFiles/lab5_amber.dir/home/Tashifeen/pico-sdk/lib/tinyusb/src/portable/raspberrypi/rp2040/rp2040_usb.c.o
                0x10004e28                hw_endpoint_xfer_start
 .text.tud_event_hook_cb
                0x10004e68        0x4 CMakeFiles/lab5_amber.dir/home/Tashifeen/pico-sdk/lib/tinyusb/src/device/usbd.c.o
                0x10004e68                tud_event_hook_cb
 .text.tud_sof_cb
                0x10004e6c        0x4 CMakeFiles/lab5_amber.dir/home/Tashifeen/pico-sdk/lib/tinyusb/src/device/usbd.c.o
                0x10004e6c                tud_sof_cb
 .text.tud_descriptor_device_qualifier_cb
                0x10004e70        0x4 CMakeFiles/lab5_amber.dir/home/Tashifeen/pico-sdk/lib/tinyusb/src/device/usbd.c.o
                0x10004e70                tud_descriptor_device_qualifier_cb
 .text.tud_descriptor_other_speed_configuration_cb
                0x10004e74        0x4 CMakeFiles/lab5_amber.dir/home/Tashifeen/pico-sdk/lib/tinyusb/src/device/usbd.c.o
                0x10004e74                tud_descriptor_other_speed_configuration_cb
 .text.tud_mount_cb
                0x10004e78        0x4 CMakeFiles/lab5_amber.dir/home/Tashifeen/pico-sdk/lib/tinyusb/src/device/usbd.c.o
                0x10004e78                tud_mount_cb
 .text.tud_umount_cb
                0x10004e7c        0x4 CMakeFiles/lab5_amber.dir/home/Tashifeen/pico-sdk/lib/tinyusb/src/device/usbd.c.o
                0x10004e7c                tud_umount_cb
 .text.tud_suspend_cb
                0x10004e80        0x4 CMakeFiles/lab5_amber.dir/home/Tashifeen/pico-sdk/lib/tinyusb/src/device/usbd.c.o
                0x10004e80                tud_suspend_cb
 .text.tud_resume_cb
                0x10004e84        0x4 CMakeFiles/lab5_amber.dir/home/Tashifeen/pico-sdk/lib/tinyusb/src/device/usbd.c.o
                0x10004e84                tud_resume_cb
 .text.tud_mounted
                0x10004e88       0x10 CMakeFiles/lab5_amber.dir/home/Tashifeen/pico-sdk/lib/tinyusb/src/device/usbd.c.o
                0x10004e88                tud_mounted
 .text.tud_suspended
                0x10004e98       0x10 CMakeFiles/lab5_amber.dir/home/Tashifeen/pico-sdk/lib/tinyusb/src/device/usbd.c.o
                0x10004e98                tud_suspended
 .text.tud_rhport_init
                0x10004ea8       0xf4 CMakeFiles/lab5_amber.dir/home/Tashifeen/pico-sdk/lib/tinyusb/src/device/usbd.c.o
                0x10004ea8                tud_rhport_init
 .text.tud_task_ext
                0x10004f9c      0x800 CMakeFiles/lab5_amber.dir/home/Tashifeen/pico-sdk/lib/tinyusb/src/device/usbd.c.o
                0x10004f9c                tud_task_ext
 .text.usbd_open_edpt_pair
                0x1000579c       0x9c CMakeFiles/lab5_amber.dir/home/Tashifeen/pico-sdk/lib/tinyusb/src/device/usbd.c.o
                0x1000579c                usbd_open_edpt_pair
 .text.usbd_edpt_open
                0x10005838       0x34 CMakeFiles/lab5_amber.dir/home/Tashifeen/pico-sdk/lib/tinyusb/src/device/usbd.c.o
                0x10005838                usbd_edpt_open
 .text.usbd_edpt_claim
                0x1000586c       0x28 CMakeFiles/lab5_amber.dir/home/Tashifeen/pico-sdk/lib/tinyusb/src/device/usbd.c.o
                0x1000586c                usbd_edpt_claim
 .text.usbd_edpt_release
                0x10005894       0x28 CMakeFiles/lab5_amber.dir/home/Tashifeen/pico-sdk/lib/tinyusb/src/device/usbd.c.o
                0x10005894                usbd_edpt_release
 .text.usbd_edpt_xfer
                0x100058bc       0x4c CMakeFiles/lab5_amber.dir/home/Tashifeen/pico-sdk/lib/tinyusb/src/device/usbd.c.o
                0x100058bc                usbd_edpt_xfer
 .text.tud_control_status
                0x10005908       0x2c CMakeFiles/lab5_amber.dir/home/Tashifeen/pico-sdk/lib/tinyusb/src/device/usbd_control.c.o
                0x10005908                tud_control_status
 .text.tud_control_xfer
                0x10005934       0xa8 CMakeFiles/lab5_amber.dir/home/Tashifeen/pico-sdk/lib/tinyusb/src/device/usbd_control.c.o
                0x10005934                tud_control_xfer
 .text.usbd_control_reset
                0x100059dc       0x14 CMakeFiles/lab5_amber.dir/home/Tashifeen/pico-sdk/lib/tinyusb/src/device/usbd_control.c.o
                0x100059dc                usbd_control_reset
 .text.usbd_control_set_complete_callback
                0x100059f0        0xc CMakeFiles/lab5_amber.dir/home/Tashifeen/pico-sdk/lib/tinyusb/src/device/usbd_control.c.o
                0x100059f0                usbd_control_set_complete_callback
 .text.usbd_control_set_request
                0x100059fc       0x1c CMakeFiles/lab5_amber.dir/home/Tashifeen/pico-sdk/lib/tinyusb/src/device/usbd_control.c.o
                0x100059fc                usbd_control_set_request
 .text.usbd_control_xfer_cb
                0x10005a18       0xec CMakeFiles/lab5_amber.dir/home/Tashifeen/pico-sdk/lib/tinyusb/src/device/usbd_control.c.o
                0x10005a18                usbd_control_xfer_cb
 .text._prep_out_transaction.isra.0
                0x10005b04       0x6c CMakeFiles/lab5_amber.dir/home/Tashifeen/pico-sdk/lib/tinyusb/src/class/cdc/cdc_device.c.o
 .text.tud_cdc_n_connected
                0x10005b70       0x2c CMakeFiles/lab5_amber.dir/home/Tashifeen/pico-sdk/lib/tinyusb/src/class/cdc/cdc_device.c.o
                0x10005b70                tud_cdc_n_connected
 .text.tud_cdc_n_available
                0x10005b9c       0x14 CMakeFiles/lab5_amber.dir/home/Tashifeen/pico-sdk/lib/tinyusb/src/class/cdc/cdc_device.c.o
                0x10005b9c                tud_cdc_n_available
 .text.tud_cdc_n_read
                0x10005bb0       0x88 CMakeFiles/lab5_amber.dir/home/Tashifeen/pico-sdk/lib/tinyusb/src/class/cdc/cdc_device.c.o
                0x10005bb0                tud_cdc_n_read
 .text.tud_cdc_n_write_flush
                0x10005c38       0x74 CMakeFiles/lab5_amber.dir/home/Tashifeen/pico-sdk/lib/tinyusb/src/class/cdc/cdc_device.c.o
                0x10005c38                tud_cdc_n_write_flush
 .text.tud_cdc_n_write
                0x10005cac       0x40 CMakeFiles/lab5_amber.dir/home/Tashifeen/pico-sdk/lib/tinyusb/src/class/cdc/cdc_device.c.o
                0x10005cac                tud_cdc_n_write
 .text.tud_cdc_n_write_available
                0x10005cec       0x14 CMakeFiles/lab5_amber.dir/home/Tashifeen/pico-sdk/lib/tinyusb/src/class/cdc/cdc_device.c.o
                0x10005cec                tud_cdc_n_write_available
 .text.cdcd_init
                0x10005d00       0x70 CMakeFiles/lab5_amber.dir/home/Tashifeen/pico-sdk/lib/tinyusb/src/class/cdc/cdc_device.c.o
                0x10005d00                cdcd_init
 .text.cdcd_deinit
                0x10005d70       0x30 CMakeFiles/lab5_amber.dir/home/Tashifeen/pico-sdk/lib/tinyusb/src/class/cdc/cdc_device.c.o
                0x10005d70                cdcd_deinit
 .text.cdcd_reset
                0x10005da0       0x4c CMakeFiles/lab5_amber.dir/home/Tashifeen/pico-sdk/lib/tinyusb/src/class/cdc/cdc_device.c.o
                0x10005da0                cdcd_reset
 .text.cdcd_open
                0x10005dec       0xa4 CMakeFiles/lab5_amber.dir/home/Tashifeen/pico-sdk/lib/tinyusb/src/class/cdc/cdc_device.c.o
                0x10005dec                cdcd_open
 .text.cdcd_control_xfer_cb
                0x10005e90       0xe8 CMakeFiles/lab5_amber.dir/home/Tashifeen/pico-sdk/lib/tinyusb/src/class/cdc/cdc_device.c.o
                0x10005e90                cdcd_control_xfer_cb
 .text.cdcd_xfer_cb
                0x10005f78      0x100 CMakeFiles/lab5_amber.dir/home/Tashifeen/pico-sdk/lib/tinyusb/src/class/cdc/cdc_device.c.o
                0x10005f78                cdcd_xfer_cb
 .text.vendord_init
                0x10006078       0x5c CMakeFiles/lab5_amber.dir/home/Tashifeen/pico-sdk/lib/tinyusb/src/class/vendor/vendor_device.c.o
                0x10006078                vendord_init
 .text.vendord_deinit
                0x100060d4       0x1c CMakeFiles/lab5_amber.dir/home/Tashifeen/pico-sdk/lib/tinyusb/src/class/vendor/vendor_device.c.o
                0x100060d4                vendord_deinit
 .text.vendord_reset
                0x100060f0       0x28 CMakeFiles/lab5_amber.dir/home/Tashifeen/pico-sdk/lib/tinyusb/src/class/vendor/vendor_device.c.o
                0x100060f0                vendord_reset
 .text.vendord_open
                0x10006118      0x120 CMakeFiles/lab5_amber.dir/home/Tashifeen/pico-sdk/lib/tinyusb/src/class/vendor/vendor_device.c.o
                0x10006118                vendord_open
 .text.vendord_xfer_cb
                0x10006238       0x9c CMakeFiles/lab5_amber.dir/home/Tashifeen/pico-sdk/lib/tinyusb/src/class/vendor/vendor_device.c.o
                0x10006238                vendord_xfer_cb
 .text.tusb_rhport_init
                0x100062d4       0x4c CMakeFiles/lab5_amber.dir/home/Tashifeen/pico-sdk/lib/tinyusb/src/tusb.c.o
                0x100062d4                tusb_rhport_init
 .text.tu_edpt_claim
                0x10006320       0x50 CMakeFiles/lab5_amber.dir/home/Tashifeen/pico-sdk/lib/tinyusb/src/tusb.c.o
                0x10006320                tu_edpt_claim
 .text.tu_edpt_release
                0x10006370       0x38 CMakeFiles/lab5_amber.dir/home/Tashifeen/pico-sdk/lib/tinyusb/src/tusb.c.o
                0x10006370                tu_edpt_release
 .text.tu_edpt_validate
                0x100063a8       0x7c CMakeFiles/lab5_amber.dir/home/Tashifeen/pico-sdk/lib/tinyusb/src/tusb.c.o
                0x100063a8                tu_edpt_validate
 .text.tu_edpt_bind_driver
                0x10006424       0x34 CMakeFiles/lab5_amber.dir/home/Tashifeen/pico-sdk/lib/tinyusb/src/tusb.c.o
                0x10006424                tu_edpt_bind_driver
 .text.tu_edpt_stream_init
                0x10006458       0x6c CMakeFiles/lab5_amber.dir/home/Tashifeen/pico-sdk/lib/tinyusb/src/tusb.c.o
                0x10006458                tu_edpt_stream_init
 .text.tu_edpt_stream_deinit
                0x100064c4        0x4 CMakeFiles/lab5_amber.dir/home/Tashifeen/pico-sdk/lib/tinyusb/src/tusb.c.o
                0x100064c4                tu_edpt_stream_deinit
 .text.tu_edpt_stream_write_zlp_if_needed
                0x100064c8       0x68 CMakeFiles/lab5_amber.dir/home/Tashifeen/pico-sdk/lib/tinyusb/src/tusb.c.o
                0x100064c8                tu_edpt_stream_write_zlp_if_needed
 .text.tu_edpt_stream_write_xfer
                0x10006530       0x68 CMakeFiles/lab5_amber.dir/home/Tashifeen/pico-sdk/lib/tinyusb/src/tusb.c.o
                0x10006530                tu_edpt_stream_write_xfer
 .text.tu_edpt_stream_read_xfer
                0x10006598       0xd8 CMakeFiles/lab5_amber.dir/home/Tashifeen/pico-sdk/lib/tinyusb/src/tusb.c.o
                0x10006598                tu_edpt_stream_read_xfer
 .text.tu_fifo_config
                0x10006670       0x6c CMakeFiles/lab5_amber.dir/home/Tashifeen/pico-sdk/lib/tinyusb/src/common/tusb_fifo.c.o
                0x10006670                tu_fifo_config
 .text.tu_fifo_count
                0x100066dc       0x2c CMakeFiles/lab5_amber.dir/home/Tashifeen/pico-sdk/lib/tinyusb/src/common/tusb_fifo.c.o
                0x100066dc                tu_fifo_count
 .text.tu_fifo_empty
                0x10006708       0x10 CMakeFiles/lab5_amber.dir/home/Tashifeen/pico-sdk/lib/tinyusb/src/common/tusb_fifo.c.o
                0x10006708                tu_fifo_empty
 .text.tu_fifo_remaining
                0x10006718       0x2c CMakeFiles/lab5_amber.dir/home/Tashifeen/pico-sdk/lib/tinyusb/src/common/tusb_fifo.c.o
                0x10006718                tu_fifo_remaining
 .text.tu_fifo_read
                0x10006744       0x9c CMakeFiles/lab5_amber.dir/home/Tashifeen/pico-sdk/lib/tinyusb/src/common/tusb_fifo.c.o
                0x10006744                tu_fifo_read
 .text.tu_fifo_read_n
                0x100067e0       0xe8 CMakeFiles/lab5_amber.dir/home/Tashifeen/pico-sdk/lib/tinyusb/src/common/tusb_fifo.c.o
                0x100067e0                tu_fifo_read_n
 .text.tu_fifo_write
                0x100068c8       0xa4 CMakeFiles/lab5_amber.dir/home/Tashifeen/pico-sdk/lib/tinyusb/src/common/tusb_fifo.c.o
                0x100068c8                tu_fifo_write
 .text.tu_fifo_write_n
                0x1000696c      0x178 CMakeFiles/lab5_amber.dir/home/Tashifeen/pico-sdk/lib/tinyusb/src/common/tusb_fifo.c.o
                0x1000696c                tu_fifo_write_n
 .text.tu_fifo_clear
                0x10006ae4       0x40 CMakeFiles/lab5_amber.dir/home/Tashifeen/pico-sdk/lib/tinyusb/src/common/tusb_fifo.c.o
                0x10006ae4                tu_fifo_clear
 .text.tu_fifo_set_overwritable
                0x10006b24       0x48 CMakeFiles/lab5_amber.dir/home/Tashifeen/pico-sdk/lib/tinyusb/src/common/tusb_fifo.c.o
                0x10006b24                tu_fifo_set_overwritable
 .text.cyw43_arch_set_async_context
                0x10006b6c        0xc CMakeFiles/lab5_amber.dir/home/Tashifeen/pico-sdk/src/rp2_common/pico_cyw43_arch/cyw43_arch.c.o
                0x10006b6c                cyw43_arch_set_async_context
 .text.cyw43_arch_gpio_put
                0x10006b78       0x14 CMakeFiles/lab5_amber.dir/home/Tashifeen/pico-sdk/src/rp2_common/pico_cyw43_arch/cyw43_arch.c.o
                0x10006b78                cyw43_arch_gpio_put
 .text.cyw43_arch_async_context
                0x10006b8c        0xc CMakeFiles/lab5_amber.dir/home/Tashifeen/pico-sdk/src/rp2_common/pico_cyw43_arch/cyw43_arch.c.o
                0x10006b8c                cyw43_arch_async_context
 .text.cyw43_arch_init
                0x10006b98       0x64 CMakeFiles/lab5_amber.dir/home/Tashifeen/pico-sdk/src/rp2_common/pico_cyw43_arch/cyw43_arch_threadsafe_background.c.o
                0x10006b98                cyw43_arch_init
 .text.ns_delay.constprop.0
                0x10006bfc       0x20 CMakeFiles/lab5_amber.dir/home/Tashifeen/pico-sdk/src/rp2_common/pico_cyw43_driver/cyw43_bus_pio_spi.c.o
 .text.cyw43_spi_deinit
                0x10006c1c       0x6c CMakeFiles/lab5_amber.dir/home/Tashifeen/pico-sdk/src/rp2_common/pico_cyw43_driver/cyw43_bus_pio_spi.c.o
                0x10006c1c                cyw43_spi_deinit
 .text.cyw43_spi_init
                0x10006c88      0x128 CMakeFiles/lab5_amber.dir/home/Tashifeen/pico-sdk/src/rp2_common/pico_cyw43_driver/cyw43_bus_pio_spi.c.o
                0x10006c88                cyw43_spi_init
 .text.cyw43_spi_transfer
                0x10006db0      0x448 CMakeFiles/lab5_amber.dir/home/Tashifeen/pico-sdk/src/rp2_common/pico_cyw43_driver/cyw43_bus_pio_spi.c.o
                0x10006db0                cyw43_spi_transfer
 .text.cyw43_spi_gpio_setup
                0x100071f8       0x3c CMakeFiles/lab5_amber.dir/home/Tashifeen/pico-sdk/src/rp2_common/pico_cyw43_driver/cyw43_bus_pio_spi.c.o
                0x100071f8                cyw43_spi_gpio_setup
 .text.cyw43_spi_reset
                0x10007234       0x28 CMakeFiles/lab5_amber.dir/home/Tashifeen/pico-sdk/src/rp2_common/pico_cyw43_driver/cyw43_bus_pio_spi.c.o
                0x10007234                cyw43_spi_reset
 .text.read_reg_u32_swap
                0x1000725c       0x44 CMakeFiles/lab5_amber.dir/home/Tashifeen/pico-sdk/src/rp2_common/pico_cyw43_driver/cyw43_bus_pio_spi.c.o
                0x1000725c                read_reg_u32_swap
 .text.cyw43_read_reg_u32
                0x100072a0       0x58 CMakeFiles/lab5_amber.dir/home/Tashifeen/pico-sdk/src/rp2_common/pico_cyw43_driver/cyw43_bus_pio_spi.c.o
                0x100072a0                cyw43_read_reg_u32
 .text.cyw43_read_reg_u16
                0x100072f8       0x58 CMakeFiles/lab5_amber.dir/home/Tashifeen/pico-sdk/src/rp2_common/pico_cyw43_driver/cyw43_bus_pio_spi.c.o
                0x100072f8                cyw43_read_reg_u16
 .text.cyw43_read_reg_u8
                0x10007350       0x58 CMakeFiles/lab5_amber.dir/home/Tashifeen/pico-sdk/src/rp2_common/pico_cyw43_driver/cyw43_bus_pio_spi.c.o
                0x10007350                cyw43_read_reg_u8
 .text.write_reg_u32_swap
                0x100073a8      0x214 CMakeFiles/lab5_amber.dir/home/Tashifeen/pico-sdk/src/rp2_common/pico_cyw43_driver/cyw43_bus_pio_spi.c.o
                0x100073a8                write_reg_u32_swap
 .text.cyw43_write_reg_u32
                0x100075bc      0x214 CMakeFiles/lab5_amber.dir/home/Tashifeen/pico-sdk/src/rp2_common/pico_cyw43_driver/cyw43_bus_pio_spi.c.o
                0x100075bc                cyw43_write_reg_u32
 .text.cyw43_write_reg_u16
                0x100077d0      0x214 CMakeFiles/lab5_amber.dir/home/Tashifeen/pico-sdk/src/rp2_common/pico_cyw43_driver/cyw43_bus_pio_spi.c.o
                0x100077d0                cyw43_write_reg_u16
 .text.cyw43_write_reg_u8
                0x100079e4      0x214 CMakeFiles/lab5_amber.dir/home/Tashifeen/pico-sdk/src/rp2_common/pico_cyw43_driver/cyw43_bus_pio_spi.c.o
                0x100079e4                cyw43_write_reg_u8
 .text.cyw43_read_bytes
                0x10007bf8       0x78 CMakeFiles/lab5_amber.dir/home/Tashifeen/pico-sdk/src/rp2_common/pico_cyw43_driver/cyw43_bus_pio_spi.c.o
                0x10007bf8                cyw43_read_bytes
 .text.cyw43_write_bytes
                0x10007c70       0xd4 CMakeFiles/lab5_amber.dir/home/Tashifeen/pico-sdk/src/rp2_common/pico_cyw43_driver/cyw43_bus_pio_spi.c.o
                0x10007c70                cyw43_write_bytes
 .text.cyw43_set_backplane_window
                0x10007d44       0x68 CMakeFiles/lab5_amber.dir/home/Tashifeen/pico-sdk/lib/cyw43-driver/src/cyw43_ll.c.o
 .text.cyw43_ll_parse_async_event
                0x10007dac      0x138 CMakeFiles/lab5_amber.dir/home/Tashifeen/pico-sdk/lib/cyw43-driver/src/cyw43_ll.c.o
 .text.cyw43_kso_set
                0x10007ee4       0x80 CMakeFiles/lab5_amber.dir/home/Tashifeen/pico-sdk/lib/cyw43-driver/src/cyw43_ll.c.o
 .text.cyw43_ll_sdpcm_poll_device
                0x10007f64      0x238 CMakeFiles/lab5_amber.dir/home/Tashifeen/pico-sdk/lib/cyw43-driver/src/cyw43_ll.c.o
 .text.cyw43_sdpcm_send_common
                0x1000819c       0xfc CMakeFiles/lab5_amber.dir/home/Tashifeen/pico-sdk/lib/cyw43-driver/src/cyw43_ll.c.o
 .text.cyw43_do_ioctl.part.0
                0x10008298       0xc4 CMakeFiles/lab5_amber.dir/home/Tashifeen/pico-sdk/lib/cyw43-driver/src/cyw43_ll.c.o
 .text.cyw43_write_iovar_u32.constprop.0
                0x1000835c       0x98 CMakeFiles/lab5_amber.dir/home/Tashifeen/pico-sdk/lib/cyw43-driver/src/cyw43_ll.c.o
 .text.cyw43_write_iovar_n
                0x100083f4       0x8c CMakeFiles/lab5_amber.dir/home/Tashifeen/pico-sdk/lib/cyw43-driver/src/cyw43_ll.c.o
 .text.cyw43_read_backplane.constprop.0
                0x10008480       0xe4 CMakeFiles/lab5_amber.dir/home/Tashifeen/pico-sdk/lib/cyw43-driver/src/cyw43_ll.c.o
 .text.cyw43_write_backplane
                0x10008564      0x10c CMakeFiles/lab5_amber.dir/home/Tashifeen/pico-sdk/lib/cyw43-driver/src/cyw43_ll.c.o
 .text.reset_device_core.constprop.0
                0x10008670      0x410 CMakeFiles/lab5_amber.dir/home/Tashifeen/pico-sdk/lib/cyw43-driver/src/cyw43_ll.c.o
 .text.cyw43_ll_init
                0x10008a80       0x1c CMakeFiles/lab5_amber.dir/home/Tashifeen/pico-sdk/lib/cyw43-driver/src/cyw43_ll.c.o
                0x10008a80                cyw43_ll_init
 .text.cyw43_ll_deinit
                0x10008a9c        0x8 CMakeFiles/lab5_amber.dir/home/Tashifeen/pico-sdk/lib/cyw43-driver/src/cyw43_ll.c.o
                0x10008a9c                cyw43_ll_deinit
 .text.cyw43_ll_process_packets
                0x10008aa4       0x54 CMakeFiles/lab5_amber.dir/home/Tashifeen/pico-sdk/lib/cyw43-driver/src/cyw43_ll.c.o
                0x10008aa4                cyw43_ll_process_packets
 .text.cyw43_ll_ioctl
                0x10008af8       0x80 CMakeFiles/lab5_amber.dir/home/Tashifeen/pico-sdk/lib/cyw43-driver/src/cyw43_ll.c.o
                0x10008af8                cyw43_ll_ioctl
 .text.cyw43_ll_bus_sleep
                0x10008b78       0x34 CMakeFiles/lab5_amber.dir/home/Tashifeen/pico-sdk/lib/cyw43-driver/src/cyw43_ll.c.o
                0x10008b78                cyw43_ll_bus_sleep
 .text.cyw43_ll_wifi_get_mac
                0x10008bac       0x78 CMakeFiles/lab5_amber.dir/home/Tashifeen/pico-sdk/lib/cyw43-driver/src/cyw43_ll.c.o
                0x10008bac                cyw43_ll_wifi_get_mac
 .text.cyw43_ll_bus_init
                0x10008c24      0x8d8 CMakeFiles/lab5_amber.dir/home/Tashifeen/pico-sdk/lib/cyw43-driver/src/cyw43_ll.c.o
                0x10008c24                cyw43_ll_bus_init
 .text.cyw43_ll_wifi_set_wpa_auth
                0x100094fc       0x4c CMakeFiles/lab5_amber.dir/home/Tashifeen/pico-sdk/lib/cyw43-driver/src/cyw43_ll.c.o
                0x100094fc                cyw43_ll_wifi_set_wpa_auth
 .text.cyw43_ll_wifi_rejoin
                0x10009548       0x58 CMakeFiles/lab5_amber.dir/home/Tashifeen/pico-sdk/lib/cyw43-driver/src/cyw43_ll.c.o
                0x10009548                cyw43_ll_wifi_rejoin
 .text.cyw43_ll_gpio_set
                0x100095a0       0x94 CMakeFiles/lab5_amber.dir/home/Tashifeen/pico-sdk/lib/cyw43-driver/src/cyw43_ll.c.o
                0x100095a0                cyw43_ll_gpio_set
 .text.cyw43_ll_has_work
                0x10009634       0x14 CMakeFiles/lab5_amber.dir/home/Tashifeen/pico-sdk/lib/cyw43-driver/src/cyw43_ll.c.o
                0x10009634                cyw43_ll_has_work
 .text.cyw43_poll_func
                0x10009648       0xc0 CMakeFiles/lab5_amber.dir/home/Tashifeen/pico-sdk/lib/cyw43-driver/src/cyw43_ctrl.c.o
 .text.cyw43_init
                0x10009708       0x6c CMakeFiles/lab5_amber.dir/home/Tashifeen/pico-sdk/lib/cyw43-driver/src/cyw43_ctrl.c.o
                0x10009708                cyw43_init
 .text.cyw43_deinit
                0x10009774       0x90 CMakeFiles/lab5_amber.dir/home/Tashifeen/pico-sdk/lib/cyw43-driver/src/cyw43_ctrl.c.o
                0x10009774                cyw43_deinit
 .text.cyw43_cb_read_host_interrupt_pin
                0x10009804        0xc CMakeFiles/lab5_amber.dir/home/Tashifeen/pico-sdk/lib/cyw43-driver/src/cyw43_ctrl.c.o
                0x10009804                cyw43_cb_read_host_interrupt_pin
 .text.cyw43_cb_ensure_awake
                0x10009810        0xc CMakeFiles/lab5_amber.dir/home/Tashifeen/pico-sdk/lib/cyw43-driver/src/cyw43_ctrl.c.o
                0x10009810                cyw43_cb_ensure_awake
 .text.cyw43_cb_process_async_event
                0x1000981c      0x210 CMakeFiles/lab5_amber.dir/home/Tashifeen/pico-sdk/lib/cyw43-driver/src/cyw43_ctrl.c.o
                0x1000981c                cyw43_cb_process_async_event
 .text.cyw43_gpio_set
                0x10009a2c       0xa4 CMakeFiles/lab5_amber.dir/home/Tashifeen/pico-sdk/lib/cyw43-driver/src/cyw43_ctrl.c.o
                0x10009a2c                cyw43_gpio_set
 .text.pio_sm_set_pindirs_with_mask64
                0x10009ad0       0xac CMakeFiles/lab5_amber.dir/home/Tashifeen/pico-sdk/src/rp2_common/hardware_pio/pio.c.o
                0x10009ad0                pio_sm_set_pindirs_with_mask64
 .text.pio_sm_set_consecutive_pindirs
                0x10009b7c       0xb4 CMakeFiles/lab5_amber.dir/home/Tashifeen/pico-sdk/src/rp2_common/hardware_pio/pio.c.o
                0x10009b7c                pio_sm_set_consecutive_pindirs
 .text.pio_claim_free_sm_and_add_program_for_gpio_range
                0x10009c30      0x184 CMakeFiles/lab5_amber.dir/home/Tashifeen/pico-sdk/src/rp2_common/hardware_pio/pio.c.o
                0x10009c30                pio_claim_free_sm_and_add_program_for_gpio_range
 .text.pio_remove_program_and_unclaim_sm
                0x10009db4       0x40 CMakeFiles/lab5_amber.dir/home/Tashifeen/pico-sdk/src/rp2_common/hardware_pio/pio.c.o
                0x10009db4                pio_remove_program_and_unclaim_sm
 .text.dma_channel_unclaim
                0x10009df4       0x14 CMakeFiles/lab5_amber.dir/home/Tashifeen/pico-sdk/src/rp2_common/hardware_dma/dma.c.o
                0x10009df4                dma_channel_unclaim
 .text.dma_claim_unused_channel
                0x10009e08       0x24 CMakeFiles/lab5_amber.dir/home/Tashifeen/pico-sdk/src/rp2_common/hardware_dma/dma.c.o
                0x10009e08                dma_claim_unused_channel
 .text.dma_channel_cleanup
                0x10009e2c       0x64 CMakeFiles/lab5_amber.dir/home/Tashifeen/pico-sdk/src/rp2_common/hardware_dma/dma.c.o
                0x10009e2c                dma_channel_cleanup
 .text.cyw43_sleep_timeout_reached
                0x10009e90       0x10 CMakeFiles/lab5_amber.dir/home/Tashifeen/pico-sdk/src/rp2_common/pico_cyw43_driver/cyw43_driver.c.o
 .text.cyw43_irq_init
                0x10009ea0       0x28 CMakeFiles/lab5_amber.dir/home/Tashifeen/pico-sdk/src/rp2_common/pico_cyw43_driver/cyw43_driver.c.o
                0x10009ea0                cyw43_irq_init
 .text.cyw43_irq_deinit
                0x10009ec8       0x20 CMakeFiles/lab5_amber.dir/home/Tashifeen/pico-sdk/src/rp2_common/pico_cyw43_driver/cyw43_driver.c.o
                0x10009ec8                cyw43_irq_deinit
 .text.cyw43_gpio_irq_handler
                0x10009ee8       0x44 CMakeFiles/lab5_amber.dir/home/Tashifeen/pico-sdk/src/rp2_common/pico_cyw43_driver/cyw43_driver.c.o
 .text.cyw43_do_poll
                0x10009f2c       0x6c CMakeFiles/lab5_amber.dir/home/Tashifeen/pico-sdk/src/rp2_common/pico_cyw43_driver/cyw43_driver.c.o
 .text.cyw43_post_poll_hook
                0x10009f98       0x10 CMakeFiles/lab5_amber.dir/home/Tashifeen/pico-sdk/src/rp2_common/pico_cyw43_driver/cyw43_driver.c.o
                0x10009f98                cyw43_post_poll_hook
 .text.cyw43_schedule_internal_poll_dispatch
                0x10009fa8       0x18 CMakeFiles/lab5_amber.dir/home/Tashifeen/pico-sdk/src/rp2_common/pico_cyw43_driver/cyw43_driver.c.o
                0x10009fa8                cyw43_schedule_internal_poll_dispatch
 .text.cyw43_driver_init
                0x10009fc0       0x38 CMakeFiles/lab5_amber.dir/home/Tashifeen/pico-sdk/src/rp2_common/pico_cyw43_driver/cyw43_driver.c.o
                0x10009fc0                cyw43_driver_init
 .text.cyw43_driver_deinit
                0x10009ff8       0x4c CMakeFiles/lab5_amber.dir/home/Tashifeen/pico-sdk/src/rp2_common/pico_cyw43_driver/cyw43_driver.c.o
                0x10009ff8                cyw43_driver_deinit
 .text.cyw43_hal_generate_laa_mac
                0x1000a044       0x28 CMakeFiles/lab5_amber.dir/home/Tashifeen/pico-sdk/src/rp2_common/pico_cyw43_driver/cyw43_driver.c.o
                0x1000a044                cyw43_hal_generate_laa_mac
 .text.cyw43_thread_enter
                0x1000a06c       0x14 CMakeFiles/lab5_amber.dir/home/Tashifeen/pico-sdk/src/rp2_common/pico_cyw43_driver/cyw43_driver.c.o
                0x1000a06c                cyw43_thread_enter
 .text.cyw43_thread_exit
                0x1000a080       0x14 CMakeFiles/lab5_amber.dir/home/Tashifeen/pico-sdk/src/rp2_common/pico_cyw43_driver/cyw43_driver.c.o
                0x1000a080                cyw43_thread_exit
 .text.cyw43_await_background_or_timeout_us
                0x1000a094       0x5c CMakeFiles/lab5_amber.dir/home/Tashifeen/pico-sdk/src/rp2_common/pico_cyw43_driver/cyw43_driver.c.o
                0x1000a094                cyw43_await_background_or_timeout_us
 .text.cyw43_delay_ms
                0x1000a0f0       0x44 CMakeFiles/lab5_amber.dir/home/Tashifeen/pico-sdk/src/rp2_common/pico_cyw43_driver/cyw43_driver.c.o
                0x1000a0f0                cyw43_delay_ms
 .text.cyw43_cb_tcpip_deinit
                0x1000a134        0x4 CMakeFiles/lab5_amber.dir/home/Tashifeen/pico-sdk/src/rp2_common/pico_cyw43_driver/cyw43_driver.c.o
                0x1000a134                cyw43_cb_tcpip_deinit
 .text.cyw43_cb_tcpip_set_link_up
                0x1000a138        0xc CMakeFiles/lab5_amber.dir/home/Tashifeen/pico-sdk/src/rp2_common/pico_cyw43_driver/cyw43_driver.c.o
                0x1000a138                cyw43_cb_tcpip_set_link_up
 .text.cyw43_cb_tcpip_set_link_down
                0x1000a144        0xc CMakeFiles/lab5_amber.dir/home/Tashifeen/pico-sdk/src/rp2_common/pico_cyw43_driver/cyw43_driver.c.o
                0x1000a144                cyw43_cb_tcpip_set_link_down
 .text.cyw43_cb_process_ethernet
                0x1000a150        0xc CMakeFiles/lab5_amber.dir/home/Tashifeen/pico-sdk/src/rp2_common/pico_cyw43_driver/cyw43_driver.c.o
                0x1000a150                cyw43_cb_process_ethernet
 .text.async_context_threadsafe_background_acquire_lock_blocking
                0x1000a15c        0xc CMakeFiles/lab5_amber.dir/home/Tashifeen/pico-sdk/src/rp2_common/pico_async_context/async_context_threadsafe_background.c.o
 .text.alarm_handler
                0x1000a168       0x20 CMakeFiles/lab5_amber.dir/home/Tashifeen/pico-sdk/src/rp2_common/pico_async_context/async_context_threadsafe_background.c.o
 .text.async_context_threadsafe_background_set_work_pending
                0x1000a188       0x1c CMakeFiles/lab5_amber.dir/home/Tashifeen/pico-sdk/src/rp2_common/pico_async_context/async_context_threadsafe_background.c.o
 .text.process_under_lock
                0x1000a1a4       0xcc CMakeFiles/lab5_amber.dir/home/Tashifeen/pico-sdk/src/rp2_common/pico_async_context/async_context_threadsafe_background.c.o
 .text.async_context_threadsafe_background_execute_sync
                0x1000a270       0x30 CMakeFiles/lab5_amber.dir/home/Tashifeen/pico-sdk/src/rp2_common/pico_async_context/async_context_threadsafe_background.c.o
                0x1000a270                async_context_threadsafe_background_execute_sync
 .text.async_context_threadsafe_background_deinit
                0x1000a2a0       0x54 CMakeFiles/lab5_amber.dir/home/Tashifeen/pico-sdk/src/rp2_common/pico_async_context/async_context_threadsafe_background.c.o
 .text.low_priority_irq_handler
                0x1000a2f4       0x3c CMakeFiles/lab5_amber.dir/home/Tashifeen/pico-sdk/src/rp2_common/pico_async_context/async_context_threadsafe_background.c.o
 .text.async_context_threadsafe_background_wait_for_work_until
                0x1000a330        0xc CMakeFiles/lab5_amber.dir/home/Tashifeen/pico-sdk/src/rp2_common/pico_async_context/async_context_threadsafe_background.c.o
 .text.async_context_threadsafe_background_wait_until
                0x1000a33c       0x1c CMakeFiles/lab5_amber.dir/home/Tashifeen/pico-sdk/src/rp2_common/pico_async_context/async_context_threadsafe_background.c.o
 .text.async_context_threadsafe_background_lock_check
                0x1000a358       0x28 CMakeFiles/lab5_amber.dir/home/Tashifeen/pico-sdk/src/rp2_common/pico_async_context/async_context_threadsafe_background.c.o
 .text.async_context_threadsafe_background_release_lock
                0x1000a380       0x1c CMakeFiles/lab5_amber.dir/home/Tashifeen/pico-sdk/src/rp2_common/pico_async_context/async_context_threadsafe_background.c.o
 .text.async_context_threadsafe_background_when_pending_worker
                0x1000a39c       0x34 CMakeFiles/lab5_amber.dir/home/Tashifeen/pico-sdk/src/rp2_common/pico_async_context/async_context_threadsafe_background.c.o
 .text.async_context_threadsafe_background_add_when_pending_worker
                0x1000a3d0       0x34 CMakeFiles/lab5_amber.dir/home/Tashifeen/pico-sdk/src/rp2_common/pico_async_context/async_context_threadsafe_background.c.o
 .text.async_context_threadsafe_background_remove_at_time_worker
                0x1000a404       0x34 CMakeFiles/lab5_amber.dir/home/Tashifeen/pico-sdk/src/rp2_common/pico_async_context/async_context_threadsafe_background.c.o
 .text.async_context_threadsafe_background_add_at_time_worker
                0x1000a438       0x34 CMakeFiles/lab5_amber.dir/home/Tashifeen/pico-sdk/src/rp2_common/pico_async_context/async_context_threadsafe_background.c.o
 .text.async_context_threadsafe_background_default_config
                0x1000a46c        0xc CMakeFiles/lab5_amber.dir/home/Tashifeen/pico-sdk/src/rp2_common/pico_async_context/async_context_threadsafe_background.c.o
                0x1000a46c                async_context_threadsafe_background_default_config
 .text.async_context_threadsafe_background_init
                0x1000a478       0x8c CMakeFiles/lab5_amber.dir/home/Tashifeen/pico-sdk/src/rp2_common/pico_async_context/async_context_threadsafe_background.c.o
                0x1000a478                async_context_threadsafe_background_init
 .text.async_context_base_add_at_time_worker
                0x1000a504       0x28 CMakeFiles/lab5_amber.dir/home/Tashifeen/pico-sdk/src/rp2_common/pico_async_context/async_context_base.c.o
                0x1000a504                async_context_base_add_at_time_worker
 .text.async_context_base_remove_at_time_worker
                0x1000a52c       0x24 CMakeFiles/lab5_amber.dir/home/Tashifeen/pico-sdk/src/rp2_common/pico_async_context/async_context_base.c.o
                0x1000a52c                async_context_base_remove_at_time_worker
 .text.async_context_base_add_when_pending_worker
                0x1000a550       0x24 CMakeFiles/lab5_amber.dir/home/Tashifeen/pico-sdk/src/rp2_common/pico_async_context/async_context_base.c.o
                0x1000a550                async_context_base_add_when_pending_worker
 .text.async_context_base_remove_when_pending_worker
                0x1000a574       0x24 CMakeFiles/lab5_amber.dir/home/Tashifeen/pico-sdk/src/rp2_common/pico_async_context/async_context_base.c.o
                0x1000a574                async_context_base_remove_when_pending_worker
 .text.async_context_base_execute_once
                0x1000a598      0x108 CMakeFiles/lab5_amber.dir/home/Tashifeen/pico-sdk/src/rp2_common/pico_async_context/async_context_base.c.o
                0x1000a598                async_context_base_execute_once
 .text.adc_init
                0x1000a6a0       0x38 CMakeFiles/lab5_amber.dir/home/Tashifeen/pico-sdk/src/rp2_common/hardware_adc/adc.c.o
                0x1000a6a0                adc_init
 .text          0x1000a6d8       0x5c /usr/lib/gcc/arm-none-eabi/14.2.1/../../../arm-none-eabi/lib/thumb/v6-m/nofp/libg.a(libc_a-strlen-stub.o)
                0x1000a6d8                strlen
 .text          0x1000a734       0x28 /usr/lib/gcc/arm-none-eabi/14.2.1/../../../arm-none-eabi/lib/thumb/v6-m/nofp/libg.a(libc_a-fini.o)
                0x1000a734                __libc_fini_array
 .text          0x1000a75c       0x74 /usr/lib/gcc/arm-none-eabi/14.2.1/../../../arm-none-eabi/lib/thumb/v6-m/nofp/libg.a(libc_a-strncmp.o)
                0x1000a75c                strncmp
 .text          0x1000a7d0       0xb0 /usr/lib/gcc/arm-none-eabi/14.2.1/../../../arm-none-eabi/lib/thumb/v6-m/nofp/libg.a(libc_a-memmove.o)
                0x1000a7d0                memmove
 .text          0x1000a880       0x10 /usr/lib/gcc/arm-none-eabi/14.2.1/../../../arm-none-eabi/lib/thumb/v6-m/nofp/libg.a(libc_a-atexit.o)
                0x1000a880                atexit
 .text          0x1000a890       0x78 /usr/lib/gcc/arm-none-eabi/14.2.1/../../../arm-none-eabi/lib/thumb/v6-m/nofp/libg.a(libc_a-__atexit.o)
                0x1000a890                __register_exitproc
 .text.startup  0x1000a908       0x18 /usr/lib/gcc/arm-none-eabi/14.2.1/../../../arm-none-eabi/lib/thumb/v6-m/nofp/libg.a(libc_a-__call_atexit.o)
 *(.fini)
 .fini          0x1000a920        0x4 /usr/lib/gcc/arm-none-eabi/14.2.1/thumb/v6-m/nofp/crti.o
                0x1000a920                _fini
 *fill*         0x1000a924        0x4 
 .fini.__stub   0x1000a928      0x110 linker stubs
 *crtbegin.o(.ctors)
 *crtbegin?.o(.ctors)
 *(EXCLUDE_FILE(*crtend.o *crtend?.o) .ctors)
 *(SORT_BY_NAME(.ctors.*))
 *(.ctors)
 *crtbegin.o(.dtors)
 *crtbegin?.o(.dtors)
 *(EXCLUDE_FILE(*crtend.o *crtend?.o) .dtors)
 *(SORT_BY_NAME(.dtors.*))
 *(.dtors)
                0x1000aa38                        . = ALIGN (0x4)
                0x1000aa38                        PROVIDE (__preinit_array_start = .)
 *(SORT_BY_NAME(.preinit_array.*))
 .preinit_array.00100
                0x1000aa38        0x4 CMakeFiles/lab5_amber.dir/home/Tashifeen/pico-sdk/src/rp2_common/pico_runtime_init/runtime_init.c.o
                0x1000aa38                __pre_init_runtime_init_early_resets
 .preinit_array.00101
                0x1000aa3c        0x4 CMakeFiles/lab5_amber.dir/home/Tashifeen/pico-sdk/src/rp2_common/pico_runtime_init/runtime_init.c.o
                0x1000aa3c                __pre_init_runtime_init_usb_power_down
 .preinit_array.00275
                0x1000aa40        0x4 CMakeFiles/lab5_amber.dir/home/Tashifeen/pico-sdk/src/rp2_common/pico_bit_ops/bit_ops_aeabi.S.o
 .preinit_array.00300
                0x1000aa44        0x4 CMakeFiles/lab5_amber.dir/home/Tashifeen/pico-sdk/src/rp2_common/pico_mem_ops/mem_ops_aeabi.S.o
 .preinit_array.00350
                0x1000aa48        0x4 CMakeFiles/lab5_amber.dir/home/Tashifeen/pico-sdk/src/rp2_common/pico_double/double_aeabi_rp2040.S.o
 .preinit_array.00350
                0x1000aa4c        0x4 CMakeFiles/lab5_amber.dir/home/Tashifeen/pico-sdk/src/rp2_common/pico_float/float_aeabi_rp2040.S.o
 .preinit_array.00500
                0x1000aa50        0x4 CMakeFiles/lab5_amber.dir/home/Tashifeen/pico-sdk/src/rp2_common/pico_runtime_init/runtime_init.c.o
                0x1000aa50                __pre_init_runtime_init_clocks
 .preinit_array.00600
                0x1000aa54        0x4 CMakeFiles/lab5_amber.dir/home/Tashifeen/pico-sdk/src/rp2_common/pico_runtime_init/runtime_init.c.o
                0x1000aa54                __pre_init_runtime_init_post_clock_resets
 .preinit_array.00700
                0x1000aa58        0x4 CMakeFiles/lab5_amber.dir/home/Tashifeen/pico-sdk/src/rp2_common/pico_runtime_init/runtime_init.c.o
                0x1000aa58                __pre_init_runtime_init_rp2040_gpio_ie_disable
 .preinit_array.01000
                0x1000aa5c        0x4 CMakeFiles/lab5_amber.dir/home/Tashifeen/pico-sdk/src/rp2_common/pico_runtime_init/runtime_init.c.o
                0x1000aa5c                __pre_init_runtime_init_spin_locks_reset
 .preinit_array.01100
                0x1000aa60        0x4 CMakeFiles/lab5_amber.dir/home/Tashifeen/pico-sdk/src/common/pico_sync/mutex.c.o
                0x1000aa60                __pre_init_runtime_init_mutex
 .preinit_array.10080
                0x1000aa64        0x4 CMakeFiles/lab5_amber.dir/home/Tashifeen/pico-sdk/src/rp2_common/pico_runtime_init/runtime_init.c.o
                0x1000aa64                __pre_init_runtime_init_install_ram_vector_table
 .preinit_array.11000
                0x1000aa68        0x4 CMakeFiles/lab5_amber.dir/home/Tashifeen/pico-sdk/src/common/pico_time/time.c.o
                0x1000aa68                __pre_init_runtime_init_default_alarm_pool
 .preinit_array.YYYYY
                0x1000aa6c        0x4 CMakeFiles/lab5_amber.dir/home/Tashifeen/pico-sdk/src/rp2_common/pico_runtime/runtime.c.o
                0x1000aa6c                __pre_init_first_per_core_initializer
 .preinit_array.ZZZZZ.01200
                0x1000aa70        0x4 CMakeFiles/lab5_amber.dir/home/Tashifeen/pico-sdk/src/rp2_common/hardware_irq/irq.c.o
                0x1000aa70                __pre_init_runtime_init_per_core_irq_priorities
 *(.preinit_array)
                0x1000aa74                        PROVIDE (__preinit_array_end = .)
                0x1000aa74                        . = ALIGN (0x4)
                0x1000aa74                        PROVIDE (__init_array_start = .)
 *(SORT_BY_NAME(.init_array.*))
 .init_array.00000
                0x1000aa74        0x4 /usr/lib/gcc/arm-none-eabi/14.2.1/../../../arm-none-eabi/lib/thumb/v6-m/nofp/libg.a(libc_a-__call_atexit.o)
 .init_array.01000
                0x1000aa78        0x4 CMakeFiles/lab5_amber.dir/home/Tashifeen/pico-sdk/src/rp2_common/pico_unique_id/unique_id.c.o
 *(.init_array)
 .init_array    0x1000aa7c        0x4 /usr/lib/gcc/arm-none-eabi/14.2.1/thumb/v6-m/nofp/crtbegin.o
                0x1000aa80                        PROVIDE (__init_array_end = .)
                0x1000aa80                        . = ALIGN (0x4)
                0x1000aa80                        PROVIDE (__fini_array_start = .)
 *(SORT_BY_NAME(.fini_array.*))
 *(.fini_array)
                0x1000aa80                        PROVIDE (__fini_array_end = .)
 *(.eh_frame*)
 .eh_frame      0x1000aa80        0x0 /usr/lib/gcc/arm-none-eabi/14.2.1/thumb/v6-m/nofp/crtbegin.o
                0x1000aa80                        . = ALIGN (0x4)

.glue_7         0x1000aa80        0x0
 .glue_7        0x1000aa80        0x0 linker stubs

.glue_7t        0x1000aa80        0x0
 .glue_7t       0x1000aa80        0x0 linker stubs

.vfp11_veneer   0x1000aa80        0x0
 .vfp11_veneer  0x1000aa80        0x0 linker stubs

.v4_bx          0x1000aa80        0x0
 .v4_bx         0x1000aa80        0x0 linker stubs

.iplt           0x1000aa80        0x0
 .iplt          0x1000aa80        0x0 /usr/lib/gcc/arm-none-eabi/14.2.1/thumb/v6-m/nofp/crtbegin.o

.rodata         0x1000aa80    0x37fb0
 *(EXCLUDE_FILE(*libm.a: *libc.a:*lib_a-mem*.o *libgcc.a:) .rodata*)
 .rodata.sense_and_light.str1.4
                0x1000aa80      0x554 CMakeFiles/lab5_amber.dir/lab5_amber.c.o
                                  0xf (size before relaxing)
 .rodata.panic.str1.4
                0x1000afd4       0x12 CMakeFiles/lab5_amber.dir/home/Tashifeen/pico-sdk/src/rp2_common/pico_platform_panic/panic.c.o
 .rodata.spin_lock_claim_unused.str1.4
                0x1000afd4       0x1b CMakeFiles/lab5_amber.dir/home/Tashifeen/pico-sdk/src/rp2_common/hardware_sync/sync.c.o
 .rodata.user_irq_claim_unused.str1.4
                0x1000afd4       0x1b CMakeFiles/lab5_amber.dir/home/Tashifeen/pico-sdk/src/rp2_common/hardware_irq/irq.c.o
 *fill*         0x1000afd4        0x4 
 .rodata.at_the_end_of_time
                0x1000afd8        0x8 CMakeFiles/lab5_amber.dir/home/Tashifeen/pico-sdk/src/common/pico_time/time.c.o
                0x1000afd8                at_the_end_of_time
 .rodata.timer_hardware_alarm_claim.str1.4
                0x1000afe0       0x22 CMakeFiles/lab5_amber.dir/home/Tashifeen/pico-sdk/src/rp2_common/hardware_timer/timer.c.o
 .rodata.hard_assertion_failure.str1.4
                0x1000afe0        0xc CMakeFiles/lab5_amber.dir/home/Tashifeen/pico-sdk/src/rp2_common/pico_runtime/runtime.c.o
 .rodata.missing_double_func_shim.str1.4
                0x1000afe0       0x18 CMakeFiles/lab5_amber.dir/home/Tashifeen/pico-sdk/src/rp2_common/pico_double/double_init_rom_rp2040.c.o
 .rodata.missing_float_func_shim.str1.4
                0x1000afe0        0x1 CMakeFiles/lab5_amber.dir/home/Tashifeen/pico-sdk/src/rp2_common/pico_float/float_init_rom_rp2040.c.o
 .rodata.str1.4
                0x1000afe0       0x40 CMakeFiles/lab5_amber.dir/home/Tashifeen/pico-sdk/src/rp2_common/pico_standard_binary_info/standard_binary_info.c.o
 .rodata.__bi_84
                0x1000afe0        0xc CMakeFiles/lab5_amber.dir/home/Tashifeen/pico-sdk/src/rp2_common/pico_standard_binary_info/standard_binary_info.c.o
 .rodata.__bi_78
                0x1000afec        0xc CMakeFiles/lab5_amber.dir/home/Tashifeen/pico-sdk/src/rp2_common/pico_standard_binary_info/standard_binary_info.c.o
 .rodata.__bi_54
                0x1000aff8        0xc CMakeFiles/lab5_amber.dir/home/Tashifeen/pico-sdk/src/rp2_common/pico_standard_binary_info/standard_binary_info.c.o
 .rodata.__bi_48
                0x1000b004        0xc CMakeFiles/lab5_amber.dir/home/Tashifeen/pico-sdk/src/rp2_common/pico_standard_binary_info/standard_binary_info.c.o
 .rodata.__bi_42
                0x1000b010        0xc CMakeFiles/lab5_amber.dir/home/Tashifeen/pico-sdk/src/rp2_common/pico_standard_binary_info/standard_binary_info.c.o
 .rodata.__bi_34
                0x1000b01c        0xc CMakeFiles/lab5_amber.dir/home/Tashifeen/pico-sdk/src/rp2_common/pico_standard_binary_info/standard_binary_info.c.o
 .rodata.__bi_26
                0x1000b028        0xc CMakeFiles/lab5_amber.dir/home/Tashifeen/pico-sdk/src/rp2_common/pico_standard_binary_info/standard_binary_info.c.o
 .rodata._ftoa.str1.4
                0x1000b034       0x15 CMakeFiles/lab5_amber.dir/home/Tashifeen/pico-sdk/src/rp2_common/pico_printf/printf.c.o
 .rodata._vsnprintf
                0x1000b034      0x19c CMakeFiles/lab5_amber.dir/home/Tashifeen/pico-sdk/src/rp2_common/pico_printf/printf.c.o
 .rodata.pow10.0
                0x1000b1d0       0x50 CMakeFiles/lab5_amber.dir/home/Tashifeen/pico-sdk/src/rp2_common/pico_printf/printf.c.o
 .rodata.crlf_str.0
                0x1000b220        0x2 CMakeFiles/lab5_amber.dir/home/Tashifeen/pico-sdk/src/rp2_common/pico_stdio/stdio.c.o
 *fill*         0x1000b222        0x2 
 .rodata._resetd_driver
                0x1000b224       0x20 CMakeFiles/lab5_amber.dir/home/Tashifeen/pico-sdk/src/rp2_common/pico_stdio_usb/reset_interface.c.o
 .rodata.desc_ms_os_20
                0x1000b244       0xa6 CMakeFiles/lab5_amber.dir/home/Tashifeen/pico-sdk/src/rp2_common/pico_stdio_usb/reset_interface.c.o
 *fill*         0x1000b2ea        0x2 
 .rodata.desc_bos
                0x1000b2ec       0x21 CMakeFiles/lab5_amber.dir/home/Tashifeen/pico-sdk/src/rp2_common/pico_stdio_usb/reset_interface.c.o
                0x1000b2ec                desc_bos
 .rodata.str1.4
                0x1000b30d       0x13 CMakeFiles/lab5_amber.dir/home/Tashifeen/pico-sdk/src/rp2_common/pico_stdio_usb/stdio_usb.c.o
 *fill*         0x1000b30d        0x3 
 .rodata.__bi_202.0
                0x1000b310        0xc CMakeFiles/lab5_amber.dir/home/Tashifeen/pico-sdk/src/rp2_common/pico_stdio_usb/stdio_usb.c.o
 .rodata.str1.4
                0x1000b31c       0x2a CMakeFiles/lab5_amber.dir/home/Tashifeen/pico-sdk/src/rp2_common/pico_stdio_usb/stdio_usb_descriptors.c.o
 .rodata.usbd_desc_str
                0x1000b31c       0x18 CMakeFiles/lab5_amber.dir/home/Tashifeen/pico-sdk/src/rp2_common/pico_stdio_usb/stdio_usb_descriptors.c.o
 .rodata.usbd_desc_cfg
                0x1000b334       0x54 CMakeFiles/lab5_amber.dir/home/Tashifeen/pico-sdk/src/rp2_common/pico_stdio_usb/stdio_usb_descriptors.c.o
 .rodata.usbd_desc_device
                0x1000b388       0x12 CMakeFiles/lab5_amber.dir/home/Tashifeen/pico-sdk/src/rp2_common/pico_stdio_usb/stdio_usb_descriptors.c.o
 .rodata.str1.4
                0x1000b39a       0x14 CMakeFiles/lab5_amber.dir/home/Tashifeen/pico-sdk/lib/tinyusb/src/portable/raspberrypi/rp2040/dcd_rp2040.c.o
 .rodata.str1.4
                0x1000b39a       0x48 CMakeFiles/lab5_amber.dir/home/Tashifeen/pico-sdk/lib/tinyusb/src/portable/raspberrypi/rp2040/rp2040_usb.c.o
 *fill*         0x1000b39a        0x2 
 .rodata.tud_task_ext
                0x1000b39c       0x8c CMakeFiles/lab5_amber.dir/home/Tashifeen/pico-sdk/lib/tinyusb/src/device/usbd.c.o
 .rodata        0x1000b428       0x1c CMakeFiles/lab5_amber.dir/home/Tashifeen/pico-sdk/lib/tinyusb/src/device/usbd.c.o
 .rodata._usbd_driver
                0x1000b444       0x40 CMakeFiles/lab5_amber.dir/home/Tashifeen/pico-sdk/lib/tinyusb/src/device/usbd.c.o
 .rodata.cyw43_read_bytes.str1.4
                0x1000b484       0x1a CMakeFiles/lab5_amber.dir/home/Tashifeen/pico-sdk/src/rp2_common/pico_cyw43_driver/cyw43_bus_pio_spi.c.o
 .rodata.cyw43_write_bytes.str1.4
                0x1000b484        0xd CMakeFiles/lab5_amber.dir/home/Tashifeen/pico-sdk/src/rp2_common/pico_cyw43_driver/cyw43_bus_pio_spi.c.o
 .rodata.spi_gap01_sample0_program
                0x1000b484        0x8 CMakeFiles/lab5_amber.dir/home/Tashifeen/pico-sdk/src/rp2_common/pico_cyw43_driver/cyw43_bus_pio_spi.c.o
 .rodata.spi_gap01_sample0_program_instructions
                0x1000b48c        0xc CMakeFiles/lab5_amber.dir/home/Tashifeen/pico-sdk/src/rp2_common/pico_cyw43_driver/cyw43_bus_pio_spi.c.o
 .rodata.cyw43_kso_set.str1.4
                0x1000b498       0x23 CMakeFiles/lab5_amber.dir/home/Tashifeen/pico-sdk/lib/cyw43-driver/src/cyw43_ll.c.o
 .rodata.cyw43_ll_sdpcm_poll_device.str1.4
                0x1000b498       0x55 CMakeFiles/lab5_amber.dir/home/Tashifeen/pico-sdk/lib/cyw43-driver/src/cyw43_ll.c.o
 .rodata.cyw43_sdpcm_send_common.str1.4
                0x1000b498       0x22 CMakeFiles/lab5_amber.dir/home/Tashifeen/pico-sdk/lib/cyw43-driver/src/cyw43_ll.c.o
 .rodata.cyw43_do_ioctl.part.0.str1.4
                0x1000b498       0x53 CMakeFiles/lab5_amber.dir/home/Tashifeen/pico-sdk/lib/cyw43-driver/src/cyw43_ll.c.o
 .rodata.reset_device_core.constprop.0.str1.4
                0x1000b498       0x1a CMakeFiles/lab5_amber.dir/home/Tashifeen/pico-sdk/lib/cyw43-driver/src/cyw43_ll.c.o
 .rodata.cyw43_ll_wifi_on.str1.4
                0x1000b498       0x52 CMakeFiles/lab5_amber.dir/home/Tashifeen/pico-sdk/lib/cyw43-driver/src/cyw43_ll.c.o
 .rodata.cyw43_ll_bus_init.str1.4
                0x1000b498       0xea CMakeFiles/lab5_amber.dir/home/Tashifeen/pico-sdk/lib/cyw43-driver/src/cyw43_ll.c.o
 .rodata.cyw43_ll_gpio_set.str1.4
                0x1000b498        0x8 CMakeFiles/lab5_amber.dir/home/Tashifeen/pico-sdk/lib/cyw43-driver/src/cyw43_ll.c.o
 .rodata.w43439A0_7_95_49_00_combined
                0x1000b498    0x36fd8 CMakeFiles/lab5_amber.dir/home/Tashifeen/pico-sdk/lib/cyw43-driver/src/cyw43_ll.c.o
 .rodata.wifi_nvram_4343
                0x10042470      0x2e7 CMakeFiles/lab5_amber.dir/home/Tashifeen/pico-sdk/lib/cyw43-driver/src/cyw43_ll.c.o
 *fill*         0x10042757        0x1 
 .rodata        0x10042758       0x72 CMakeFiles/lab5_amber.dir/home/Tashifeen/pico-sdk/lib/cyw43-driver/src/cyw43_ll.c.o
 .rodata.cyw43_cb_process_async_event.str1.4
                0x100427ca       0x28 CMakeFiles/lab5_amber.dir/home/Tashifeen/pico-sdk/lib/cyw43-driver/src/cyw43_ctrl.c.o
 *fill*         0x100427ca        0x2 
 .rodata.cyw43_cb_process_async_event
                0x100427cc       0xc8 CMakeFiles/lab5_amber.dir/home/Tashifeen/pico-sdk/lib/cyw43-driver/src/cyw43_ctrl.c.o
 .rodata.str1.4
                0x10042894       0x9e CMakeFiles/lab5_amber.dir/home/Tashifeen/pico-sdk/lib/cyw43-driver/src/cyw43_ctrl.c.o
 .rodata.cyw43_async_event_name_table
                0x10042894      0x164 CMakeFiles/lab5_amber.dir/home/Tashifeen/pico-sdk/lib/cyw43-driver/src/cyw43_ctrl.c.o
 .rodata.pio_claim_unused_sm.str1.4
                0x100429f8       0x24 CMakeFiles/lab5_amber.dir/home/Tashifeen/pico-sdk/src/rp2_common/hardware_pio/pio.c.o
 .rodata.dma_claim_unused_channel.str1.4
                0x100429f8       0x1e CMakeFiles/lab5_amber.dir/home/Tashifeen/pico-sdk/src/rp2_common/hardware_dma/dma.c.o
 .rodata.cyw43_cb_tcpip_set_link_up.str1.4
                0x100429f8       0x20 CMakeFiles/lab5_amber.dir/home/Tashifeen/pico-sdk/src/rp2_common/pico_cyw43_driver/cyw43_driver.c.o
 .rodata.async_context_threadsafe_background_lock_check.str1.4
                0x100429f8       0x20 CMakeFiles/lab5_amber.dir/home/Tashifeen/pico-sdk/src/rp2_common/pico_async_context/async_context_threadsafe_background.c.o
 .rodata.template
                0x100429f8       0x38 CMakeFiles/lab5_amber.dir/home/Tashifeen/pico-sdk/src/rp2_common/pico_async_context/async_context_threadsafe_background.c.o
                0x10042a30                        . = ALIGN (0x4)
 *(SORT_BY_ALIGNMENT(SORT_BY_NAME(.flashdata*)))
                0x10042a30                        . = ALIGN (0x4)

.ARM.extab
 *(.ARM.extab* .gnu.linkonce.armextab.*)
                0x10042a30                        __exidx_start = .

.ARM.exidx
 *(.ARM.exidx* .gnu.linkonce.armexidx.*)
                0x10042a30                        __exidx_end = .
                0x10042a30                        . = ALIGN (0x4)
                0x10042a30                        __binary_info_start = .

.binary_info    0x10042a30       0x20
 *(.binary_info.keep.*)
 .binary_info.keep.__bi_ptr84
                0x10042a30        0x4 CMakeFiles/lab5_amber.dir/home/Tashifeen/pico-sdk/src/rp2_common/pico_standard_binary_info/standard_binary_info.c.o
 .binary_info.keep.__bi_ptr78
                0x10042a34        0x4 CMakeFiles/lab5_amber.dir/home/Tashifeen/pico-sdk/src/rp2_common/pico_standard_binary_info/standard_binary_info.c.o
 .binary_info.keep.__bi_ptr54
                0x10042a38        0x4 CMakeFiles/lab5_amber.dir/home/Tashifeen/pico-sdk/src/rp2_common/pico_standard_binary_info/standard_binary_info.c.o
 .binary_info.keep.__bi_ptr48
                0x10042a3c        0x4 CMakeFiles/lab5_amber.dir/home/Tashifeen/pico-sdk/src/rp2_common/pico_standard_binary_info/standard_binary_info.c.o
 .binary_info.keep.__bi_ptr42
                0x10042a40        0x4 CMakeFiles/lab5_amber.dir/home/Tashifeen/pico-sdk/src/rp2_common/pico_standard_binary_info/standard_binary_info.c.o
 .binary_info.keep.__bi_ptr34
                0x10042a44        0x4 CMakeFiles/lab5_amber.dir/home/Tashifeen/pico-sdk/src/rp2_common/pico_standard_binary_info/standard_binary_info.c.o
 .binary_info.keep.__bi_ptr26
                0x10042a48        0x4 CMakeFiles/lab5_amber.dir/home/Tashifeen/pico-sdk/src/rp2_common/pico_standard_binary_info/standard_binary_info.c.o
 *(.binary_info.*)
 .binary_info.__bi_ptr202
                0x10042a4c        0x4 CMakeFiles/lab5_amber.dir/home/Tashifeen/pico-sdk/src/rp2_common/pico_stdio_usb/stdio_usb.c.o
                0x10042a50                        __binary_info_end = .
                0x10042a50                        . = ALIGN (0x4)

.ram_vector_table
                0x20000000       0xc0
 *(.ram_vector_table)
 .ram_vector_table
                0x20000000       0xc0 CMakeFiles/lab5_amber.dir/home/Tashifeen/pico-sdk/src/rp2_common/pico_runtime_init/runtime_init.c.o
                0x20000000                ram_vector_table

.uninitialized_data
                0x200000c0        0x0
                0x200000c0                        . = ALIGN (0x4)
 *(.uninitialized_data*)

.data           0x200000c0     0x11a8 load address 0x10042a50
                0x200000c0                        __data_start__ = .
 *(vtable)
 *(.time_critical*)
 .time_critical.sem_acquire_block_until