HTTP_SEND_GET [USER_AGENT] - 2026-03-14T19:52:48.273Z - https://discord.com/api/v10/users/@me
User-Agent: Cogmasters (https://github.com/Cogmasters)
Authorization: <<REDACTED>>

@@@_1_@@@
HTTP_RCV_OK(200) [USER_AGENT] - 2026-03-14T19:52:48.671Z - https://discord.com/api/v10/users/@me
date: Sat, 14 Mar 2026 20:52:47 GMT
content-type: application/json
server: cloudflare
strict-transport-security: max-age=31536000; includeSubDomains; preload
x-ratelimit-bucket: 78bb8553d9352a5a2f89f9def401287a
x-ratelimit-limit: 1000
x-ratelimit-remaining: 999
x-ratelimit-reset: 1773521567.553
x-ratelimit-reset-after: 0.001
x-discord-features: user-profile
content-security-policy: frame-ancestors 'none'; default-src https://o64374.ingest.sentry.io; report-to csp-sentry; report-uri https://o64374.ingest.sentry.io/api/5441894/security/?sentry_key=8fbbce30bf5244ec9429546beef21870&sentry_environment=stable
vary: Accept-Encoding
via: 1.1 google
alt-svc: h3=":443"; ma=86400
cf-cache-status: BYPASS
set-cookie: __dcfduid=c1e0610c1fe711f19656cf615661963a; Expires=Thu, 13-Mar-2031 20:52:47 GMT; Max-Age=157680000; Secure; HttpOnly; Path=/; SameSite=Lax
set-cookie: __sdcfduid=c1e0610c1fe711f19656cf615661963a745aa08dabaa65e37fb0099f30fe913612d360f4605b573e647beea40041b4b0; Expires=Thu, 13-Mar-2031 20:52:47 GMT; Max-Age=157680000; Secure; HttpOnly; Path=/; SameSite=Lax
set-cookie: _cfuvid=_zj0Nxa74Tk6xEEuP2yrNB7bVInkQ2_yLe7uxdlbygI-1773521567.4482307-1.0.1.1-btoSSN1Yab1A4WZq4GBe51qovXV2K8L7CjBYdiPq0IA; HttpOnly; SameSite=None; Secure; Path=/; Domain=discord.com
x-content-type-options: nosniff
report-to: {"group":"cf-nel","max_age":604800,"endpoints":[{"url":"https://a.nel.cloudflare.com/report/v4?s=MzzLn00DfWpVGNUZuohQtWokNUcpGckp0Bj3rEU%2FXmWjpIF%2BUTV5Ikad%2B8Kasjr22w2640aQK5ie0EFXYg%2BT8sF3B5nYZdCDV8E%3D"}]}
nel: {"report_to":"cf-nel","success_fraction":0.0,"max_age":604800}
reporting-endpoints: csp-sentry="https://o64374.ingest.sentry.io/api/5441894/security/?sentry_key=8fbbce30bf5244ec9429546beef21870&sentry_environment=stable"
cf-ray: 9dc62a048da0769d-LHR

{"id":"1482380935730303209","username":"sotonhack26-receive","avatar":null,"discriminator":"4772","public_flags":0,"flags":0,"bot":true,"banner":null,"accent_color":null,"global_name":null,"avatar_decoration_data":null,"collectibles":null,"display_name_styles":null,"banner_color":null,"clan":null,"primary_guild":null,"mfa_enabled":true,"locale":"en-US","premium_type":0,"email":null,"verified":true,"bio":""}

@@@_2_@@@
HTTP_SEND_GET [USER_AGENT] - 2026-03-14T19:52:48.671Z - https://discord.com/api/v10/gateway/bot
User-Agent: Cogmasters (https://github.com/Cogmasters)
Authorization: <<REDACTED>>

@@@_3_@@@
HTTP_RCV_OK(200) [USER_AGENT] - 2026-03-14T19:52:48.855Z - https://discord.com/api/v10/gateway/bot
date: Sat, 14 Mar 2026 20:52:47 GMT
content-type: application/json
server: cloudflare
strict-transport-security: max-age=31536000; includeSubDomains; preload
x-ratelimit-bucket: 41f9cd5d28af77da04563bcb1d67fdfd
x-ratelimit-limit: 2
x-ratelimit-remaining: 1
x-ratelimit-reset: 1773521572.795
x-ratelimit-reset-after: 5.000
x-discord-features: bots
content-security-policy: frame-ancestors 'none'; default-src https://o64374.ingest.sentry.io; report-to csp-sentry; report-uri https://o64374.ingest.sentry.io/api/5441894/security/?sentry_key=8fbbce30bf5244ec9429546beef21870&sentry_environment=stable
vary: Accept-Encoding
via: 1.1 google
alt-svc: h3=":443"; ma=86400
cf-cache-status: BYPASS
set-cookie: __dcfduid=c20220f81fe711f1b25d09f2201baf07; Expires=Thu, 13-Mar-2031 20:52:47 GMT; Max-Age=157680000; Secure; HttpOnly; Path=/; SameSite=Lax
set-cookie: __sdcfduid=c20220f81fe711f1b25d09f2201baf07b1403577037424bbbf54b994d5f6421eec41c41172e414417c660d7575c3aa4c; Expires=Thu, 13-Mar-2031 20:52:47 GMT; Max-Age=157680000; Secure; HttpOnly; Path=/; SameSite=Lax
set-cookie: _cfuvid=4syxbuGbakdj7_KXzddiPIbN1MXfCzoGnnAnSoQK.1U-1773521567.7059486-1.0.1.1-DXU7xLzAwMbqYchIMpmp7I.nslmH4EWWMK4H0K.1_Io; HttpOnly; SameSite=None; Secure; Path=/; Domain=discord.com
x-content-type-options: nosniff
report-to: {"group":"cf-nel","max_age":604800,"endpoints":[{"url":"https://a.nel.cloudflare.com/report/v4?s=p6XkneuQfpA3MJddlu%2Bi3LpstRY1e%2B2y1D13jW4HH3%2Bp%2B5KrmzXgBHbINAi7hWGTN0qiRRzpHwNyz0B1UptoKadx8aVRKxitHuI%3D"}]}
nel: {"report_to":"cf-nel","success_fraction":0.0,"max_age":604800}
reporting-endpoints: csp-sentry="https://o64374.ingest.sentry.io/api/5441894/security/?sentry_key=8fbbce30bf5244ec9429546beef21870&sentry_environment=stable"
cf-ray: 9dc62a062e72769d-LHR

{"url":"wss://gateway.discord.gg","session_start_limit":{"max_concurrency":1,"remaining":999,"reset_after":86275437,"total":1000},"shards":1}

@@@_4_@@@
WS_RCV_CONNECT [WEBSOCKETS] - 2026-03-14T19:52:49.267Z - wss://gateway.discord.gg/?v=10&encoding=json

@@@_5_@@@
WS_RCV_TEXT [WEBSOCKETS] - 2026-03-14T19:52:49.267Z - wss://gateway.discord.gg/?v=10&encoding=json
{"t":null,"s":null,"op":10,"d":{"heartbeat_interval":41250,"_trace":["[\"gateway-prd-arm-us-east1-b-7cmq\",{\"micros\":0.0}]"]}}
@@@_6_@@@
WS_SEND_TEXT [WEBSOCKETS] - 2026-03-14T19:52:49.267Z - wss://gateway.discord.gg/?v=10&encoding=json
{"op":2,"d":{"token":"MTQ4MjM4MDkzNTczMDMwMzIwOQ.GyPvUZ.E_ty79O7ZGRCzoJhad-5MR1GCy-vMHn5v_WyJo","properties":{"os":"GNU/Linux","browser":"concord","device":"concord"},"compress":false,"large_threshold":0,"presence":{"status":"online","since":"2026-03-14T19:52:48.273Z","afk":false},"intents":"37376"}}
@@@_7_@@@
WS_RCV_TEXT [WEBSOCKETS] - 2026-03-14T19:52:49.618Z - wss://gateway.discord.gg/?v=10&encoding=json
{"t":"READY","s":1,"op":0,"d":{"v":10,"user_settings":{},"user":{"verified":true,"username":"sotonhack26-receive","primary_guild":null,"mfa_enabled":true,"id":"1482380935730303209","global_name":null,"flags":0,"email":null,"discriminator":"4772","clan":null,"bot":true,"avatar":null},"session_type":"normal","session_id":"732d3cf96401df19b3f2a40122d81a6c","resume_gateway_url":"wss://gateway-us-east1-b.discord.gg","relationships":[],"private_channels":[],"presences":[],"guilds":[{"unavailable":true,"id":"1482366885482987655"}],"guild_join_requests":[],"geo_ordered_rtc_regions":["london","paris","brussels","rotterdam","frankfurt"],"game_relationships":[],"auth":{},"application":{"id":"1482380935730303209","flags_new":"565248","flags":565248},"_trace":["[\"gateway-prd-arm-us-east1-b-7cmq\",{\"micros\":245178,\"calls\":[\"id_created\",{\"micros\":1023,\"calls\":[]},\"session_lookup_time\",{\"micros\":344,\"calls\":[]},\"session_lookup_finished\",{\"micros\":15,\"calls\":[]},\"sessions-prd-gcp-us-east1-c-103\",{\"micros\":243422,\"calls\":[\"start_session\",{\"micros\":185141,\"calls\":[\"discord-api-rpc-68c88487d5-d96dt\",{\"micros\":91820,\"calls\":[\"get_user\",{\"micros\":28210},\"get_guilds\",{\"micros\":3526},\"send_scheduled_deletion_message\",{\"micros\":13},\"guild_join_requests\",{\"micros\":25760},\"authorized_ip_coro\",{\"micros\":11},\"pending_payments\",{\"micros\":1504},\"apex_experiments\",{\"micros\":62366},\"sessions_experiments\",{\"micros\":7},\"user_activities\",{\"micros\":4},\"played_application_ids\",{\"micros\":4},\"linked_users\",{\"micros\":3},\"ad_personalization_toggles_disabled\",{\"micros\":3},\"regional_feature_config\",{\"micros\":3}]}]},\"starting_guild_connect\",{\"micros\":41,\"calls\":[]},\"presence_started\",{\"micros\":349,\"calls\":[]},\"guilds_started\",{\"micros\":69,\"calls\":[]},\"lobbies_started\",{\"micros\":1,\"calls\":[]},\"guilds_connect\",{\"micros\":2,\"calls\":[]},\"presence_connect\",{\"micros\":57700,\"calls\":[]},\"connect_finished\",{\"micros\":57801,\"calls\":[]},\"build_ready\",{\"micros\":16,\"calls\":[]},\"clean_ready\",{\"micros\":2,\"calls\":[]},\"optimize_ready\",{\"micros\":0,\"calls\":[]},\"split_ready\",{\"micros\":1,\"calls\":[]}]}]}]"]}}
@@@_8_@@@
WS_SEND_TEXT [WEBSOCKETS] - 2026-03-14T19:52:49.618Z - wss://gateway.discord.gg/?v=10&encoding=json
{"op":1,"d":1}
@@@_9_@@@
WS_RCV_TEXT [WEBSOCKETS] - 2026-03-14T19:52:49.792Z - wss://gateway.discord.gg/?v=10&encoding=json
{"t":null,"s":null,"op":11,"d":null}
@@@_10_@@@
WS_RCV_TEXT [WEBSOCKETS] - 2026-03-14T19:52:55.273Z - wss://gateway.discord.gg/?v=10&encoding=json
{"t":"MESSAGE_CREATE","s":2,"op":0,"d":{"type":0,"tts":false,"timestamp":"2026-03-14T20:52:54.226000+00:00","pinned":false,"mentions":[],"mention_roles":[],"mention_everyone":false,"member":{"roles":["1482368459282059325"],"premium_since":null,"pending":false,"nick":null,"mute":false,"joined_at":"2026-03-14T13:23:01.788353+00:00","flags":0,"deaf":false,"communication_disabled_until":null,"banner":null,"avatar":null},"id":"1482481673860813000","flags":0,"embeds":[],"edited_timestamp":null,"content":"!!data tset","components":[],"channel_type":0,"channel_id":"1482366886502072504","author":{"username":"sotonhack26-send","public_flags":0,"primary_guild":null,"id":"1482346685157081148","global_name":null,"display_name_styles":null,"discriminator":"9295","collectibles":null,"clan":null,"bot":true,"avatar_decoration_data":null,"avatar":null},"attachments":[],"guild_id":"1482366885482987655"}}
@@@_11_@@@
