Archive member included to satisfy reference by file (symbol)

/usr/lib/gcc/arm-none-eabi/14.2.1/thumb/v6-m/nofp/libgcc.a(_dvmd_tls.o)
                              CMakeFiles/test.dir/home/Tashifeen/pico-sdk/src/rp2_common/pico_divider/divider_hardware.S.o (__aeabi_idiv0)
/usr/lib/gcc/arm-none-eabi/14.2.1/../../../arm-none-eabi/lib/thumb/v6-m/nofp/libg.a(libc_a-strlen-stub.o)
                              CMakeFiles/test.dir/home/Tashifeen/pico-sdk/lib/lwip/src/core/def.c.o (strlen)
/usr/lib/gcc/arm-none-eabi/14.2.1/../../../arm-none-eabi/lib/thumb/v6-m/nofp/libg.a(libc_a-fini.o)
                              /usr/lib/gcc/arm-none-eabi/14.2.1/../../../arm-none-eabi/lib/thumb/v6-m/nofp/crt0.o (__libc_fini_array)
/usr/lib/gcc/arm-none-eabi/14.2.1/../../../arm-none-eabi/lib/thumb/v6-m/nofp/libg.a(libc_a-strncmp.o)
                              CMakeFiles/test.dir/home/Tashifeen/pico-sdk/lib/lwip/src/core/def.c.o (strncmp)
/usr/lib/gcc/arm-none-eabi/14.2.1/../../../arm-none-eabi/lib/thumb/v6-m/nofp/libg.a(libc_a-memmove.o)
                              CMakeFiles/test.dir/home/Tashifeen/pico-sdk/lib/lwip/src/core/def.c.o (memmove)
/usr/lib/gcc/arm-none-eabi/14.2.1/../../../arm-none-eabi/lib/thumb/v6-m/nofp/libg.a(libc_a-calloc.o)
                              CMakeFiles/test.dir/home/Tashifeen/pico-sdk/src/rp2_common/pico_malloc/malloc.c.o (calloc)
/usr/lib/gcc/arm-none-eabi/14.2.1/../../../arm-none-eabi/lib/thumb/v6-m/nofp/libg.a(libc_a-callocr.o)
                              /usr/lib/gcc/arm-none-eabi/14.2.1/../../../arm-none-eabi/lib/thumb/v6-m/nofp/libg.a(libc_a-calloc.o) (_calloc_r)
/usr/lib/gcc/arm-none-eabi/14.2.1/../../../arm-none-eabi/lib/thumb/v6-m/nofp/libg.a(libc_a-realloc.o)
                              CMakeFiles/test.dir/home/Tashifeen/pico-sdk/src/rp2_common/pico_malloc/malloc.c.o (realloc)
/usr/lib/gcc/arm-none-eabi/14.2.1/../../../arm-none-eabi/lib/thumb/v6-m/nofp/libg.a(libc_a-mallocr.o)
                              /usr/lib/gcc/arm-none-eabi/14.2.1/../../../arm-none-eabi/lib/thumb/v6-m/nofp/libg.a(libc_a-callocr.o) (_malloc_r)
/usr/lib/gcc/arm-none-eabi/14.2.1/../../../arm-none-eabi/lib/thumb/v6-m/nofp/libg.a(libc_a-freer.o)
                              /usr/lib/gcc/arm-none-eabi/14.2.1/../../../arm-none-eabi/lib/thumb/v6-m/nofp/libg.a(libc_a-mallocr.o) (_free_r)
/usr/lib/gcc/arm-none-eabi/14.2.1/../../../arm-none-eabi/lib/thumb/v6-m/nofp/libg.a(libc_a-memcmp.o)
                              CMakeFiles/test.dir/home/Tashifeen/pico-sdk/lib/lwip/src/netif/ethernet.c.o (memcmp)
/usr/lib/gcc/arm-none-eabi/14.2.1/../../../arm-none-eabi/lib/thumb/v6-m/nofp/libg.a(libc_a-atoi.o)
                              CMakeFiles/test.dir/home/Tashifeen/pico-sdk/lib/lwip/src/core/netif.c.o (atoi)
/usr/lib/gcc/arm-none-eabi/14.2.1/../../../arm-none-eabi/lib/thumb/v6-m/nofp/libg.a(libc_a-strtol.o)
                              /usr/lib/gcc/arm-none-eabi/14.2.1/../../../arm-none-eabi/lib/thumb/v6-m/nofp/libg.a(libc_a-atoi.o) (_strtol_r)
/usr/lib/gcc/arm-none-eabi/14.2.1/../../../arm-none-eabi/lib/thumb/v6-m/nofp/libg.a(libc_a-errno.o)
                              /usr/lib/gcc/arm-none-eabi/14.2.1/../../../arm-none-eabi/lib/thumb/v6-m/nofp/libg.a(libc_a-callocr.o) (__errno)
/usr/lib/gcc/arm-none-eabi/14.2.1/../../../arm-none-eabi/lib/thumb/v6-m/nofp/libg.a(libc_a-malloc.o)
                              CMakeFiles/test.dir/home/Tashifeen/pico-sdk/src/rp2_common/pico_malloc/malloc.c.o (malloc)
/usr/lib/gcc/arm-none-eabi/14.2.1/../../../arm-none-eabi/lib/thumb/v6-m/nofp/libg.a(libc_a-reallocr.o)
                              /usr/lib/gcc/arm-none-eabi/14.2.1/../../../arm-none-eabi/lib/thumb/v6-m/nofp/libg.a(libc_a-realloc.o) (_realloc_r)
/usr/lib/gcc/arm-none-eabi/14.2.1/../../../arm-none-eabi/lib/thumb/v6-m/nofp/libg.a(libc_a-mktime.o)
                              CMakeFiles/test.dir/home/Tashifeen/pico-sdk/src/common/pico_util/datetime.c.o (mktime)
/usr/lib/gcc/arm-none-eabi/14.2.1/../../../arm-none-eabi/lib/thumb/v6-m/nofp/libg.a(libc_a-mlock.o)
                              /usr/lib/gcc/arm-none-eabi/14.2.1/../../../arm-none-eabi/lib/thumb/v6-m/nofp/libg.a(libc_a-mallocr.o) (__malloc_lock)
/usr/lib/gcc/arm-none-eabi/14.2.1/../../../arm-none-eabi/lib/thumb/v6-m/nofp/libg.a(libc_a-tzlock.o)
                              /usr/lib/gcc/arm-none-eabi/14.2.1/../../../arm-none-eabi/lib/thumb/v6-m/nofp/libg.a(libc_a-mktime.o) (__tz_lock)
/usr/lib/gcc/arm-none-eabi/14.2.1/../../../arm-none-eabi/lib/thumb/v6-m/nofp/libg.a(libc_a-sbrkr.o)
                              /usr/lib/gcc/arm-none-eabi/14.2.1/../../../arm-none-eabi/lib/thumb/v6-m/nofp/libg.a(libc_a-mallocr.o) (_sbrk_r)
/usr/lib/gcc/arm-none-eabi/14.2.1/../../../arm-none-eabi/lib/thumb/v6-m/nofp/libg.a(libc_a-ctype_.o)
                              CMakeFiles/test.dir/home/Tashifeen/pico-sdk/lib/lwip/src/core/dns.c.o (_ctype_)
/usr/lib/gcc/arm-none-eabi/14.2.1/../../../arm-none-eabi/lib/thumb/v6-m/nofp/libg.a(libc_a-atexit.o)
[...]
Memory Configuration

Name             Origin             Length             Attributes
FLASH            0x10000000         0x00200000         xr
RAM              0x20000000         0x00040000         xrw
SCRATCH_X        0x20040000         0x00001000         xrw
SCRATCH_Y        0x20041000         0x00001000         xrw
*default*        0x00000000         0xffffffff

Linker script and memory map

LOAD /usr/lib/gcc/arm-none-eabi/14.2.1/thumb/v6-m/nofp/crti.o
LOAD /usr/lib/gcc/arm-none-eabi/14.2.1/thumb/v6-m/nofp/crtbegin.o
LOAD /usr/lib/gcc/arm-none-eabi/14.2.1/../../../arm-none-eabi/lib/thumb/v6-m/nofp/crt0.o

.flash_begin    0x10000000        0x0
                0x10000000                        __flash_binary_start = .

.boot2          0x10000000      0x100
                0x10000000                        __boot2_start__ = .
 *(.boot2)
 .boot2         0x10000000      0x100 pico-sdk/src/rp2040/boot_stage2/CMakeFiles/bs2_default_library.dir/bs2_default_padded_checksummed.S.o
                0x10000100                        __boot2_end__ = .
                0x00000001                        ASSERT (((__boot2_end__ - __boot2_start__) == 0x100), ERROR: Pico second stage bootloader must be 256 bytes in size)

.text           0x10000100    0x15dd8
                0x10000100                        __logical_binary_start = .
 *(.vectors)
 .vectors       0x10000100       0xd4 CMakeFiles/test.dir/home/Tashifeen/pico-sdk/src/rp2_common/pico_crt0/crt0.S.o
                0x10000100                __vectors
                0x10000100                __VECTOR_TABLE
                0x100001c0                isr_irq30
                0x100001c0                __unhandled_user_irq
                0x100001c0                isr_irq13
                0x100001c0                isr_irq27
                0x100001c0                isr_irq31
                0x100001c0                isr_irq5
                0x100001c0                isr_irq11
                0x100001c0                isr_irq23
                0x100001c0                isr_irq18
                0x100001c0                isr_irq28
                0x100001c0                isr_irq19
                0x100001c0                isr_irq0
                0x100001c0                isr_irq6
                0x100001c0                isr_irq22
                0x100001c0                isr_irq17
                0x100001c0                isr_irq14
                0x100001c0                __vectors_end
                0x100001c0                __default_isrs_start
                0x100001c0                isr_irq2
                0x100001c0                isr_irq10
                0x100001c0                isr_irq8
                0x100001c0                isr_irq24
                0x100001c0                isr_irq1
                0x100001c0                isr_irq7
                0x100001c0                isr_irq21
                0x100001c0                isr_irq20
                0x100001c0                isr_irq15
                0x100001c0                isr_irq25
                0x100001c0                isr_irq4
                0x100001c0                isr_irq16
                0x100001c0                isr_irq29
                0x100001c0                isr_irq26
                0x100001c0                isr_irq3
                0x100001c0                isr_irq12
                0x100001c0                isr_irq9
                0x100001c6                unhandled_user_irq_num_in_r0
                0x100001c8                isr_invalid
                0x100001ca                isr_nmi
                0x100001cc                isr_hardfault
                0x100001ce                isr_svcall
                0x100001d0                isr_pendsv
                0x100001d2                isr_systick
                0x100001d4                __default_isrs_end
 *(.binary_info_header)
 .binary_info_header
                0x100001d4       0x14 CMakeFiles/test.dir/home/Tashifeen/pico-sdk/src/rp2_common/pico_crt0/crt0.S.o
                0x100001e8                        __binary_info_header_end = .
 *(.embedded_block)
                0x100001e8                        __embedded_block_end = .
 *(.reset)
 .reset         0x100001e8       0x9c CMakeFiles/test.dir/home/Tashifeen/pico-sdk/src/rp2_common/pico_crt0/crt0.S.o
                0x100001e8                _entry_point
 *(.init)
 .init          0x10000284        0x4 /usr/lib/gcc/arm-none-eabi/14.2.1/thumb/v6-m/nofp/crti.o
                0x10000284                _init
 *(EXCLUDE_FILE(*libm.a: *libc.a:*lib_a-mem*.o *libgcc.a:) .text*)
 .text          0x10000288       0x98 /usr/lib/gcc/arm-none-eabi/14.2.1/thumb/v6-m/nofp/crtbegin.o
 .text.startup.main
                0x10000320       0x6c CMakeFiles/test.dir/test.c.o
                0x10000320                main
 .text.lwip_timeout_reached
                0x1000038c        0x8 CMakeFiles/test.dir/home/Tashifeen/pico-sdk/src/rp2_common/pico_lwip/lwip_nosys.c.o
 .text.update_next_timeout
                0x10000394       0x5c CMakeFiles/test.dir/home/Tashifeen/pico-sdk/src/rp2_common/pico_lwip/lwip_nosys.c.o
 .text.lwip_nosys_init
                0x100003f0       0x30 CMakeFiles/test.dir/home/Tashifeen/pico-sdk/src/rp2_common/pico_lwip/lwip_nosys.c.o
                0x100003f0                lwip_nosys_init
 .text.lwip_nosys_deinit
                0x10000420       0x20 CMakeFiles/test.dir/home/Tashifeen/pico-sdk/src/rp2_common/pico_lwip/lwip_nosys.c.o
                0x10000420                lwip_nosys_deinit
 .text.sys_arch_protect
                0x10000440        0x4 CMakeFiles/test.dir/home/Tashifeen/pico-sdk/src/rp2_common/pico_lwip/lwip_nosys.c.o
                0x10000440                sys_arch_protect
 .text.sys_arch_unprotect
                0x10000444        0x4 CMakeFiles/test.dir/home/Tashifeen/pico-sdk/src/rp2_common/pico_lwip/lwip_nosys.c.o
                0x10000444                sys_arch_unprotect
 .text.sys_now  0x10000448       0x20 CMakeFiles/test.dir/home/Tashifeen/pico-sdk/src/rp2_common/pico_lwip/lwip_nosys.c.o
                0x10000448                sys_now
 .text.async_context_base_add_at_time_worker
                0x10000468       0x28 CMakeFiles/test.dir/home/Tashifeen/pico-sdk/src/rp2_common/pico_async_context/async_context_base.c.o
                0x10000468                async_context_base_add_at_time_worker
 .text.async_context_base_remove_at_time_worker
                0x10000490       0x24 CMakeFiles/test.dir/home/Tashifeen/pico-sdk/src/rp2_common/pico_async_context/async_context_base.c.o
                0x10000490                async_context_base_remove_at_time_worker
 .text.async_context_base_add_when_pending_worker
                0x100004b4       0x24 CMakeFiles/test.dir/home/Tashifeen/pico-sdk/src/rp2_common/pico_async_context/async_context_base.c.o
                0x100004b4                async_context_base_add_when_pending_worker
 .text.async_context_base_remove_when_pending_worker
                0x100004d8       0x24 CMakeFiles/test.dir/home/Tashifeen/pico-sdk/src/rp2_common/pico_async_context/async_context_base.c.o
                0x100004d8                async_context_base_remove_when_pending_worker
 .text.async_context_base_execute_once
                0x100004fc      0x108 CMakeFiles/test.dir/home/Tashifeen/pico-sdk/src/rp2_common/pico_async_context/async_context_base.c.o
                0x100004fc                async_context_base_execute_once
 .text.rp2040_chip_version
                0x10000604        0xc CMakeFiles/test.dir/home/Tashifeen/pico-sdk/src/rp2040/pico_platform/platform.c.o
                0x10000604                rp2040_chip_version
 .text.panic    0x10000610       0x30 CMakeFiles/test.dir/home/Tashifeen/pico-sdk/src/rp2_common/pico_platform_panic/panic.c.o
                0x10000610                panic
 .text.splitmix64
                0x10000640       0x58 CMakeFiles/test.dir/home/Tashifeen/pico-sdk/src/rp2_common/pico_rand/rand.c.o
 .text.xoroshiro128ss
                0x10000698       0x90 CMakeFiles/test.dir/home/Tashifeen/pico-sdk/src/rp2_common/pico_rand/rand.c.o
 .text.get_rand_64
                0x10000728      0x47c CMakeFiles/test.dir/home/Tashifeen/pico-sdk/src/rp2_common/pico_rand/rand.c.o
                0x10000728                get_rand_64
 .text.get_rand_32
                0x10000ba4        0x8 CMakeFiles/test.dir/home/Tashifeen/pico-sdk/src/rp2_common/pico_rand/rand.c.o
                0x10000ba4                get_rand_32
 .text.clock_configure_int_divider
                0x10000bac       0xf4 CMakeFiles/test.dir/home/Tashifeen/pico-sdk/src/rp2_common/hardware_clocks/clocks.c.o
                0x10000bac                clock_configure_int_divider
 .text.clock_configure_undivided
                0x10000ca0       0xe8 CMakeFiles/test.dir/home/Tashifeen/pico-sdk/src/rp2_common/hardware_clocks/clocks.c.o
                0x10000ca0                clock_configure_undivided
 .text.clock_get_hz
                0x10000d88        0xc CMakeFiles/test.dir/home/Tashifeen/pico-sdk/src/rp2_common/hardware_clocks/clocks.c.o
                0x10000d88                clock_get_hz
 .text.hw_claim_lock
                0x10000d94       0x18 CMakeFiles/test.dir/home/Tashifeen/pico-sdk/src/common/hardware_claim/claim.c.o
                0x10000d94                hw_claim_lock
 .text.hw_claim_unlock
                0x10000dac       0x14 CMakeFiles/test.dir/home/Tashifeen/pico-sdk/src/common/hardware_claim/claim.c.o
                0x10000dac                hw_claim_unlock
 .text.hw_claim_or_assert
                0x10000dc0       0x44 CMakeFiles/test.dir/home/Tashifeen/pico-sdk/src/common/hardware_claim/claim.c.o
                0x10000dc0                hw_claim_or_assert
 .text.hw_claim_unused_from_range
                0x10000e04       0x88 CMakeFiles/test.dir/home/Tashifeen/pico-sdk/src/common/hardware_claim/claim.c.o
                0x10000e04                hw_claim_unused_from_range
 .text.hw_claim_clear
                0x10000e8c       0x38 CMakeFiles/test.dir/home/Tashifeen/pico-sdk/src/common/hardware_claim/claim.c.o
                0x10000e8c                hw_claim_clear
 .text.next_striped_spin_lock_num
                0x10000ec4       0x18 CMakeFiles/test.dir/home/Tashifeen/pico-sdk/src/rp2_common/hardware_sync/sync.c.o
                0x10000ec4                next_striped_spin_lock_num
 .text.spin_lock_claim_unused
                0x10000edc       0x24 CMakeFiles/test.dir/home/Tashifeen/pico-sdk/src/rp2_common/hardware_sync/sync.c.o
                0x10000edc                spin_lock_claim_unused
 .text.spin_locks_reset
                0x10000f00       0x1c CMakeFiles/test.dir/home/Tashifeen/pico-sdk/src/rp2_common/hardware_sync_spin_lock/sync_spin_lock.c.o
                0x10000f00                spin_locks_reset
 .text.gpio_set_function
                0x10000f1c       0x34 CMakeFiles/test.dir/home/Tashifeen/pico-sdk/src/rp2_common/hardware_gpio/gpio.c.o
                0x10000f1c                gpio_set_function
 .text.gpio_set_pulls
                0x10000f50       0x28 CMakeFiles/test.dir/home/Tashifeen/pico-sdk/src/rp2_common/hardware_gpio/gpio.c.o
                0x10000f50                gpio_set_pulls
 .text.gpio_set_input_hysteresis_enabled
                0x10000f78       0x28 CMakeFiles/test.dir/home/Tashifeen/pico-sdk/src/rp2_common/hardware_gpio/gpio.c.o
                0x10000f78                gpio_set_input_hysteresis_enabled
 .text.gpio_set_irq_enabled
                0x10000fa0       0x58 CMakeFiles/test.dir/home/Tashifeen/pico-sdk/src/rp2_common/hardware_gpio/gpio.c.o
                0x10000fa0                gpio_set_irq_enabled
 .text.gpio_add_raw_irq_handler_with_order_priority_masked
                0x10000ff8       0x44 CMakeFiles/test.dir/home/Tashifeen/pico-sdk/src/rp2_common/hardware_gpio/gpio.c.o
                0x10000ff8                gpio_add_raw_irq_handler_with_order_priority_masked
 .text.gpio_remove_raw_irq_handler_masked
                0x1000103c       0x20 CMakeFiles/test.dir/home/Tashifeen/pico-sdk/src/rp2_common/hardware_gpio/gpio.c.o
                0x1000103c                gpio_remove_raw_irq_handler_masked
 .text.gpio_init
                0x1000105c       0x40 CMakeFiles/test.dir/home/Tashifeen/pico-sdk/src/rp2_common/hardware_gpio/gpio.c.o
                0x1000105c                gpio_init
 .text.runtime_init_per_core_irq_priorities
                0x1000109c       0x24 CMakeFiles/test.dir/home/Tashifeen/pico-sdk/src/rp2_common/hardware_irq/irq.c.o
                0x1000109c                runtime_init_per_core_irq_priorities
 .text.irq_set_enabled
                0x100010c0       0x24 CMakeFiles/test.dir/home/Tashifeen/pico-sdk/src/rp2_common/hardware_irq/irq.c.o
                0x100010c0                irq_set_enabled
 .text.irq_is_enabled
                0x100010e4       0x18 CMakeFiles/test.dir/home/Tashifeen/pico-sdk/src/rp2_common/hardware_irq/irq.c.o
                0x100010e4                irq_is_enabled
 .text.irq_set_pending
                0x100010fc       0x10 CMakeFiles/test.dir/home/Tashifeen/pico-sdk/src/rp2_common/hardware_irq/irq.c.o
                0x100010fc                irq_set_pending
 .text.irq_has_shared_handler
                0x1000110c       0x24 CMakeFiles/test.dir/home/Tashifeen/pico-sdk/src/rp2_common/hardware_irq/irq.c.o
                0x1000110c                irq_has_shared_handler
 .text.irq_set_exclusive_handler
                0x10001130       0x54 CMakeFiles/test.dir/home/Tashifeen/pico-sdk/src/rp2_common/hardware_irq/irq.c.o
                0x10001130                irq_set_exclusive_handler
 .text.irq_add_shared_handler
                0x10001184      0x1f4 CMakeFiles/test.dir/home/Tashifeen/pico-sdk/src/rp2_common/hardware_irq/irq.c.o
                0x10001184                irq_add_shared_handler
 .text.irq_remove_handler
                0x10001378      0x1d4 CMakeFiles/test.dir/home/Tashifeen/pico-sdk/src/rp2_common/hardware_irq/irq.c.o
                0x10001378                irq_remove_handler
 .text.irq_set_priority
                0x1000154c       0x28 CMakeFiles/test.dir/home/Tashifeen/pico-sdk/src/rp2_common/hardware_irq/irq.c.o
                0x1000154c                irq_set_priority
 .text.irq_add_tail_to_free_list
                0x10001574       0xb4 CMakeFiles/test.dir/home/Tashifeen/pico-sdk/src/rp2_common/hardware_irq/irq.c.o
                0x10001574                irq_add_tail_to_free_list
 .text.user_irq_unclaim
                0x10001628       0x14 CMakeFiles/test.dir/home/Tashifeen/pico-sdk/src/rp2_common/hardware_irq/irq.c.o
                0x10001628                user_irq_unclaim
 .text.user_irq_claim_unused
                0x1000163c       0x2c CMakeFiles/test.dir/home/Tashifeen/pico-sdk/src/rp2_common/hardware_irq/irq.c.o
                0x1000163c                user_irq_claim_unused
 .text.sem_init
                0x10001668       0x20 CMakeFiles/test.dir/home/Tashifeen/pico-sdk/src/common/pico_sync/sem.c.o
                0x10001668                sem_init
 .text.lock_init
                0x10001688       0x10 CMakeFiles/test.dir/home/Tashifeen/pico-sdk/src/common/pico_sync/lock_core.c.o
                0x10001688                lock_init
 .text.runtime_init_mutex
                0x10001698       0x50 CMakeFiles/test.dir/home/Tashifeen/pico-sdk/src/common/pico_sync/mutex.c.o
                0x10001698                runtime_init_mutex
 .text.mutex_init
                0x100016e8       0x1c CMakeFiles/test.dir/home/Tashifeen/pico-sdk/src/common/pico_sync/mutex.c.o
                0x100016e8                mutex_init
 .text.recursive_mutex_init
                0x10001704       0x1c CMakeFiles/test.dir/home/Tashifeen/pico-sdk/src/common/pico_sync/mutex.c.o
                0x10001704                recursive_mutex_init
 .text.critical_section_init
                0x10001720       0x1c CMakeFiles/test.dir/home/Tashifeen/pico-sdk/src/common/pico_sync/critical_section.c.o
                0x10001720                critical_section_init
 .text.critical_section_init_with_lock_num
                0x1000173c       0x14 CMakeFiles/test.dir/home/Tashifeen/pico-sdk/src/common/pico_sync/critical_section.c.o
                0x1000173c                critical_section_init_with_lock_num
 .text.sleep_until_callback
                0x10001750       0x30 CMakeFiles/test.dir/home/Tashifeen/pico-sdk/src/common/pico_time/time.c.o
 .text.alarm_pool_irq_handler
                0x10001780      0x300 CMakeFiles/test.dir/home/Tashifeen/pico-sdk/src/common/pico_time/time.c.o
 .text.runtime_init_default_alarm_pool
                0x10001a80       0xdc CMakeFiles/test.dir/home/Tashifeen/pico-sdk/src/common/pico_time/time.c.o
                0x10001a80                runtime_init_default_alarm_pool
 .text.alarm_pool_get_default
                0x10001b5c        0x8 CMakeFiles/test.dir/home/Tashifeen/pico-sdk/src/common/pico_time/time.c.o
                0x10001b5c                alarm_pool_get_default
 .text.alarm_pool_add_alarm_at
                0x10001b64       0xd0 CMakeFiles/test.dir/home/Tashifeen/pico-sdk/src/common/pico_time/time.c.o
                0x10001b64                alarm_pool_add_alarm_at
 .text.alarm_pool_add_alarm_at_force_in_context
                0x10001c34       0xb0 CMakeFiles/test.dir/home/Tashifeen/pico-sdk/src/common/pico_time/time.c.o
                0x10001c34                alarm_pool_add_alarm_at_force_in_context
 .text.alarm_pool_cancel_alarm
                0x10001ce4       0x74 CMakeFiles/test.dir/home/Tashifeen/pico-sdk/src/common/pico_time/time.c.o
                0x10001ce4                alarm_pool_cancel_alarm
 .text.alarm_pool_core_num
                0x10001d58        0x4 CMakeFiles/test.dir/home/Tashifeen/pico-sdk/src/common/pico_time/time.c.o
                0x10001d58                alarm_pool_core_num
 .text.sleep_until
                0x10001d5c       0xd0 CMakeFiles/test.dir/home/Tashifeen/pico-sdk/src/common/pico_time/time.c.o
                0x10001d5c                sleep_until
 .text.best_effort_wfe_or_timeout
                0x10001e2c      0x10c CMakeFiles/test.dir/home/Tashifeen/pico-sdk/src/common/pico_time/time.c.o
                0x10001e2c                best_effort_wfe_or_timeout
 .text.timer_hardware_alarm_claim
                0x10001f38       0x14 CMakeFiles/test.dir/home/Tashifeen/pico-sdk/src/rp2_common/hardware_timer/timer.c.o
                0x10001f38                timer_hardware_alarm_claim
 .text.timer_time_us_64
                0x10001f4c       0x10 CMakeFiles/test.dir/home/Tashifeen/pico-sdk/src/rp2_common/hardware_timer/timer.c.o
                0x10001f4c                timer_time_us_64
 .text.time_us_64
                0x10001f5c       0x14 CMakeFiles/test.dir/home/Tashifeen/pico-sdk/src/rp2_common/hardware_timer/timer.c.o
                0x10001f5c                time_us_64
 .text.busy_wait_until
                0x10001f70       0x20 CMakeFiles/test.dir/home/Tashifeen/pico-sdk/src/rp2_common/hardware_timer/timer.c.o
                0x10001f70                busy_wait_until
 .text.pll_init
                0x10001f90       0xa4 CMakeFiles/test.dir/home/Tashifeen/pico-sdk/src/rp2_common/hardware_pll/pll.c.o
                0x10001f90                pll_init
 .text.watchdog_reboot
                0x10002034       0x9c CMakeFiles/test.dir/home/Tashifeen/pico-sdk/src/rp2_common/hardware_watchdog/watchdog.c.o
                0x10002034                watchdog_reboot
 .text.tick_start
                0x100020d0       0x10 CMakeFiles/test.dir/home/Tashifeen/pico-sdk/src/rp2_common/hardware_ticks/ticks.c.o
                0x100020d0                tick_start
 .text.rom_func_lookup
                0x100020e0       0x10 CMakeFiles/test.dir/home/Tashifeen/pico-sdk/src/rp2_common/pico_bootrom/bootrom.c.o
                0x100020e0                rom_func_lookup
 .text.rom_data_lookup
                0x100020f0       0x10 CMakeFiles/test.dir/home/Tashifeen/pico-sdk/src/rp2_common/pico_bootrom/bootrom.c.o
                0x100020f0                rom_data_lookup
 .text.rom_funcs_lookup
                0x10002100       0x44 CMakeFiles/test.dir/home/Tashifeen/pico-sdk/src/rp2_common/pico_bootrom/bootrom.c.o
                0x10002100                rom_funcs_lookup
 .text.rom_reset_usb_boot_extra
                0x10002144       0x24 CMakeFiles/test.dir/home/Tashifeen/pico-sdk/src/rp2_common/pico_bootrom/bootrom.c.o
                0x10002144                rom_reset_usb_boot_extra
 .text.xosc_init
                0x10002168       0x28 CMakeFiles/test.dir/home/Tashifeen/pico-sdk/src/rp2_common/hardware_xosc/xosc.c.o
                0x10002168                xosc_init
 .text.startup._retrieve_unique_id_on_boot
                0x10002190       0x10 CMakeFiles/test.dir/home/Tashifeen/pico-sdk/src/rp2_common/pico_unique_id/unique_id.c.o
 .text.pico_get_unique_board_id
                0x100021a0       0x10 CMakeFiles/test.dir/home/Tashifeen/pico-sdk/src/rp2_common/pico_unique_id/unique_id.c.o
                0x100021a0                pico_get_unique_board_id
 .text.pico_get_unique_board_id_string
                0x100021b0      0x1a8 CMakeFiles/test.dir/home/Tashifeen/pico-sdk/src/rp2_common/pico_unique_id/unique_id.c.o
                0x100021b0                pico_get_unique_board_id_string
 .text.flash_get_unique_id
                0x10002358       0x3c CMakeFiles/test.dir/home/Tashifeen/pico-sdk/src/rp2_common/hardware_flash/flash.c.o
                0x10002358                flash_get_unique_id
 .text.lwip_init
                0x10002394       0x24 CMakeFiles/test.dir/home/Tashifeen/pico-sdk/lib/lwip/src/core/init.c.o
                0x10002394                lwip_init
 .text.lwip_htons
                0x100023b8        0x8 CMakeFiles/test.dir/home/Tashifeen/pico-sdk/lib/lwip/src/core/def.c.o
                0x100023b8                lwip_htons
 .text.lwip_htonl
                0x100023c0        0x4 CMakeFiles/test.dir/home/Tashifeen/pico-sdk/lib/lwip/src/core/def.c.o
                0x100023c0                lwip_htonl
 .text.dns_call_found
                0x100023c4      0x184 CMakeFiles/test.dir/home/Tashifeen/pico-sdk/lib/lwip/src/core/dns.c.o
 .text.dns_send.isra.0
                0x10002548      0x174 CMakeFiles/test.dir/home/Tashifeen/pico-sdk/lib/lwip/src/core/dns.c.o
 .text.dns_init
                0x100026bc        0x4 CMakeFiles/test.dir/home/Tashifeen/pico-sdk/lib/lwip/src/core/dns.c.o
                0x100026bc                dns_init
 .text.dns_setserver
                0x100026c0       0x24 CMakeFiles/test.dir/home/Tashifeen/pico-sdk/lib/lwip/src/core/dns.c.o
                0x100026c0                dns_setserver
 .text.dns_tmr  0x100026e4      0x130 CMakeFiles/test.dir/home/Tashifeen/pico-sdk/lib/lwip/src/core/dns.c.o
                0x100026e4                dns_tmr
 .text.lwip_standard_chksum
                0x10002814       0xf4 CMakeFiles/test.dir/home/Tashifeen/pico-sdk/lib/lwip/src/core/inet_chksum.c.o
                0x10002814                lwip_standard_chksum
 .text.inet_chksum_pseudo
                0x10002908       0xbc CMakeFiles/test.dir/home/Tashifeen/pico-sdk/lib/lwip/src/core/inet_chksum.c.o
                0x10002908                inet_chksum_pseudo
 .text.ip_chksum_pseudo
                0x100029c4       0x10 CMakeFiles/test.dir/home/Tashifeen/pico-sdk/lib/lwip/src/core/inet_chksum.c.o
                0x100029c4                ip_chksum_pseudo
 .text.inet_chksum
                0x100029d4        0xc CMakeFiles/test.dir/home/Tashifeen/pico-sdk/lib/lwip/src/core/inet_chksum.c.o
                0x100029d4                inet_chksum
 .text.inet_chksum_pbuf
                0x100029e0       0x78 CMakeFiles/test.dir/home/Tashifeen/pico-sdk/lib/lwip/src/core/inet_chksum.c.o
                0x100029e0                inet_chksum_pbuf
 .text.mem_init
                0x10002a58       0x3c CMakeFiles/test.dir/home/Tashifeen/pico-sdk/lib/lwip/src/core/mem.c.o
                0x10002a58                mem_init
 .text.mem_free
                0x10002a94      0x13c CMakeFiles/test.dir/home/Tashifeen/pico-sdk/lib/lwip/src/core/mem.c.o
                0x10002a94                mem_free
 .text.mem_trim
                0x10002bd0      0x104 CMakeFiles/test.dir/home/Tashifeen/pico-sdk/lib/lwip/src/core/mem.c.o
                0x10002bd0                mem_trim
 .text.mem_malloc
                0x10002cd4      0x130 CMakeFiles/test.dir/home/Tashifeen/pico-sdk/lib/lwip/src/core/mem.c.o
                0x10002cd4                mem_malloc
 .text.memp_init
                0x10002e04       0x6c CMakeFiles/test.dir/home/Tashifeen/pico-sdk/lib/lwip/src/core/memp.c.o
                0x10002e04                memp_init
 .text.memp_malloc
                0x10002e70       0x40 CMakeFiles/test.dir/home/Tashifeen/pico-sdk/lib/lwip/src/core/memp.c.o
                0x10002e70                memp_malloc
 .text.memp_free
                0x10002eb0       0x38 CMakeFiles/test.dir/home/Tashifeen/pico-sdk/lib/lwip/src/core/memp.c.o
                0x10002eb0                memp_free
 .text.netif_null_output_ip4
                0x10002ee8        0x8 CMakeFiles/test.dir/home/Tashifeen/pico-sdk/lib/lwip/src/core/netif.c.o
 .text.netif_do_set_ipaddr.isra.0
                0x10002ef0       0x70 CMakeFiles/test.dir/home/Tashifeen/pico-sdk/lib/lwip/src/core/netif.c.o
 .text.netif_init
                0x10002f60        0x4 CMakeFiles/test.dir/home/Tashifeen/pico-sdk/lib/lwip/src/core/netif.c.o
                0x10002f60                netif_init
 .text.netif_add
                0x10002f64      0x174 CMakeFiles/test.dir/home/Tashifeen/pico-sdk/lib/lwip/src/core/netif.c.o
                0x10002f64                netif_add
 .text.netif_set_addr
                0x100030d8       0xb8 CMakeFiles/test.dir/home/Tashifeen/pico-sdk/lib/lwip/src/core/netif.c.o
                0x100030d8                netif_set_addr
 .text.netif_remove
                0x10003190       0x94 CMakeFiles/test.dir/home/Tashifeen/pico-sdk/lib/lwip/src/core/netif.c.o
                0x10003190                netif_remove
 .text.netif_set_default
                0x10003224        0xc CMakeFiles/test.dir/home/Tashifeen/pico-sdk/lib/lwip/src/core/netif.c.o
                0x10003224                netif_set_default
 .text.netif_set_up
                0x10003230       0x40 CMakeFiles/test.dir/home/Tashifeen/pico-sdk/lib/lwip/src/core/netif.c.o
                0x10003230                netif_set_up
 .text.netif_set_link_up
                0x10003270       0x44 CMakeFiles/test.dir/home/Tashifeen/pico-sdk/lib/lwip/src/core/netif.c.o
                0x10003270                netif_set_link_up
 .text.netif_set_link_down
                0x100032b4       0x20 CMakeFiles/test.dir/home/Tashifeen/pico-sdk/lib/lwip/src/core/netif.c.o
                0x100032b4                netif_set_link_down
 .text.netif_get_by_index
                0x100032d4       0x2c CMakeFiles/test.dir/home/Tashifeen/pico-sdk/lib/lwip/src/core/netif.c.o
                0x100032d4                netif_get_by_index
 .text.pbuf_free.part.0
                0x10003300       0x7c CMakeFiles/test.dir/home/Tashifeen/pico-sdk/lib/lwip/src/core/pbuf.c.o
 .text.pbuf_free_ooseq
                0x1000337c       0x34 CMakeFiles/test.dir/home/Tashifeen/pico-sdk/lib/lwip/src/core/pbuf.c.o
                0x1000337c                pbuf_free_ooseq
 .text.pbuf_alloc
                0x100033b0      0x134 CMakeFiles/test.dir/home/Tashifeen/pico-sdk/lib/lwip/src/core/pbuf.c.o
                0x100033b0                pbuf_alloc
 .text.pbuf_realloc
                0x100034e4       0x84 CMakeFiles/test.dir/home/Tashifeen/pico-sdk/lib/lwip/src/core/pbuf.c.o
                0x100034e4                pbuf_realloc
 .text.pbuf_add_header
                0x10003568       0x54 CMakeFiles/test.dir/home/Tashifeen/pico-sdk/lib/lwip/src/core/pbuf.c.o
                0x10003568                pbuf_add_header
 .text.pbuf_remove_header
                0x100035bc       0x3c CMakeFiles/test.dir/home/Tashifeen/pico-sdk/lib/lwip/src/core/pbuf.c.o
                0x100035bc                pbuf_remove_header
 .text.pbuf_header_force
                0x100035f8       0x68 CMakeFiles/test.dir/home/Tashifeen/pico-sdk/lib/lwip/src/core/pbuf.c.o
                0x100035f8                pbuf_header_force
 .text.pbuf_free
                0x10003660       0x18 CMakeFiles/test.dir/home/Tashifeen/pico-sdk/lib/lwip/src/core/pbuf.c.o
                0x10003660                pbuf_free
 .text.pbuf_clen
                0x10003678       0x14 CMakeFiles/test.dir/home/Tashifeen/pico-sdk/lib/lwip/src/core/pbuf.c.o
                0x10003678                pbuf_clen
 .text.pbuf_ref
                0x1000368c       0x28 CMakeFiles/test.dir/home/Tashifeen/pico-sdk/lib/lwip/src/core/pbuf.c.o
                0x1000368c                pbuf_ref
 .text.pbuf_cat
                0x100036b4       0x54 CMakeFiles/test.dir/home/Tashifeen/pico-sdk/lib/lwip/src/core/pbuf.c.o
                0x100036b4                pbuf_cat
 .text.pbuf_chain
                0x10003708       0x70 CMakeFiles/test.dir/home/Tashifeen/pico-sdk/lib/lwip/src/core/pbuf.c.o
                0x10003708                pbuf_chain
 .text.pbuf_copy_partial_pbuf
                0x10003778      0x158 CMakeFiles/test.dir/home/Tashifeen/pico-sdk/lib/lwip/src/core/pbuf.c.o
                0x10003778                pbuf_copy_partial_pbuf
 .text.pbuf_copy
                0x100038d0       0x18 CMakeFiles/test.dir/home/Tashifeen/pico-sdk/lib/lwip/src/core/pbuf.c.o
                0x100038d0                pbuf_copy
 .text.pbuf_copy_partial
                0x100038e8       0x70 CMakeFiles/test.dir/home/Tashifeen/pico-sdk/lib/lwip/src/core/pbuf.c.o
                0x100038e8                pbuf_copy_partial
 .text.pbuf_take
                0x10003958       0x78 CMakeFiles/test.dir/home/Tashifeen/pico-sdk/lib/lwip/src/core/pbuf.c.o
                0x10003958                pbuf_take
 .text.pbuf_take_at
                0x100039d0       0xc0 CMakeFiles/test.dir/home/Tashifeen/pico-sdk/lib/lwip/src/core/pbuf.c.o
                0x100039d0                pbuf_take_at
 .text.pbuf_clone
                0x10003a90       0x30 CMakeFiles/test.dir/home/Tashifeen/pico-sdk/lib/lwip/src/core/pbuf.c.o
                0x10003a90                pbuf_clone
 .text.pbuf_put_at
                0x10003ac0       0x1c CMakeFiles/test.dir/home/Tashifeen/pico-sdk/lib/lwip/src/core/pbuf.c.o
                0x10003ac0                pbuf_put_at
 .text.raw_input
                0x10003adc      0x164 CMakeFiles/test.dir/home/Tashifeen/pico-sdk/lib/lwip/src/core/raw.c.o
                0x10003adc                raw_input
 .text.raw_netif_ip_addr_changed
                0x10003c40       0x40 CMakeFiles/test.dir/home/Tashifeen/pico-sdk/lib/lwip/src/core/raw.c.o
                0x10003c40                raw_netif_ip_addr_changed
 .text.stats_init
                0x10003c80        0x4 CMakeFiles/test.dir/home/Tashifeen/pico-sdk/lib/lwip/src/core/stats.c.o
                0x10003c80                stats_init
 .text.tcp_close_shutdown_fin
                0x10003c84       0x54 CMakeFiles/test.dir/home/Tashifeen/pico-sdk/lib/lwip/src/core/tcp.c.o
 .text.tcp_pcb_purge.part.0
                0x10003cd8       0xc4 CMakeFiles/test.dir/home/Tashifeen/pico-sdk/lib/lwip/src/core/tcp.c.o
 .text.tcp_init
                0x10003d9c       0x20 CMakeFiles/test.dir/home/Tashifeen/pico-sdk/lib/lwip/src/core/tcp.c.o
                0x10003d9c                tcp_init
 .text.tcp_free
                0x10003dbc       0x1c CMakeFiles/test.dir/home/Tashifeen/pico-sdk/lib/lwip/src/core/tcp.c.o
                0x10003dbc                tcp_free
 .text.tcp_update_rcv_ann_wnd
                0x10003dd8       0x58 CMakeFiles/test.dir/home/Tashifeen/pico-sdk/lib/lwip/src/core/tcp.c.o
                0x10003dd8                tcp_update_rcv_ann_wnd
 .text.tcp_recved
                0x10003e30       0x98 CMakeFiles/test.dir/home/Tashifeen/pico-sdk/lib/lwip/src/core/tcp.c.o
                0x10003e30                tcp_recved
 .text.tcp_slowtmr
                0x10003ec8      0x514 CMakeFiles/test.dir/home/Tashifeen/pico-sdk/lib/lwip/src/core/tcp.c.o
                0x10003ec8                tcp_slowtmr
 .text.tcp_segs_free
                0x100043dc       0x38 CMakeFiles/test.dir/home/Tashifeen/pico-sdk/lib/lwip/src/core/tcp.c.o
                0x100043dc                tcp_segs_free
 .text.tcp_seg_free
                0x10004414       0x1c CMakeFiles/test.dir/home/Tashifeen/pico-sdk/lib/lwip/src/core/tcp.c.o
                0x10004414                tcp_seg_free
 .text.tcp_seg_copy
                0x10004430       0x2c CMakeFiles/test.dir/home/Tashifeen/pico-sdk/lib/lwip/src/core/tcp.c.o
                0x10004430                tcp_seg_copy
 .text.tcp_pcb_purge
                0x1000445c       0x18 CMakeFiles/test.dir/home/Tashifeen/pico-sdk/lib/lwip/src/core/tcp.c.o
                0x1000445c                tcp_pcb_purge
 .text.tcp_pcb_remove
                0x10004474       0xc8 CMakeFiles/test.dir/home/Tashifeen/pico-sdk/lib/lwip/src/core/tcp.c.o
                0x10004474                tcp_pcb_remove
 .text.tcp_abandon
                0x1000453c      0x1a0 CMakeFiles/test.dir/home/Tashifeen/pico-sdk/lib/lwip/src/core/tcp.c.o
                0x1000453c                tcp_abandon
 .text.tcp_abort
                0x100046dc        0xc CMakeFiles/test.dir/home/Tashifeen/pico-sdk/lib/lwip/src/core/tcp.c.o
                0x100046dc                tcp_abort
 .text.tcp_alloc
                0x100046e8      0x1d4 CMakeFiles/test.dir/home/Tashifeen/pico-sdk/lib/lwip/src/core/tcp.c.o
                0x100046e8                tcp_alloc
 .text.tcp_close_shutdown
                0x100048bc      0x188 CMakeFiles/test.dir/home/Tashifeen/pico-sdk/lib/lwip/src/core/tcp.c.o
 .text.tcp_recv_null
                0x10004a44       0xcc CMakeFiles/test.dir/home/Tashifeen/pico-sdk/lib/lwip/src/core/tcp.c.o
                0x10004a44                tcp_recv_null
 .text.tcp_process_refused_data
                0x10004b10       0x78 CMakeFiles/test.dir/home/Tashifeen/pico-sdk/lib/lwip/src/core/tcp.c.o
                0x10004b10                tcp_process_refused_data
 .text.tcp_fasttmr
                0x10004b88       0x98 CMakeFiles/test.dir/home/Tashifeen/pico-sdk/lib/lwip/src/core/tcp.c.o
                0x10004b88                tcp_fasttmr
 .text.tcp_tmr  0x10004c20       0x20 CMakeFiles/test.dir/home/Tashifeen/pico-sdk/lib/lwip/src/core/tcp.c.o
                0x10004c20                tcp_tmr
 .text.tcp_next_iss
                0x10004c40       0x28 CMakeFiles/test.dir/home/Tashifeen/pico-sdk/lib/lwip/src/core/tcp.c.o
                0x10004c40                tcp_next_iss
 .text.tcp_eff_send_mss_netif
                0x10004c68       0x34 CMakeFiles/test.dir/home/Tashifeen/pico-sdk/lib/lwip/src/core/tcp.c.o
                0x10004c68                tcp_eff_send_mss_netif
 .text.tcp_netif_ip_addr_changed
                0x10004c9c       0x94 CMakeFiles/test.dir/home/Tashifeen/pico-sdk/lib/lwip/src/core/tcp.c.o
                0x10004c9c                tcp_netif_ip_addr_changed
 .text.tcp_free_ooseq
                0x10004d30       0x40 CMakeFiles/test.dir/home/Tashifeen/pico-sdk/lib/lwip/src/core/tcp.c.o
                0x10004d30                tcp_free_ooseq
 .text.tcp_parseopt
                0x10004d70      0x1b0 CMakeFiles/test.dir/home/Tashifeen/pico-sdk/lib/lwip/src/core/tcp_in.c.o
 .text.tcp_oos_insert_segment
                0x10004f20       0xcc CMakeFiles/test.dir/home/Tashifeen/pico-sdk/lib/lwip/src/core/tcp_in.c.o
 .text.tcp_free_acked_segments.isra.0
                0x10004fec       0xdc CMakeFiles/test.dir/home/Tashifeen/pico-sdk/lib/lwip/src/core/tcp_in.c.o
 .text.tcp_receive
                0x100050c8      0xa34 CMakeFiles/test.dir/home/Tashifeen/pico-sdk/lib/lwip/src/core/tcp_in.c.o
 .text.tcp_input
                0x10005afc      0xe3c CMakeFiles/test.dir/home/Tashifeen/pico-sdk/lib/lwip/src/core/tcp_in.c.o
                0x10005afc                tcp_input
 .text.tcp_trigger_input_pcb_close
                0x10006938       0x10 CMakeFiles/test.dir/home/Tashifeen/pico-sdk/lib/lwip/src/core/tcp_in.c.o
                0x10006938                tcp_trigger_input_pcb_close
 .text.tcp_create_segment
                0x10006948       0xe8 CMakeFiles/test.dir/home/Tashifeen/pico-sdk/lib/lwip/src/core/tcp_out.c.o
 .text.tcp_output_control_segment
                0x10006a30       0xb4 CMakeFiles/test.dir/home/Tashifeen/pico-sdk/lib/lwip/src/core/tcp_out.c.o
 .text.tcp_split_unsent_seg
                0x10006ae4      0x1b4 CMakeFiles/test.dir/home/Tashifeen/pico-sdk/lib/lwip/src/core/tcp_out.c.o
                0x10006ae4                tcp_split_unsent_seg
 .text.tcp_send_fin
                0x10006c98      0x118 CMakeFiles/test.dir/home/Tashifeen/pico-sdk/lib/lwip/src/core/tcp_out.c.o
                0x10006c98                tcp_send_fin
 .text.tcp_enqueue_flags
                0x10006db0      0x12c CMakeFiles/test.dir/home/Tashifeen/pico-sdk/lib/lwip/src/core/tcp_out.c.o
                0x10006db0                tcp_enqueue_flags
 .text.tcp_rexmit_rto_prepare
                0x10006edc       0x9c CMakeFiles/test.dir/home/Tashifeen/pico-sdk/lib/lwip/src/core/tcp_out.c.o
                0x10006edc                tcp_rexmit_rto_prepare
 .text.tcp_rexmit
                0x10006f78       0x9c CMakeFiles/test.dir/home/Tashifeen/pico-sdk/lib/lwip/src/core/tcp_out.c.o
                0x10006f78                tcp_rexmit
 .text.tcp_rexmit_fast
                0x10007014       0x64 CMakeFiles/test.dir/home/Tashifeen/pico-sdk/lib/lwip/src/core/tcp_out.c.o
                0x10007014                tcp_rexmit_fast
 .text.tcp_rst  0x10007078       0xe8 CMakeFiles/test.dir/home/Tashifeen/pico-sdk/lib/lwip/src/core/tcp_out.c.o
                0x10007078                tcp_rst
 .text.tcp_rst_netif
                0x10007160      0x130 CMakeFiles/test.dir/home/Tashifeen/pico-sdk/lib/lwip/src/core/tcp_out.c.o
                0x10007160                tcp_rst_netif
 .text.tcp_send_empty_ack
                0x10007290       0xf0 CMakeFiles/test.dir/home/Tashifeen/pico-sdk/lib/lwip/src/core/tcp_out.c.o
                0x10007290                tcp_send_empty_ack
 .text.tcp_output
                0x10007380      0x44c CMakeFiles/test.dir/home/Tashifeen/pico-sdk/lib/lwip/src/core/tcp_out.c.o
                0x10007380                tcp_output
 .text.tcp_rexmit_rto_commit
                0x100077cc       0x24 CMakeFiles/test.dir/home/Tashifeen/pico-sdk/lib/lwip/src/core/tcp_out.c.o
                0x100077cc                tcp_rexmit_rto_commit
 .text.tcp_rexmit_rto
                0x100077f0       0xa4 CMakeFiles/test.dir/home/Tashifeen/pico-sdk/lib/lwip/src/core/tcp_out.c.o
                0x100077f0                tcp_rexmit_rto
 .text.tcp_keepalive
                0x10007894       0xdc CMakeFiles/test.dir/home/Tashifeen/pico-sdk/lib/lwip/src/core/tcp_out.c.o
                0x10007894                tcp_keepalive
 .text.tcp_zero_window_probe
                0x10007970      0x1a8 CMakeFiles/test.dir/home/Tashifeen/pico-sdk/lib/lwip/src/core/tcp_out.c.o
                0x10007970                tcp_zero_window_probe
 .text.tcpip_tcp_timer
                0x10007b18       0x78 CMakeFiles/test.dir/home/Tashifeen/pico-sdk/lib/lwip/src/core/timeouts.c.o
 .text.lwip_cyclic_timer
                0x10007b90       0x98 CMakeFiles/test.dir/home/Tashifeen/pico-sdk/lib/lwip/src/core/timeouts.c.o
 .text.tcp_timer_needed
                0x10007c28       0x7c CMakeFiles/test.dir/home/Tashifeen/pico-sdk/lib/lwip/src/core/timeouts.c.o
                0x10007c28                tcp_timer_needed
 .text.sys_timeouts_init
                0x10007ca4       0x8c CMakeFiles/test.dir/home/Tashifeen/pico-sdk/lib/lwip/src/core/timeouts.c.o
                0x10007ca4                sys_timeouts_init
 .text.sys_check_timeouts
                0x10007d30       0x68 CMakeFiles/test.dir/home/Tashifeen/pico-sdk/lib/lwip/src/core/timeouts.c.o
                0x10007d30                sys_check_timeouts
 .text.sys_timeouts_sleeptime
                0x10007d98       0x28 CMakeFiles/test.dir/home/Tashifeen/pico-sdk/lib/lwip/src/core/timeouts.c.o
                0x10007d98                sys_timeouts_sleeptime
 .text.udp_init
                0x10007dc0       0x20 CMakeFiles/test.dir/home/Tashifeen/pico-sdk/lib/lwip/src/core/udp.c.o
                0x10007dc0                udp_init
 .text.udp_input
                0x10007de0      0x350 CMakeFiles/test.dir/home/Tashifeen/pico-sdk/lib/lwip/src/core/udp.c.o
                0x10007de0                udp_input
 .text.udp_bind
                0x10008130      0x10c CMakeFiles/test.dir/home/Tashifeen/pico-sdk/lib/lwip/src/core/udp.c.o
                0x10008130                udp_bind
 .text.udp_sendto_if_src
                0x1000823c      0x130 CMakeFiles/test.dir/home/Tashifeen/pico-sdk/lib/lwip/src/core/udp.c.o
                0x1000823c                udp_sendto_if_src
 .text.udp_sendto_if
                0x1000836c       0x48 CMakeFiles/test.dir/home/Tashifeen/pico-sdk/lib/lwip/src/core/udp.c.o
                0x1000836c                udp_sendto_if
 .text.udp_sendto
                0x100083b4       0x78 CMakeFiles/test.dir/home/Tashifeen/pico-sdk/lib/lwip/src/core/udp.c.o
                0x100083b4                udp_sendto
 .text.udp_connect
                0x1000842c       0x5c CMakeFiles/test.dir/home/Tashifeen/pico-sdk/lib/lwip/src/core/udp.c.o
                0x1000842c                udp_connect
 .text.udp_recv
                0x10008488        0xc CMakeFiles/test.dir/home/Tashifeen/pico-sdk/lib/lwip/src/core/udp.c.o
                0x10008488                udp_recv
 .text.udp_remove
                0x10008494       0x3c CMakeFiles/test.dir/home/Tashifeen/pico-sdk/lib/lwip/src/core/udp.c.o
                0x10008494                udp_remove
 .text.udp_new  0x100084d0       0x1c CMakeFiles/test.dir/home/Tashifeen/pico-sdk/lib/lwip/src/core/udp.c.o
                0x100084d0                udp_new
 .text.udp_netif_ip_addr_changed
                0x100084ec       0x40 CMakeFiles/test.dir/home/Tashifeen/pico-sdk/lib/lwip/src/core/udp.c.o
                0x100084ec                udp_netif_ip_addr_changed
 .text.dhcp_create_msg
                0x1000852c      0x160 CMakeFiles/test.dir/home/Tashifeen/pico-sdk/lib/lwip/src/core/ipv4/dhcp.c.o
 .text.dhcp_inc_pcb_refcount
                0x1000868c       0x6c CMakeFiles/test.dir/home/Tashifeen/pico-sdk/lib/lwip/src/core/ipv4/dhcp.c.o
 .text.dhcp_bind
                0x100086f8      0x144 CMakeFiles/test.dir/home/Tashifeen/pico-sdk/lib/lwip/src/core/ipv4/dhcp.c.o
 .text.dhcp_option_hostname.isra.0
                0x1000883c       0x74 CMakeFiles/test.dir/home/Tashifeen/pico-sdk/lib/lwip/src/core/ipv4/dhcp.c.o
 .text.dhcp_handle_ack.isra.0
                0x100088b0       0xcc CMakeFiles/test.dir/home/Tashifeen/pico-sdk/lib/lwip/src/core/ipv4/dhcp.c.o
 .text.dhcp_reboot.isra.0
                0x1000897c      0x17c CMakeFiles/test.dir/home/Tashifeen/pico-sdk/lib/lwip/src/core/ipv4/dhcp.c.o
 .text.dhcp_discover.isra.0
                0x10008af8      0x14c CMakeFiles/test.dir/home/Tashifeen/pico-sdk/lib/lwip/src/core/ipv4/dhcp.c.o
 .text.dhcp_select.isra.0
                0x10008c44      0x1e0 CMakeFiles/test.dir/home/Tashifeen/pico-sdk/lib/lwip/src/core/ipv4/dhcp.c.o
 .text.dhcp_recv
                0x10008e24      0x4a8 CMakeFiles/test.dir/home/Tashifeen/pico-sdk/lib/lwip/src/core/ipv4/dhcp.c.o
 .text.dhcp_set_struct
                0x100092cc       0x44 CMakeFiles/test.dir/home/Tashifeen/pico-sdk/lib/lwip/src/core/ipv4/dhcp.c.o
                0x100092cc                dhcp_set_struct
 .text.dhcp_start
                0x10009310       0xa8 CMakeFiles/test.dir/home/Tashifeen/pico-sdk/lib/lwip/src/core/ipv4/dhcp.c.o
                0x10009310                dhcp_start
 .text.dhcp_network_changed_link_up
                0x100093b8       0x40 CMakeFiles/test.dir/home/Tashifeen/pico-sdk/lib/lwip/src/core/ipv4/dhcp.c.o
                0x100093b8                dhcp_network_changed_link_up
 .text.dhcp_renew
                0x100093f8      0x13c CMakeFiles/test.dir/home/Tashifeen/pico-sdk/lib/lwip/src/core/ipv4/dhcp.c.o
                0x100093f8                dhcp_renew
 .text.dhcp_release_and_stop
                0x10009534      0x158 CMakeFiles/test.dir/home/Tashifeen/pico-sdk/lib/lwip/src/core/ipv4/dhcp.c.o
                0x10009534                dhcp_release_and_stop
 .text.dhcp_coarse_tmr
                0x1000968c      0x1e0 CMakeFiles/test.dir/home/Tashifeen/pico-sdk/lib/lwip/src/core/ipv4/dhcp.c.o
                0x1000968c                dhcp_coarse_tmr
 .text.dhcp_fine_tmr
                0x1000986c       0x78 CMakeFiles/test.dir/home/Tashifeen/pico-sdk/lib/lwip/src/core/ipv4/dhcp.c.o
                0x1000986c                dhcp_fine_tmr
 .text.dhcp_stop
                0x100098e4      0x158 CMakeFiles/test.dir/home/Tashifeen/pico-sdk/lib/lwip/src/core/ipv4/dhcp.c.o
                0x100098e4                dhcp_stop
 .text.etharp_find_entry
                0x10009a3c      0x3a0 CMakeFiles/test.dir/home/Tashifeen/pico-sdk/lib/lwip/src/core/ipv4/etharp.c.o
 .text.etharp_raw
                0x10009ddc       0xec CMakeFiles/test.dir/home/Tashifeen/pico-sdk/lib/lwip/src/core/ipv4/etharp.c.o
 .text.etharp_output_to_arp_index
                0x10009ec8       0xd0 CMakeFiles/test.dir/home/Tashifeen/pico-sdk/lib/lwip/src/core/ipv4/etharp.c.o
 .text.etharp_tmr
                0x10009f98       0x94 CMakeFiles/test.dir/home/Tashifeen/pico-sdk/lib/lwip/src/core/ipv4/etharp.c.o
                0x10009f98                etharp_tmr
 .text.etharp_cleanup_netif
                0x1000a02c      0x188 CMakeFiles/test.dir/home/Tashifeen/pico-sdk/lib/lwip/src/core/ipv4/etharp.c.o
                0x1000a02c                etharp_cleanup_netif
 .text.etharp_input
                0x1000a1b4      0x1b8 CMakeFiles/test.dir/home/Tashifeen/pico-sdk/lib/lwip/src/core/ipv4/etharp.c.o
                0x1000a1b4                etharp_input
 .text.etharp_query
                0x1000a36c      0x190 CMakeFiles/test.dir/home/Tashifeen/pico-sdk/lib/lwip/src/core/ipv4/etharp.c.o
                0x1000a36c                etharp_query
 .text.etharp_output
                0x1000a4fc      0x24c CMakeFiles/test.dir/home/Tashifeen/pico-sdk/lib/lwip/src/core/ipv4/etharp.c.o
                0x1000a4fc                etharp_output
 .text.etharp_request
                0x1000a748       0x2c CMakeFiles/test.dir/home/Tashifeen/pico-sdk/lib/lwip/src/core/ipv4/etharp.c.o
                0x1000a748                etharp_request
 .text.icmp_input
                0x1000a774      0x1f0 CMakeFiles/test.dir/home/Tashifeen/pico-sdk/lib/lwip/src/core/ipv4/icmp.c.o
                0x1000a774                icmp_input
 .text.icmp_dest_unreach
                0x1000a964       0xcc CMakeFiles/test.dir/home/Tashifeen/pico-sdk/lib/lwip/src/core/ipv4/icmp.c.o
                0x1000a964                icmp_dest_unreach
 .text.icmp_time_exceeded
                0x1000aa30       0xcc CMakeFiles/test.dir/home/Tashifeen/pico-sdk/lib/lwip/src/core/ipv4/icmp.c.o
                0x1000aa30                icmp_time_exceeded
 .text.ip_reass_free_complete_datagram
                0x1000aafc      0x11c CMakeFiles/test.dir/home/Tashifeen/pico-sdk/lib/lwip/src/core/ipv4/ip4_frag.c.o
 .text.ip_reass_remove_oldest_datagram
                0x1000ac18      0x124 CMakeFiles/test.dir/home/Tashifeen/pico-sdk/lib/lwip/src/core/ipv4/ip4_frag.c.o
 .text.ip_reass_tmr
                0x1000ad3c       0x30 CMakeFiles/test.dir/home/Tashifeen/pico-sdk/lib/lwip/src/core/ipv4/ip4_frag.c.o
                0x1000ad3c                ip_reass_tmr
 .text.ip4_reass
                0x1000ad6c      0x544 CMakeFiles/test.dir/home/Tashifeen/pico-sdk/lib/lwip/src/core/ipv4/ip4_frag.c.o
                0x1000ad6c                ip4_reass
 .text.ip4_frag
                0x1000b2b0      0x254 CMakeFiles/test.dir/home/Tashifeen/pico-sdk/lib/lwip/src/core/ipv4/ip4_frag.c.o
                0x1000b2b0                ip4_frag
 .text.ip4_route
                0x1000b504       0x7c CMakeFiles/test.dir/home/Tashifeen/pico-sdk/lib/lwip/src/core/ipv4/ip4.c.o
                0x1000b504                ip4_route
 .text.ip4_input
                0x1000b580      0x300 CMakeFiles/test.dir/home/Tashifeen/pico-sdk/lib/lwip/src/core/ipv4/ip4.c.o
                0x1000b580                ip4_input
 .text.ip4_output_if
                0x1000b880      0x190 CMakeFiles/test.dir/home/Tashifeen/pico-sdk/lib/lwip/src/core/ipv4/ip4.c.o
                0x1000b880                ip4_output_if
 .text.ip4_output_if_src
                0x1000ba10      0x184 CMakeFiles/test.dir/home/Tashifeen/pico-sdk/lib/lwip/src/core/ipv4/ip4.c.o
                0x1000ba10                ip4_output_if_src
 .text.ip4_addr_isbroadcast_u32
                0x1000bb94       0x3c CMakeFiles/test.dir/home/Tashifeen/pico-sdk/lib/lwip/src/core/ipv4/ip4_addr.c.o
                0x1000bb94                ip4_addr_isbroadcast_u32
 .text.ethernet_input
                0x1000bbd0       0xd0 CMakeFiles/test.dir/home/Tashifeen/pico-sdk/lib/lwip/src/netif/ethernet.c.o
                0x1000bbd0                ethernet_input
 .text.ethernet_output
                0x1000bca0       0x6c CMakeFiles/test.dir/home/Tashifeen/pico-sdk/lib/lwip/src/netif/ethernet.c.o
                0x1000bca0                ethernet_output
 .text.cyw43_arch_wifi_connect_bssid_until.part.0
                0x1000bd0c      0x150 CMakeFiles/test.dir/home/Tashifeen/pico-sdk/src/rp2_common/pico_cyw43_arch/cyw43_arch.c.o
 .text.cyw43_arch_set_async_context
                0x1000be5c        0xc CMakeFiles/test.dir/home/Tashifeen/pico-sdk/src/rp2_common/pico_cyw43_arch/cyw43_arch.c.o
                0x1000be5c                cyw43_arch_set_async_context
 .text.cyw43_arch_enable_sta_mode
                0x1000be68       0x1c CMakeFiles/test.dir/home/Tashifeen/pico-sdk/src/rp2_common/pico_cyw43_arch/cyw43_arch.c.o
                0x1000be68                cyw43_arch_enable_sta_mode
 .text.cyw43_arch_wifi_connect_timeout_ms
                0x1000be84       0x98 CMakeFiles/test.dir/home/Tashifeen/pico-sdk/src/rp2_common/pico_cyw43_arch/cyw43_arch.c.o
                0x1000be84                cyw43_arch_wifi_connect_timeout_ms
 .text.cyw43_arch_init_with_country
                0x1000bf1c       0x10 CMakeFiles/test.dir/home/Tashifeen/pico-sdk/src/rp2_common/pico_cyw43_arch/cyw43_arch.c.o
                0x1000bf1c                cyw43_arch_init_with_country
 .text.cyw43_arch_async_context
                0x1000bf2c        0xc CMakeFiles/test.dir/home/Tashifeen/pico-sdk/src/rp2_common/pico_cyw43_arch/cyw43_arch.c.o
                0x1000bf2c                cyw43_arch_async_context
 .text.cyw43_arch_init
                0x1000bf38       0x74 CMakeFiles/test.dir/home/Tashifeen/pico-sdk/src/rp2_common/pico_cyw43_arch/cyw43_arch_threadsafe_background.c.o
                0x1000bf38                cyw43_arch_init
 .text.ns_delay.constprop.0
                0x1000bfac       0x20 CMakeFiles/test.dir/home/Tashifeen/pico-sdk/src/rp2_common/pico_cyw43_driver/cyw43_bus_pio_spi.c.o
 .text.cyw43_spi_deinit
                0x1000bfcc       0x6c CMakeFiles/test.dir/home/Tashifeen/pico-sdk/src/rp2_common/pico_cyw43_driver/cyw43_bus_pio_spi.c.o
                0x1000bfcc                cyw43_spi_deinit
 .text.cyw43_spi_init
                0x1000c038      0x128 CMakeFiles/test.dir/home/Tashifeen/pico-sdk/src/rp2_common/pico_cyw43_driver/cyw43_bus_pio_spi.c.o
                0x1000c038                cyw43_spi_init
 .text.cyw43_spi_transfer
                0x1000c160      0x448 CMakeFiles/test.dir/home/Tashifeen/pico-sdk/src/rp2_common/pico_cyw43_driver/cyw43_bus_pio_spi.c.o
                0x1000c160                cyw43_spi_transfer
 .text.cyw43_spi_gpio_setup
                0x1000c5a8       0x3c CMakeFiles/test.dir/home/Tashifeen/pico-sdk/src/rp2_common/pico_cyw43_driver/cyw43_bus_pio_spi.c.o
                0x1000c5a8                cyw43_spi_gpio_setup
 .text.cyw43_spi_reset
                0x1000c5e4       0x28 CMakeFiles/test.dir/home/Tashifeen/pico-sdk/src/rp2_common/pico_cyw43_driver/cyw43_bus_pio_spi.c.o
                0x1000c5e4                cyw43_spi_reset
 .text.read_reg_u32_swap
                0x1000c60c       0x44 CMakeFiles/test.dir/home/Tashifeen/pico-sdk/src/rp2_common/pico_cyw43_driver/cyw43_bus_pio_spi.c.o
                0x1000c60c                read_reg_u32_swap
 .text.cyw43_read_reg_u32
                0x1000c650       0x58 CMakeFiles/test.dir/home/Tashifeen/pico-sdk/src/rp2_common/pico_cyw43_driver/cyw43_bus_pio_spi.c.o
                0x1000c650                cyw43_read_reg_u32
 .text.cyw43_read_reg_u16
                0x1000c6a8       0x58 CMakeFiles/test.dir/home/Tashifeen/pico-sdk/src/rp2_common/pico_cyw43_driver/cyw43_bus_pio_spi.c.o
                0x1000c6a8                cyw43_read_reg_u16
 .text.cyw43_read_reg_u8
                0x1000c700       0x58 CMakeFiles/test.dir/home/Tashifeen/pico-sdk/src/rp2_common/pico_cyw43_driver/cyw43_bus_pio_spi.c.o
                0x1000c700                cyw43_read_reg_u8
 .text.write_reg_u32_swap
                0x1000c758      0x214 CMakeFiles/test.dir/home/Tashifeen/pico-sdk/src/rp2_common/pico_cyw43_driver/cyw43_bus_pio_spi.c.o
                0x1000c758                write_reg_u32_swap
 .text.cyw43_write_reg_u32
                0x1000c96c      0x214 CMakeFiles/test.dir/home/Tashifeen/pico-sdk/src/rp2_common/pico_cyw43_driver/cyw43_bus_pio_spi.c.o
                0x1000c96c                cyw43_write_reg_u32
 .text.cyw43_write_reg_u16
                0x1000cb80      0x214 CMakeFiles/test.dir/home/Tashifeen/pico-sdk/src/rp2_common/pico_cyw43_driver/cyw43_bus_pio_spi.c.o
                0x1000cb80                cyw43_write_reg_u16
 .text.cyw43_write_reg_u8
                0x1000cd94      0x214 CMakeFiles/test.dir/home/Tashifeen/pico-sdk/src/rp2_common/pico_cyw43_driver/cyw43_bus_pio_spi.c.o
                0x1000cd94                cyw43_write_reg_u8
 .text.cyw43_read_bytes
                0x1000cfa8       0x78 CMakeFiles/test.dir/home/Tashifeen/pico-sdk/src/rp2_common/pico_cyw43_driver/cyw43_bus_pio_spi.c.o
                0x1000cfa8                cyw43_read_bytes
 .text.cyw43_write_bytes
                0x1000d020       0xd4 CMakeFiles/test.dir/home/Tashifeen/pico-sdk/src/rp2_common/pico_cyw43_driver/cyw43_bus_pio_spi.c.o
                0x1000d020                cyw43_write_bytes
 .text.cyw43_set_backplane_window
                0x1000d0f4       0x68 CMakeFiles/test.dir/home/Tashifeen/pico-sdk/lib/cyw43-driver/src/cyw43_ll.c.o
 .text.cyw43_ll_parse_async_event
                0x1000d15c      0x138 CMakeFiles/test.dir/home/Tashifeen/pico-sdk/lib/cyw43-driver/src/cyw43_ll.c.o
 .text.cyw43_kso_set
                0x1000d294       0x80 CMakeFiles/test.dir/home/Tashifeen/pico-sdk/lib/cyw43-driver/src/cyw43_ll.c.o
 .text.cyw43_ll_sdpcm_poll_device
                0x1000d314      0x238 CMakeFiles/test.dir/home/Tashifeen/pico-sdk/lib/cyw43-driver/src/cyw43_ll.c.o
 .text.cyw43_sdpcm_send_common
                0x1000d54c       0xfc CMakeFiles/test.dir/home/Tashifeen/pico-sdk/lib/cyw43-driver/src/cyw43_ll.c.o
 .text.cyw43_do_ioctl.part.0
                0x1000d648       0xc4 CMakeFiles/test.dir/home/Tashifeen/pico-sdk/lib/cyw43-driver/src/cyw43_ll.c.o
 .text.cyw43_write_iovar_u32.constprop.0
                0x1000d70c       0x98 CMakeFiles/test.dir/home/Tashifeen/pico-sdk/lib/cyw43-driver/src/cyw43_ll.c.o
 .text.cyw43_write_iovar_n
                0x1000d7a4       0x8c CMakeFiles/test.dir/home/Tashifeen/pico-sdk/lib/cyw43-driver/src/cyw43_ll.c.o
 .text.cyw43_write_iovar_u32_u32.constprop.0
                0x1000d830       0xac CMakeFiles/test.dir/home/Tashifeen/pico-sdk/lib/cyw43-driver/src/cyw43_ll.c.o
 .text.cyw43_read_backplane.constprop.0
                0x1000d8dc       0xe4 CMakeFiles/test.dir/home/Tashifeen/pico-sdk/lib/cyw43-driver/src/cyw43_ll.c.o
 .text.cyw43_write_backplane
                0x1000d9c0      0x10c CMakeFiles/test.dir/home/Tashifeen/pico-sdk/lib/cyw43-driver/src/cyw43_ll.c.o
 .text.reset_device_core.constprop.0
                0x1000dacc      0x410 CMakeFiles/test.dir/home/Tashifeen/pico-sdk/lib/cyw43-driver/src/cyw43_ll.c.o
 .text.cyw43_ll_init
                0x1000dedc       0x1c CMakeFiles/test.dir/home/Tashifeen/pico-sdk/lib/cyw43-driver/src/cyw43_ll.c.o
                0x1000dedc                cyw43_ll_init
 .text.cyw43_ll_deinit
                0x1000def8        0x8 CMakeFiles/test.dir/home/Tashifeen/pico-sdk/lib/cyw43-driver/src/cyw43_ll.c.o
                0x1000def8                cyw43_ll_deinit
 .text.cyw43_ll_send_ethernet
                0x1000df00       0x60 CMakeFiles/test.dir/home/Tashifeen/pico-sdk/lib/cyw43-driver/src/cyw43_ll.c.o
                0x1000df00                cyw43_ll_send_ethernet
 .text.cyw43_ll_process_packets
                0x1000df60       0x54 CMakeFiles/test.dir/home/Tashifeen/pico-sdk/lib/cyw43-driver/src/cyw43_ll.c.o
                0x1000df60                cyw43_ll_process_packets
 .text.cyw43_ll_ioctl
                0x1000dfb4       0x80 CMakeFiles/test.dir/home/Tashifeen/pico-sdk/lib/cyw43-driver/src/cyw43_ll.c.o
                0x1000dfb4                cyw43_ll_ioctl
 .text.cyw43_ll_bus_sleep
                0x1000e034       0x34 CMakeFiles/test.dir/home/Tashifeen/pico-sdk/lib/cyw43-driver/src/cyw43_ll.c.o
                0x1000e034                cyw43_ll_bus_sleep
 .text.cyw43_ll_wifi_on
                0x1000e068      0x1f8 CMakeFiles/test.dir/home/Tashifeen/pico-sdk/lib/cyw43-driver/src/cyw43_ll.c.o
                0x1000e068                cyw43_ll_wifi_on
 .text.cyw43_ll_wifi_get_mac
                0x1000e260       0x78 CMakeFiles/test.dir/home/Tashifeen/pico-sdk/lib/cyw43-driver/src/cyw43_ll.c.o
                0x1000e260                cyw43_ll_wifi_get_mac
 .text.cyw43_ll_bus_init
                0x1000e2d8      0x8d8 CMakeFiles/test.dir/home/Tashifeen/pico-sdk/lib/cyw43-driver/src/cyw43_ll.c.o
                0x1000e2d8                cyw43_ll_bus_init
 .text.cyw43_ll_wifi_pm
                0x1000ebb0      0x11c CMakeFiles/test.dir/home/Tashifeen/pico-sdk/lib/cyw43-driver/src/cyw43_ll.c.o
                0x1000ebb0                cyw43_ll_wifi_pm
 .text.cyw43_ll_wifi_join
                0x1000eccc      0x4c4 CMakeFiles/test.dir/home/Tashifeen/pico-sdk/lib/cyw43-driver/src/cyw43_ll.c.o
                0x1000eccc                cyw43_ll_wifi_join
 .text.cyw43_ll_wifi_set_wpa_auth
                0x1000f190       0x4c CMakeFiles/test.dir/home/Tashifeen/pico-sdk/lib/cyw43-driver/src/cyw43_ll.c.o
                0x1000f190                cyw43_ll_wifi_set_wpa_auth
 .text.cyw43_ll_wifi_rejoin
                0x1000f1dc       0x58 CMakeFiles/test.dir/home/Tashifeen/pico-sdk/lib/cyw43-driver/src/cyw43_ll.c.o
                0x1000f1dc                cyw43_ll_wifi_rejoin
 .text.cyw43_ll_wifi_ap_init
                0x1000f234      0x4dc CMakeFiles/test.dir/home/Tashifeen/pico-sdk/lib/cyw43-driver/src/cyw43_ll.c.o
                0x1000f234                cyw43_ll_wifi_ap_init
 .text.cyw43_ll_wifi_ap_set_up
                0x1000f710       0x74 CMakeFiles/test.dir/home/Tashifeen/pico-sdk/lib/cyw43-driver/src/cyw43_ll.c.o
                0x1000f710                cyw43_ll_wifi_ap_set_up
 .text.cyw43_ll_has_work
                0x1000f784       0x14 CMakeFiles/test.dir/home/Tashifeen/pico-sdk/lib/cyw43-driver/src/cyw43_ll.c.o
                0x1000f784                cyw43_ll_has_work
 .text.cyw43_netif_init
                0x1000f798       0x3c CMakeFiles/test.dir/home/Tashifeen/pico-sdk/lib/cyw43-driver/src/cyw43_lwip.c.o
 .text.cyw43_netif_output
                0x1000f7d4       0x34 CMakeFiles/test.dir/home/Tashifeen/pico-sdk/lib/cyw43-driver/src/cyw43_lwip.c.o
 .text.cyw43_cb_tcpip_init
                0x1000f808       0xf0 CMakeFiles/test.dir/home/Tashifeen/pico-sdk/lib/cyw43-driver/src/cyw43_lwip.c.o
                0x1000f808                cyw43_cb_tcpip_init
 .text.cyw43_cb_tcpip_deinit
                0x1000f8f8       0x4c CMakeFiles/test.dir/home/Tashifeen/pico-sdk/lib/cyw43-driver/src/cyw43_lwip.c.o
                0x1000f8f8                cyw43_cb_tcpip_deinit
 .text.cyw43_cb_process_ethernet
                0x1000f944       0x6c CMakeFiles/test.dir/home/Tashifeen/pico-sdk/lib/cyw43-driver/src/cyw43_lwip.c.o
                0x1000f944                cyw43_cb_process_ethernet
 .text.cyw43_cb_tcpip_set_link_up
                0x1000f9b0       0x18 CMakeFiles/test.dir/home/Tashifeen/pico-sdk/lib/cyw43-driver/src/cyw43_lwip.c.o
                0x1000f9b0                cyw43_cb_tcpip_set_link_up
 .text.cyw43_cb_tcpip_set_link_down
                0x1000f9c8       0x18 CMakeFiles/test.dir/home/Tashifeen/pico-sdk/lib/cyw43-driver/src/cyw43_lwip.c.o
                0x1000f9c8                cyw43_cb_tcpip_set_link_down
 .text.cyw43_tcpip_link_status
                0x1000f9e0       0x34 CMakeFiles/test.dir/home/Tashifeen/pico-sdk/lib/cyw43-driver/src/cyw43_lwip.c.o
                0x1000f9e0                cyw43_tcpip_link_status
 .text.cyw43_poll_func
                0x1000fa14       0xc0 CMakeFiles/test.dir/home/Tashifeen/pico-sdk/lib/cyw43-driver/src/cyw43_ctrl.c.o
 .text.cyw43_init
                0x1000fad4       0x6c CMakeFiles/test.dir/home/Tashifeen/pico-sdk/lib/cyw43-driver/src/cyw43_ctrl.c.o
                0x1000fad4                cyw43_init
 .text.cyw43_deinit
                0x1000fb40       0x90 CMakeFiles/test.dir/home/Tashifeen/pico-sdk/lib/cyw43-driver/src/cyw43_ctrl.c.o
                0x1000fb40                cyw43_deinit
 .text.cyw43_cb_read_host_interrupt_pin
                0x1000fbd0        0xc CMakeFiles/test.dir/home/Tashifeen/pico-sdk/lib/cyw43-driver/src/cyw43_ctrl.c.o
                0x1000fbd0                cyw43_cb_read_host_interrupt_pin
 .text.cyw43_cb_ensure_awake
                0x1000fbdc        0xc CMakeFiles/test.dir/home/Tashifeen/pico-sdk/lib/cyw43-driver/src/cyw43_ctrl.c.o
                0x1000fbdc                cyw43_cb_ensure_awake
 .text.cyw43_cb_process_async_event
                0x1000fbe8      0x210 CMakeFiles/test.dir/home/Tashifeen/pico-sdk/lib/cyw43-driver/src/cyw43_ctrl.c.o
                0x1000fbe8                cyw43_cb_process_async_event
 .text.cyw43_send_ethernet
                0x1000fdf8       0xc0 CMakeFiles/test.dir/home/Tashifeen/pico-sdk/lib/cyw43-driver/src/cyw43_ctrl.c.o
                0x1000fdf8                cyw43_send_ethernet
 .text.cyw43_wifi_get_mac
                0x1000feb8       0x10 CMakeFiles/test.dir/home/Tashifeen/pico-sdk/lib/cyw43-driver/src/cyw43_ctrl.c.o
                0x1000feb8                cyw43_wifi_get_mac
 .text.cyw43_wifi_set_up
                0x1000fec8      0x348 CMakeFiles/test.dir/home/Tashifeen/pico-sdk/lib/cyw43-driver/src/cyw43_ctrl.c.o
                0x1000fec8                cyw43_wifi_set_up
 .text.cyw43_wifi_link_status
                0x10010210       0x40 CMakeFiles/test.dir/home/Tashifeen/pico-sdk/lib/cyw43-driver/src/cyw43_ctrl.c.o
                0x10010210                cyw43_wifi_link_status
 .text.cyw43_wifi_join
                0x10010250       0xf4 CMakeFiles/test.dir/home/Tashifeen/pico-sdk/lib/cyw43-driver/src/cyw43_ctrl.c.o
                0x10010250                cyw43_wifi_join
 .text.pio_sm_set_pindirs_with_mask64
                0x10010344       0xac CMakeFiles/test.dir/home/Tashifeen/pico-sdk/src/rp2_common/hardware_pio/pio.c.o
                0x10010344                pio_sm_set_pindirs_with_mask64
 .text.pio_sm_set_consecutive_pindirs
                0x100103f0       0xb4 CMakeFiles/test.dir/home/Tashifeen/pico-sdk/src/rp2_common/hardware_pio/pio.c.o
                0x100103f0                pio_sm_set_consecutive_pindirs
 .text.pio_claim_free_sm_and_add_program_for_gpio_range
                0x100104a4      0x184 CMakeFiles/test.dir/home/Tashifeen/pico-sdk/src/rp2_common/hardware_pio/pio.c.o
                0x100104a4                pio_claim_free_sm_and_add_program_for_gpio_range
 .text.pio_remove_program_and_unclaim_sm
                0x10010628       0x40 CMakeFiles/test.dir/home/Tashifeen/pico-sdk/src/rp2_common/hardware_pio/pio.c.o
                0x10010628                pio_remove_program_and_unclaim_sm
 .text.dma_channel_unclaim
                0x10010668       0x14 CMakeFiles/test.dir/home/Tashifeen/pico-sdk/src/rp2_common/hardware_dma/dma.c.o
                0x10010668                dma_channel_unclaim
 .text.dma_claim_unused_channel
                0x1001067c       0x24 CMakeFiles/test.dir/home/Tashifeen/pico-sdk/src/rp2_common/hardware_dma/dma.c.o
                0x1001067c                dma_claim_unused_channel
 .text.dma_channel_cleanup
                0x100106a0       0x64 CMakeFiles/test.dir/home/Tashifeen/pico-sdk/src/rp2_common/hardware_dma/dma.c.o
                0x100106a0                dma_channel_cleanup
 .text.cyw43_sleep_timeout_reached
                0x10010704       0x10 CMakeFiles/test.dir/home/Tashifeen/pico-sdk/src/rp2_common/pico_cyw43_driver/cyw43_driver.c.o
 .text.cyw43_irq_init
                0x10010714       0x28 CMakeFiles/test.dir/home/Tashifeen/pico-sdk/src/rp2_common/pico_cyw43_driver/cyw43_driver.c.o
                0x10010714                cyw43_irq_init
 .text.cyw43_irq_deinit
                0x1001073c       0x20 CMakeFiles/test.dir/home/Tashifeen/pico-sdk/src/rp2_common/pico_cyw43_driver/cyw43_driver.c.o
                0x1001073c                cyw43_irq_deinit
 .text.cyw43_gpio_irq_handler
                0x1001075c       0x44 CMakeFiles/test.dir/home/Tashifeen/pico-sdk/src/rp2_common/pico_cyw43_driver/cyw43_driver.c.o
 .text.cyw43_do_poll
                0x100107a0       0x6c CMakeFiles/test.dir/home/Tashifeen/pico-sdk/src/rp2_common/pico_cyw43_driver/cyw43_driver.c.o
 .text.cyw43_post_poll_hook
                0x1001080c       0x10 CMakeFiles/test.dir/home/Tashifeen/pico-sdk/src/rp2_common/pico_cyw43_driver/cyw43_driver.c.o
                0x1001080c                cyw43_post_poll_hook
 .text.cyw43_schedule_internal_poll_dispatch
                0x1001081c       0x18 CMakeFiles/test.dir/home/Tashifeen/pico-sdk/src/rp2_common/pico_cyw43_driver/cyw43_driver.c.o
                0x1001081c                cyw43_schedule_internal_poll_dispatch
 .text.cyw43_driver_init
                0x10010834       0x38 CMakeFiles/test.dir/home/Tashifeen/pico-sdk/src/rp2_common/pico_cyw43_driver/cyw43_driver.c.o
                0x10010834                cyw43_driver_init
 .text.cyw43_driver_deinit
                0x1001086c       0x4c CMakeFiles/test.dir/home/Tashifeen/pico-sdk/src/rp2_common/pico_cyw43_driver/cyw43_driver.c.o
                0x1001086c                cyw43_driver_deinit
 .text.cyw43_hal_generate_laa_mac
                0x100108b8       0x28 CMakeFiles/test.dir/home/Tashifeen/pico-sdk/src/rp2_common/pico_cyw43_driver/cyw43_driver.c.o
                0x100108b8                cyw43_hal_generate_laa_mac
 .text.cyw43_hal_get_mac
                0x100108e0       0x14 CMakeFiles/test.dir/home/Tashifeen/pico-sdk/src/rp2_common/pico_cyw43_driver/cyw43_driver.c.o
                0x100108e0                cyw43_hal_get_mac
 .text.cyw43_thread_enter
                0x100108f4       0x14 CMakeFiles/test.dir/home/Tashifeen/pico-sdk/src/rp2_common/pico_cyw43_driver/cyw43_driver.c.o
                0x100108f4                cyw43_thread_enter
 .text.cyw43_thread_exit
                0x10010908       0x14 CMakeFiles/test.dir/home/Tashifeen/pico-sdk/src/rp2_common/pico_cyw43_driver/cyw43_driver.c.o
                0x10010908                cyw43_thread_exit
 .text.cyw43_await_background_or_timeout_us
                0x1001091c       0x5c CMakeFiles/test.dir/home/Tashifeen/pico-sdk/src/rp2_common/pico_cyw43_driver/cyw43_driver.c.o
                0x1001091c                cyw43_await_background_or_timeout_us
 .text.cyw43_delay_ms
                0x10010978       0x44 CMakeFiles/test.dir/home/Tashifeen/pico-sdk/src/rp2_common/pico_cyw43_driver/cyw43_driver.c.o
                0x10010978                cyw43_delay_ms
 .text.cyw43_delay_us
                0x100109bc       0x30 CMakeFiles/test.dir/home/Tashifeen/pico-sdk/src/rp2_common/pico_cyw43_driver/cyw43_driver.c.o
                0x100109bc                cyw43_delay_us
 .text.async_context_threadsafe_background_acquire_lock_blocking
                0x100109ec        0xc CMakeFiles/test.dir/home/Tashifeen/pico-sdk/src/rp2_common/pico_async_context/async_context_threadsafe_background.c.o
 .text.alarm_handler
                0x100109f8       0x20 CMakeFiles/test.dir/home/Tashifeen/pico-sdk/src/rp2_common/pico_async_context/async_context_threadsafe_background.c.o
 .text.async_context_threadsafe_background_set_work_pending
                0x10010a18       0x1c CMakeFiles/test.dir/home/Tashifeen/pico-sdk/src/rp2_common/pico_async_context/async_context_threadsafe_background.c.o
 .text.process_under_lock
                0x10010a34       0xcc CMakeFiles/test.dir/home/Tashifeen/pico-sdk/src/rp2_common/pico_async_context/async_context_threadsafe_background.c.o
 .text.async_context_threadsafe_background_execute_sync
                0x10010b00       0x30 CMakeFiles/test.dir/home/Tashifeen/pico-sdk/src/rp2_common/pico_async_context/async_context_threadsafe_background.c.o
                0x10010b00                async_context_threadsafe_background_execute_sync
 .text.async_context_threadsafe_background_deinit
                0x10010b30       0x54 CMakeFiles/test.dir/home/Tashifeen/pico-sdk/src/rp2_common/pico_async_context/async_context_threadsafe_background.c.o
 .text.low_priority_irq_handler
                0x10010b84       0x3c CMakeFiles/test.dir/home/Tashifeen/pico-sdk/src/rp2_common/pico_async_context/async_context_threadsafe_background.c.o
 .text.async_context_threadsafe_background_wait_for_work_until
                0x10010bc0        0xc CMakeFiles/test.dir/home/Tashifeen/pico-sdk/src/rp2_common/pico_async_context/async_context_threadsafe_background.c.o
 .text.async_context_threadsafe_background_wait_until
                0x10010bcc       0x1c CMakeFiles/test.dir/home/Tashifeen/pico-sdk/src/rp2_common/pico_async_context/async_context_threadsafe_background.c.o
 .text.async_context_threadsafe_background_lock_check
                0x10010be8       0x28 CMakeFiles/test.dir/home/Tashifeen/pico-sdk/src/rp2_common/pico_async_context/async_context_threadsafe_background.c.o
 .text.async_context_threadsafe_background_release_lock
                0x10010c10       0x1c CMakeFiles/test.dir/home/Tashifeen/pico-sdk/src/rp2_common/pico_async_context/async_context_threadsafe_background.c.o
 .text.async_context_threadsafe_background_when_pending_worker
                0x10010c2c       0x34 CMakeFiles/test.dir/home/Tashifeen/pico-sdk/src/rp2_common/pico_async_context/async_context_threadsafe_background.c.o
 .text.async_context_threadsafe_background_add_when_pending_worker
                0x10010c60       0x34 CMakeFiles/test.dir/home/Tashifeen/pico-sdk/src/rp2_common/pico_async_context/async_context_threadsafe_background.c.o
 .text.async_context_threadsafe_background_remove_at_time_worker
                0x10010c94       0x34 CMakeFiles/test.dir/home/Tashifeen/pico-sdk/src/rp2_common/pico_async_context/async_context_threadsafe_background.c.o
 .text.async_context_threadsafe_background_add_at_time_worker
                0x10010cc8       0x34 CMakeFiles/test.dir/home/Tashifeen/pico-sdk/src/rp2_common/pico_async_context/async_context_threadsafe_background.c.o
 .text.async_context_threadsafe_background_default_config
                0x10010cfc        0xc CMakeFiles/test.dir/home/Tashifeen/pico-sdk/src/rp2_common/pico_async_context/async_context_threadsafe_background.c.o
                0x10010cfc                async_context_threadsafe_background_default_config
 .text.async_context_threadsafe_background_init
                0x10010d08       0x8c CMakeFiles/test.dir/home/Tashifeen/pico-sdk/src/rp2_common/pico_async_context/async_context_threadsafe_background.c.o
                0x10010d08                async_context_threadsafe_background_init
 .text.first_per_core_initializer
                0x10010d94        0x4 CMakeFiles/test.dir/home/Tashifeen/pico-sdk/src/rp2_common/pico_runtime/runtime.c.o
 .text.hard_assertion_failure
                0x10010d98        0xc CMakeFiles/test.dir/home/Tashifeen/pico-sdk/src/rp2_common/pico_runtime/runtime.c.o
                0x10010d98                hard_assertion_failure
 .text.runtime_run_initializers
                0x10010da4       0x28 CMakeFiles/test.dir/home/Tashifeen/pico-sdk/src/rp2_common/pico_runtime/runtime.c.o
                0x10010da4                runtime_run_initializers
 .text.runtime_init_early_resets
                0x10010dcc       0x2c CMakeFiles/test.dir/home/Tashifeen/pico-sdk/src/rp2_common/pico_runtime_init/runtime_init.c.o
                0x10010dcc                runtime_init_early_resets
 .text.runtime_init_usb_power_down
                0x10010df8       0x1c CMakeFiles/test.dir/home/Tashifeen/pico-sdk/src/rp2_common/pico_runtime_init/runtime_init.c.o
                0x10010df8                runtime_init_usb_power_down
 .text.runtime_init_post_clock_resets
                0x10010e14       0x20 CMakeFiles/test.dir/home/Tashifeen/pico-sdk/src/rp2_common/pico_runtime_init/runtime_init.c.o
                0x10010e14                runtime_init_post_clock_resets
 .text.runtime_init_rp2040_gpio_ie_disable
                0x10010e34       0x14 CMakeFiles/test.dir/home/Tashifeen/pico-sdk/src/rp2_common/pico_runtime_init/runtime_init.c.o
                0x10010e34                runtime_init_rp2040_gpio_ie_disable
 .text.runtime_init_spin_locks_reset
                0x10010e48        0x8 CMakeFiles/test.dir/home/Tashifeen/pico-sdk/src/rp2_common/pico_runtime_init/runtime_init.c.o
                0x10010e48                runtime_init_spin_locks_reset
 .text.runtime_init_install_ram_vector_table
                0x10010e50       0xb4 CMakeFiles/test.dir/home/Tashifeen/pico-sdk/src/rp2_common/pico_runtime_init/runtime_init.c.o
                0x10010e50                runtime_init_install_ram_vector_table
 .text.runtime_init_clocks
                0x10010f04       0xd8 CMakeFiles/test.dir/home/Tashifeen/pico-sdk/src/rp2_common/pico_runtime_init/runtime_init_clocks.c.o
                0x10010f04                runtime_init_clocks
 .text          0x10010fdc       0x10 CMakeFiles/test.dir/home/Tashifeen/pico-sdk/src/rp2_common/pico_bit_ops/bit_ops_aeabi.S.o
 .text.ctzsi    0x10010fec        0xc CMakeFiles/test.dir/home/Tashifeen/pico-sdk/src/rp2_common/pico_bit_ops/bit_ops_aeabi.S.o
                0x10010fec                __wrap___ctzsi2
 .text.__wrap___aeabi_idiv
                0x10010ff8       0x50 CMakeFiles/test.dir/home/Tashifeen/pico-sdk/src/rp2_common/pico_divider/divider_hardware.S.o
                0x10010ff8                __wrap___aeabi_idivmod
                0x10010ff8                divmod_s32s32
                0x10010ff8                div_s32s32
                0x10010ff8                __wrap___aeabi_idiv
                0x10011000                divmod_s32s32_unsafe
                0x1001102c                divmod_s32s32_savestate
 .text.__wrap___aeabi_uidiv
                0x10011048       0x4c CMakeFiles/test.dir/home/Tashifeen/pico-sdk/src/rp2_common/pico_divider/divider_hardware.S.o
                0x10011048                __wrap___aeabi_uidiv
                0x10011048                __wrap___aeabi_uidivmod
                0x10011048                div_u32u32
                0x10011048                divmod_u32u32
                0x10011050                divmod_u32u32_unsafe
                0x10011078                divmod_u32u32_savestate
 .text.__wrap___aeabi_ldiv
                0x10011094      0x424 CMakeFiles/test.dir/home/Tashifeen/pico-sdk/src/rp2_common/pico_divider/divider_hardware.S.o
                0x10011094                div_s64s64
                0x10011094                divmod_s64s64
                0x10011094                __wrap___aeabi_ldivmod
                0x100110c4                div_u64u64
                0x100110c4                divmod_u64u64
                0x100110c4                __wrap___aeabi_uldivmod
                0x100110d4                divmod_u64u64_savestate
                0x100110f4                divmod_s64s64_unsafe
                0x1001117c                divmod_u64u64_unsafe
 .text.__wrap___aeabi_darithmetic
                0x100114b8       0x60 CMakeFiles/test.dir/home/Tashifeen/pico-sdk/src/rp2_common/pico_double/double_aeabi_rp2040.S.o
                0x100114b8                __wrap___aeabi_drsub
                0x100114be                __wrap___aeabi_dsub
                0x100114c8                __wrap___aeabi_dadd
                0x100114d2                __wrap___aeabi_ddiv
                0x10011506                __wrap___aeabi_dmul
 .text.__wrap___aeabi_cdcmple
                0x10011518       0x6c CMakeFiles/test.dir/home/Tashifeen/pico-sdk/src/rp2_common/pico_double/double_aeabi_rp2040.S.o
                0x10011518                __wrap___aeabi_cdrcmple
                0x10011528                __wrap___aeabi_cdcmple
                0x10011528                __wrap___aeabi_cdcmpeq
 .text.__wrap___aeabi_dcmplt
                0x10011584        0xc CMakeFiles/test.dir/home/Tashifeen/pico-sdk/src/rp2_common/pico_double/double_aeabi_rp2040.S.o
                0x10011584                __wrap___aeabi_dcmplt
 .text.__wrap___aeabi_dcmple
                0x10011590       0x10 CMakeFiles/test.dir/home/Tashifeen/pico-sdk/src/rp2_common/pico_double/double_aeabi_rp2040.S.o
                0x10011590                __wrap___aeabi_dcmple
 .text.__wrap___aeabi_dcmpge
                0x100115a0       0x10 CMakeFiles/test.dir/home/Tashifeen/pico-sdk/src/rp2_common/pico_double/double_aeabi_rp2040.S.o
                0x100115a0                __wrap___aeabi_dcmpge
 .text.__wrap___aeabi_dcmpgt
                0x100115b0        0xa CMakeFiles/test.dir/home/Tashifeen/pico-sdk/src/rp2_common/pico_double/double_aeabi_rp2040.S.o
                0x100115b0                __wrap___aeabi_dcmpgt
 .text.__wrap___aeabi_dcmpun
                0x100115ba       0x18 CMakeFiles/test.dir/home/Tashifeen/pico-sdk/src/rp2_common/pico_double/double_aeabi_rp2040.S.o
                0x100115ba                __wrap___aeabi_dcmpun
 *fill*         0x100115d2        0x2 
 .text.__wrap___aeabi_i2d
                0x100115d4       0x38 CMakeFiles/test.dir/home/Tashifeen/pico-sdk/src/rp2_common/pico_double/double_aeabi_rp2040.S.o
                0x100115d4                __wrap___aeabi_ui2d
                0x100115d4                uint2double
                0x100115dc                __wrap___aeabi_i2d
                0x100115dc                int2double
 .text.__wrap___aeabi_d2iz
                0x1001160c       0x48 CMakeFiles/test.dir/home/Tashifeen/pico-sdk/src/rp2_common/pico_double/double_aeabi_rp2040.S.o
                0x1001160c                __wrap___aeabi_d2iz
                0x1001160c                double2int_z
 .text.__wrap___aeabi_d2uiz
                0x10011654       0x10 CMakeFiles/test.dir/home/Tashifeen/pico-sdk/src/rp2_common/pico_double/double_aeabi_rp2040.S.o
                0x10011654                double2uint_z
                0x10011654                double2uint
                0x10011654                __wrap___aeabi_d2uiz
 .text.missing_double_func_shim
                0x10011664        0xc CMakeFiles/test.dir/home/Tashifeen/pico-sdk/src/rp2_common/pico_double/double_init_rom_rp2040.c.o
 .text.__aeabi_double_init
                0x10011670       0xa0 CMakeFiles/test.dir/home/Tashifeen/pico-sdk/src/rp2_common/pico_double/double_init_rom_rp2040.c.o
                0x10011670                __aeabi_double_init
 .text.double_table_shim_on_use_helper
                0x10011710       0x2c CMakeFiles/test.dir/home/Tashifeen/pico-sdk/src/rp2_common/pico_double/double_v1_rom_shim_rp2040.S.o
                0x10011710                double_table_shim_on_use_helper
 .text.__aeabi_lmul
                0x1001173c       0x32 CMakeFiles/test.dir/home/Tashifeen/pico-sdk/src/rp2_common/pico_int64_ops/pico_int64_ops_aeabi.S.o
                0x1001173c                __wrap___aeabi_lmul
 *fill*         0x1001176e        0x2 
 .text.missing_float_func_shim
                0x10011770        0xc CMakeFiles/test.dir/home/Tashifeen/pico-sdk/src/rp2_common/pico_float/float_init_rom_rp2040.c.o
 .text.__aeabi_float_init
                0x1001177c       0x5c CMakeFiles/test.dir/home/Tashifeen/pico-sdk/src/rp2_common/pico_float/float_init_rom_rp2040.c.o
                0x1001177c                __aeabi_float_init
 .text          0x100117d8       0x10 CMakeFiles/test.dir/home/Tashifeen/pico-sdk/src/rp2_common/pico_mem_ops/mem_ops_aeabi.S.o
                0x100117d8                __aeabi_mem_init
 .text.memset   0x100117e8        0xc CMakeFiles/test.dir/home/Tashifeen/pico-sdk/src/rp2_common/pico_mem_ops/mem_ops_aeabi.S.o
                0x100117e8                __wrap_memset
 .text.memcpy   0x100117f4        0xc CMakeFiles/test.dir/home/Tashifeen/pico-sdk/src/rp2_common/pico_mem_ops/mem_ops_aeabi.S.o
                0x100117f4                __wrap___aeabi_memcpy
                0x100117f4                __wrap_memcpy
 .text._out_null
                0x10011800        0x4 CMakeFiles/test.dir/home/Tashifeen/pico-sdk/src/rp2_common/pico_printf/printf.c.o
 .text._out_rev
                0x10011804       0xac CMakeFiles/test.dir/home/Tashifeen/pico-sdk/src/rp2_common/pico_printf/printf.c.o
 .text._ntoa_format
                0x100118b0      0x1cc CMakeFiles/test.dir/home/Tashifeen/pico-sdk/src/rp2_common/pico_printf/printf.c.o
 .text._out_char
                0x10011a7c       0x10 CMakeFiles/test.dir/home/Tashifeen/pico-sdk/src/rp2_common/pico_printf/printf.c.o
 .text._out_fct
                0x10011a8c       0x10 CMakeFiles/test.dir/home/Tashifeen/pico-sdk/src/rp2_common/pico_printf/printf.c.o
 .text._ftoa    0x10011a9c      0x4a8 CMakeFiles/test.dir/home/Tashifeen/pico-sdk/src/rp2_common/pico_printf/printf.c.o
 .text._etoa    0x10011f44      0x57c CMakeFiles/test.dir/home/Tashifeen/pico-sdk/src/rp2_common/pico_printf/printf.c.o
 .text._vsnprintf
                0x100124c0      0xbe0 CMakeFiles/test.dir/home/Tashifeen/pico-sdk/src/rp2_common/pico_printf/printf.c.o
 .text.vfctprintf
                0x100130a0       0x24 CMakeFiles/test.dir/home/Tashifeen/pico-sdk/src/rp2_common/pico_printf/printf.c.o
                0x100130a0                vfctprintf
 .text.weak_raw_vprintf
                0x100130c4       0x30 CMakeFiles/test.dir/home/Tashifeen/pico-sdk/src/rp2_common/pico_printf/printf.c.o
                0x100130c4                weak_raw_vprintf
 .text._exit    0x100130f4        0x4 CMakeFiles/test.dir/home/Tashifeen/pico-sdk/src/rp2_common/pico_clib_interface/newlib_interface.c.o
                0x100130f4                _exit
 .text.exit     0x100130f8        0x8 CMakeFiles/test.dir/home/Tashifeen/pico-sdk/src/rp2_common/pico_clib_interface/newlib_interface.c.o
                0x100130f8                exit
 .text.runtime_init
                0x10013100       0x2c CMakeFiles/test.dir/home/Tashifeen/pico-sdk/src/rp2_common/pico_clib_interface/newlib_interface.c.o
                0x10013100                runtime_init
 .text.stdio_out_chars_no_crlf
                0x1001312c       0x10 CMakeFiles/test.dir/home/Tashifeen/pico-sdk/src/rp2_common/pico_stdio/stdio.c.o
 .text.stdio_out_chars_crlf
                0x1001313c       0xb0 CMakeFiles/test.dir/home/Tashifeen/pico-sdk/src/rp2_common/pico_stdio/stdio.c.o
 .text.stdio_buffered_printer
                0x100131ec       0x64 CMakeFiles/test.dir/home/Tashifeen/pico-sdk/src/rp2_common/pico_stdio/stdio.c.o
 .text.stdio_put_string
                0x10013250       0xfc CMakeFiles/test.dir/home/Tashifeen/pico-sdk/src/rp2_common/pico_stdio/stdio.c.o
                0x10013250                stdio_put_string
 .text.stdio_set_driver_enabled
                0x1001334c       0x30 CMakeFiles/test.dir/home/Tashifeen/pico-sdk/src/rp2_common/pico_stdio/stdio.c.o
                0x1001334c                stdio_set_driver_enabled
 .text.stdio_init_all
                0x1001337c        0x8 CMakeFiles/test.dir/home/Tashifeen/pico-sdk/src/rp2_common/pico_stdio/stdio.c.o
                0x1001337c                stdio_init_all
 .text.__wrap_putchar
                0x10013384       0x94 CMakeFiles/test.dir/home/Tashifeen/pico-sdk/src/rp2_common/pico_stdio/stdio.c.o
                0x10013384                stdio_putchar
                0x10013384                __wrap_putchar
 .text.__wrap_puts
                0x10013418       0x3c CMakeFiles/test.dir/home/Tashifeen/pico-sdk/src/rp2_common/pico_stdio/stdio.c.o
                0x10013418                __wrap_puts
                0x10013418                stdio_puts
 .text.__wrap_vprintf
                0x10013454       0xcc CMakeFiles/test.dir/home/Tashifeen/pico-sdk/src/rp2_common/pico_stdio/stdio.c.o
                0x10013454                __wrap_vprintf
                0x10013454                stdio_vprintf
 .text.__wrap_printf
                0x10013520       0x18 CMakeFiles/test.dir/home/Tashifeen/pico-sdk/src/rp2_common/pico_stdio/stdio.c.o
                0x10013520                stdio_printf
                0x10013520                __wrap_printf
 .text.resetd_init
                0x10013538        0x4 CMakeFiles/test.dir/home/Tashifeen/pico-sdk/src/rp2_common/pico_stdio_usb/reset_interface.c.o
 .text.resetd_reset
                0x1001353c        0xc CMakeFiles/test.dir/home/Tashifeen/pico-sdk/src/rp2_common/pico_stdio_usb/reset_interface.c.o
 .text.resetd_open
                0x10013548       0x28 CMakeFiles/test.dir/home/Tashifeen/pico-sdk/src/rp2_common/pico_stdio_usb/reset_interface.c.o
 .text.resetd_xfer_cb
                0x10013570        0x4 CMakeFiles/test.dir/home/Tashifeen/pico-sdk/src/rp2_common/pico_stdio_usb/reset_interface.c.o
 .text.resetd_control_xfer_cb
                0x10013574       0x54 CMakeFiles/test.dir/home/Tashifeen/pico-sdk/src/rp2_common/pico_stdio_usb/reset_interface.c.o
 .text.tud_descriptor_bos_cb
                0x100135c8        0x8 CMakeFiles/test.dir/home/Tashifeen/pico-sdk/src/rp2_common/pico_stdio_usb/reset_interface.c.o
                0x100135c8                tud_descriptor_bos_cb
 .text.tud_vendor_control_xfer_cb
                0x100135d0       0x34 CMakeFiles/test.dir/home/Tashifeen/pico-sdk/src/rp2_common/pico_stdio_usb/reset_interface.c.o
                0x100135d0                tud_vendor_control_xfer_cb
 .text.usbd_app_driver_get_cb
                0x10013604        0xc CMakeFiles/test.dir/home/Tashifeen/pico-sdk/src/rp2_common/pico_stdio_usb/reset_interface.c.o
                0x10013604                usbd_app_driver_get_cb
 .text.tud_cdc_line_coding_cb
                0x10013610       0x2c CMakeFiles/test.dir/home/Tashifeen/pico-sdk/src/rp2_common/pico_stdio_usb/reset_interface.c.o
                0x10013610                tud_cdc_line_coding_cb
 .text.stdio_usb_set_chars_available_callback
                0x1001363c       0x14 CMakeFiles/test.dir/home/Tashifeen/pico-sdk/src/rp2_common/pico_stdio_usb/stdio_usb.c.o
                0x1001363c                stdio_usb_set_chars_available_callback
 .text.usb_irq  0x10013650       0x10 CMakeFiles/test.dir/home/Tashifeen/pico-sdk/src/rp2_common/pico_stdio_usb/stdio_usb.c.o
 .text.timer_task
                0x10013660       0x64 CMakeFiles/test.dir/home/Tashifeen/pico-sdk/src/rp2_common/pico_stdio_usb/stdio_usb.c.o
 .text.stdio_usb_in_chars
                0x100136c4       0x8c CMakeFiles/test.dir/home/Tashifeen/pico-sdk/src/rp2_common/pico_stdio_usb/stdio_usb.c.o
                0x100136c4                stdio_usb_in_chars
 .text.stdio_usb_out_flush
                0x10013750       0x4c CMakeFiles/test.dir/home/Tashifeen/pico-sdk/src/rp2_common/pico_stdio_usb/stdio_usb.c.o
 .text.stdio_usb_out_chars
                0x1001379c      0x100 CMakeFiles/test.dir/home/Tashifeen/pico-sdk/src/rp2_common/pico_stdio_usb/stdio_usb.c.o
 .text.low_priority_worker_irq
                0x1001389c       0xc8 CMakeFiles/test.dir/home/Tashifeen/pico-sdk/src/rp2_common/pico_stdio_usb/stdio_usb.c.o
 .text.stdio_usb_init
                0x10013964       0xe8 CMakeFiles/test.dir/home/Tashifeen/pico-sdk/src/rp2_common/pico_stdio_usb/stdio_usb.c.o
                0x10013964                stdio_usb_init
 .text.tud_descriptor_device_cb
                0x10013a4c        0x8 CMakeFiles/test.dir/home/Tashifeen/pico-sdk/src/rp2_common/pico_stdio_usb/stdio_usb_descriptors.c.o
                0x10013a4c                tud_descriptor_device_cb
 .text.tud_descriptor_configuration_cb
                0x10013a54        0x8 CMakeFiles/test.dir/home/Tashifeen/pico-sdk/src/rp2_common/pico_stdio_usb/stdio_usb_descriptors.c.o
                0x10013a54                tud_descriptor_configuration_cb
 .text.tud_descriptor_string_cb
                0x10013a5c       0x78 CMakeFiles/test.dir/home/Tashifeen/pico-sdk/src/rp2_common/pico_stdio_usb/stdio_usb_descriptors.c.o
                0x10013a5c                tud_descriptor_string_cb
 .text.dcd_init
                0x10013ad4       0x90 CMakeFiles/test.dir/home/Tashifeen/pico-sdk/lib/tinyusb/src/portable/raspberrypi/rp2040/dcd_rp2040.c.o
                0x10013ad4                dcd_init
 .text.dcd_int_enable
                0x10013b64        0xc CMakeFiles/test.dir/home/Tashifeen/pico-sdk/lib/tinyusb/src/portable/raspberrypi/rp2040/dcd_rp2040.c.o
                0x10013b64                dcd_int_enable
 .text.dcd_set_address
                0x10013b70       0x14 CMakeFiles/test.dir/home/Tashifeen/pico-sdk/lib/tinyusb/src/portable/raspberrypi/rp2040/dcd_rp2040.c.o
                0x10013b70                dcd_set_address
 .text.dcd_sof_enable
                0x10013b84       0x1c CMakeFiles/test.dir/home/Tashifeen/pico-sdk/lib/tinyusb/src/portable/raspberrypi/rp2040/dcd_rp2040.c.o
                0x10013b84                dcd_sof_enable
 .text.dcd_edpt0_status_complete
                0x10013ba0       0x1c CMakeFiles/test.dir/home/Tashifeen/pico-sdk/lib/tinyusb/src/portable/raspberrypi/rp2040/dcd_rp2040.c.o
                0x10013ba0                dcd_edpt0_status_complete
 .text.dcd_edpt_open
                0x10013bbc      0x114 CMakeFiles/test.dir/home/Tashifeen/pico-sdk/lib/tinyusb/src/portable/raspberrypi/rp2040/dcd_rp2040.c.o
                0x10013bbc                dcd_edpt_open
 .text.dcd_edpt_close_all
                0x10013cd0        0x8 CMakeFiles/test.dir/home/Tashifeen/pico-sdk/lib/tinyusb/src/portable/raspberrypi/rp2040/dcd_rp2040.c.o
                0x10013cd0                dcd_edpt_close_all
 .text.dcd_edpt_xfer
                0x10013cd8       0x24 CMakeFiles/test.dir/home/Tashifeen/pico-sdk/lib/tinyusb/src/portable/raspberrypi/rp2040/dcd_rp2040.c.o
                0x10013cd8                dcd_edpt_xfer
 .text.dcd_edpt_stall
                0x10013cfc       0x3c CMakeFiles/test.dir/home/Tashifeen/pico-sdk/lib/tinyusb/src/portable/raspberrypi/rp2040/dcd_rp2040.c.o
                0x10013cfc                dcd_edpt_stall
 .text.dcd_edpt_clear_stall
                0x10013d38       0x30 CMakeFiles/test.dir/home/Tashifeen/pico-sdk/lib/tinyusb/src/portable/raspberrypi/rp2040/dcd_rp2040.c.o
                0x10013d38                dcd_edpt_clear_stall
 .text.rp2040_usb_init
                0x10013d68       0x40 CMakeFiles/test.dir/home/Tashifeen/pico-sdk/lib/tinyusb/src/portable/raspberrypi/rp2040/rp2040_usb.c.o
                0x10013d68                rp2040_usb_init
 .text.hw_endpoint_xfer_start
                0x10013da8       0x40 CMakeFiles/test.dir/home/Tashifeen/pico-sdk/lib/tinyusb/src/portable/raspberrypi/rp2040/rp2040_usb.c.o
                0x10013da8                hw_endpoint_xfer_start
 .text.tud_event_hook_cb
                0x10013de8        0x4 CMakeFiles/test.dir/home/Tashifeen/pico-sdk/lib/tinyusb/src/device/usbd.c.o
                0x10013de8                tud_event_hook_cb
 .text.tud_sof_cb
                0x10013dec        0x4 CMakeFiles/test.dir/home/Tashifeen/pico-sdk/lib/tinyusb/src/device/usbd.c.o
                0x10013dec                tud_sof_cb
 .text.tud_descriptor_device_qualifier_cb
                0x10013df0        0x4 CMakeFiles/test.dir/home/Tashifeen/pico-sdk/lib/tinyusb/src/device/usbd.c.o
                0x10013df0                tud_descriptor_device_qualifier_cb
 .text.tud_descriptor_other_speed_configuration_cb
                0x10013df4        0x4 CMakeFiles/test.dir/home/Tashifeen/pico-sdk/lib/tinyusb/src/device/usbd.c.o
                0x10013df4                tud_descriptor_other_speed_configuration_cb
 .text.tud_mount_cb
                0x10013df8        0x4 CMakeFiles/test.dir/home/Tashifeen/pico-sdk/lib/tinyusb/src/device/usbd.c.o
                0x10013df8                tud_mount_cb
 .text.tud_umount_cb
                0x10013dfc        0x4 CMakeFiles/test.dir/home/Tashifeen/pico-sdk/lib/tinyusb/src/device/usbd.c.o
                0x10013dfc                tud_umount_cb
 .text.tud_suspend_cb
                0x10013e00        0x4 CMakeFiles/test.dir/home/Tashifeen/pico-sdk/lib/tinyusb/src/device/usbd.c.o
                0x10013e00                tud_suspend_cb
 .text.tud_resume_cb
                0x10013e04        0x4 CMakeFiles/test.dir/home/Tashifeen/pico-sdk/lib/tinyusb/src/device/usbd.c.o
                0x10013e04                tud_resume_cb
 .text.tud_mounted
                0x10013e08       0x10 CMakeFiles/test.dir/home/Tashifeen/pico-sdk/lib/tinyusb/src/device/usbd.c.o
                0x10013e08                tud_mounted
 .text.tud_suspended
                0x10013e18       0x10 CMakeFiles/test.dir/home/Tashifeen/pico-sdk/lib/tinyusb/src/device/usbd.c.o
                0x10013e18                tud_suspended
 .text.tud_rhport_init
                0x10013e28       0xf4 CMakeFiles/test.dir/home/Tashifeen/pico-sdk/lib/tinyusb/src/device/usbd.c.o
                0x10013e28                tud_rhport_init
 .text.tud_task_ext
                0x10013f1c      0x800 CMakeFiles/test.dir/home/Tashifeen/pico-sdk/lib/tinyusb/src/device/usbd.c.o
                0x10013f1c                tud_task_ext
 .text.usbd_open_edpt_pair
                0x1001471c       0x9c CMakeFiles/test.dir/home/Tashifeen/pico-sdk/lib/tinyusb/src/device/usbd.c.o
                0x1001471c                usbd_open_edpt_pair
 .text.usbd_edpt_open